Archive member included to satisfy reference by file (symbol)

D:/STM32CubeIDE_1.17.0/STM32CubeIDE/plugins/com.st.stm32cube.ide.mcu.externaltools.gnu-tools-for-stm32.13.3.rel1.win32_1.0.0.202411081344/tools/bin/../lib/gcc/arm-none-eabi/13.3.1/../../../../arm-none-eabi/lib/thumb/v7e-m+fp/hard\libc_nano.a(libc_a-exit.o)
                              D:/STM32CubeIDE_1.17.0/STM32CubeIDE/plugins/com.st.stm32cube.ide.mcu.externaltools.gnu-tools-for-stm32.13.3.rel1.win32_1.0.0.202411081344/tools/bin/../lib/gcc/arm-none-eabi/13.3.1/../../../../arm-none-eabi/lib/thumb/v7e-m+fp/hard/crt0.o (exit)
D:/STM32CubeIDE_1.17.0/STM32CubeIDE/plugins/com.st.stm32cube.ide.mcu.externaltools.gnu-tools-for-stm32.13.3.rel1.win32_1.0.0.202411081344/tools/bin/../lib/gcc/arm-none-eabi/13.3.1/../../../../arm-none-eabi/lib/thumb/v7e-m+fp/hard\libc_nano.a(libc_a-findfp.o)
                              D:/STM32CubeIDE_1.17.0/STM32CubeIDE/plugins/com.st.stm32cube.ide.mcu.externaltools.gnu-tools-for-stm32.13.3.rel1.win32_1.0.0.202411081344/tools/bin/../lib/gcc/arm-none-eabi/13.3.1/../../../../arm-none-eabi/lib/thumb/v7e-m+fp/hard\libc_nano.a(libc_a-exit.o) (__stdio_exit_handler)
D:/STM32CubeIDE_1.17.0/STM32CubeIDE/plugins/com.st.stm32cube.ide.mcu.externaltools.gnu-tools-for-stm32.13.3.rel1.win32_1.0.0.202411081344/tools/bin/../lib/gcc/arm-none-eabi/13.3.1/../../../../arm-none-eabi/lib/thumb/v7e-m+fp/hard\libc_nano.a(libc_a-fwalk.o)
                              D:/STM32CubeIDE_1.17.0/STM32CubeIDE/plugins/com.st.stm32cube.ide.mcu.externaltools.gnu-tools-for-stm32.13.3.rel1.win32_1.0.0.202411081344/tools/bin/../lib/gcc/arm-none-eabi/13.3.1/../../../../arm-none-eabi/lib/thumb/v7e-m+fp/hard\libc_nano.a(libc_a-findfp.o) (_fwalk_sglue)
D:/STM32CubeIDE_1.17.0/STM32CubeIDE/plugins/com.st.stm32cube.ide.mcu.externaltools.gnu-tools-for-stm32.13.3.rel1.win32_1.0.0.202411081344/tools/bin/../lib/gcc/arm-none-eabi/13.3.1/../../../../arm-none-eabi/lib/thumb/v7e-m+fp/hard\libc_nano.a(libc_a-printf.o)
                              ./Core/Src/main.o (printf)
D:/STM32CubeIDE_1.17.0/STM32CubeIDE/plugins/com.st.stm32cube.ide.mcu.externaltools.gnu-tools-for-stm32.13.3.rel1.win32_1.0.0.202411081344/tools/bin/../lib/gcc/arm-none-eabi/13.3.1/../../../../arm-none-eabi/lib/thumb/v7e-m+fp/hard\libc_nano.a(libc_a-puts.o)
                              ./Core/Src/main.o (puts)
D:/STM32CubeIDE_1.17.0/STM32CubeIDE/plugins/com.st.stm32cube.ide.mcu.externaltools.gnu-tools-for-stm32.13.3.rel1.win32_1.0.0.202411081344/tools/bin/../lib/gcc/arm-none-eabi/13.3.1/../../../../arm-none-eabi/lib/thumb/v7e-m+fp/hard\libc_nano.a(libc_a-setbuf.o)
                              ./Core/Src/main.o (setbuf)
D:/STM32CubeIDE_1.17.0/STM32CubeIDE/plugins/com.st.stm32cube.ide.mcu.externaltools.gnu-tools-for-stm32.13.3.rel1.win32_1.0.0.202411081344/tools/bin/../lib/gcc/arm-none-eabi/13.3.1/../../../../arm-none-eabi/lib/thumb/v7e-m+fp/hard\libc_nano.a(libc_a-setvbuf.o)
                              D:/STM32CubeIDE_1.17.0/STM32CubeIDE/plugins/com.st.stm32cube.ide.mcu.externaltools.gnu-tools-for-stm32.13.3.rel1.win32_1.0.0.202411081344/tools/bin/../lib/gcc/arm-none-eabi/13.3.1/../../../../arm-none-eabi/lib/thumb/v7e-m+fp/hard\libc_nano.a(libc_a-setbuf.o) (setvbuf)
D:/STM32CubeIDE_1.17.0/STM32CubeIDE/plugins/com.st.stm32cube.ide.mcu.externaltools.gnu-tools-for-stm32.13.3.rel1.win32_1.0.0.202411081344/tools/bin/../lib/gcc/arm-none-eabi/13.3.1/../../../../arm-none-eabi/lib/thumb/v7e-m+fp/hard\libc_nano.a(libc_a-snprintf.o)
                              ./Core/Src/w5500/MQTTC/MQTTFormat.o (snprintf)
D:/STM32CubeIDE_1.17.0/STM32CubeIDE/plugins/com.st.stm32cube.ide.mcu.externaltools.gnu-tools-for-stm32.13.3.rel1.win32_1.0.0.202411081344/tools/bin/../lib/gcc/arm-none-eabi/13.3.1/../../../../arm-none-eabi/lib/thumb/v7e-m+fp/hard\libc_nano.a(libc_a-stdio.o)
                              D:/STM32CubeIDE_1.17.0/STM32CubeIDE/plugins/com.st.stm32cube.ide.mcu.externaltools.gnu-tools-for-stm32.13.3.rel1.win32_1.0.0.202411081344/tools/bin/../lib/gcc/arm-none-eabi/13.3.1/../../../../arm-none-eabi/lib/thumb/v7e-m+fp/hard\libc_nano.a(libc_a-findfp.o) (__sread)
D:/STM32CubeIDE_1.17.0/STM32CubeIDE/plugins/com.st.stm32cube.ide.mcu.externaltools.gnu-tools-for-stm32.13.3.rel1.win32_1.0.0.202411081344/tools/bin/../lib/gcc/arm-none-eabi/13.3.1/../../../../arm-none-eabi/lib/thumb/v7e-m+fp/hard\libc_nano.a(libc_a-wbuf.o)
                              D:/STM32CubeIDE_1.17.0/STM32CubeIDE/plugins/com.st.stm32cube.ide.mcu.externaltools.gnu-tools-for-stm32.13.3.rel1.win32_1.0.0.202411081344/tools/bin/../lib/gcc/arm-none-eabi/13.3.1/../../../../arm-none-eabi/lib/thumb/v7e-m+fp/hard\libc_nano.a(libc_a-puts.o) (__swbuf_r)
D:/STM32CubeIDE_1.17.0/STM32CubeIDE/plugins/com.st.stm32cube.ide.mcu.externaltools.gnu-tools-for-stm32.13.3.rel1.win32_1.0.0.202411081344/tools/bin/../lib/gcc/arm-none-eabi/13.3.1/../../../../arm-none-eabi/lib/thumb/v7e-m+fp/hard\libc_nano.a(libc_a-wsetup.o)
[...]
Memory Configuration

Name             Origin             Length             Attributes
RAM              0x20000000         0x00020000         xrw
FLASH            0x08000000         0x00080000         xr
*default*        0x00000000         0xffffffff

Linker script and memory map

LOAD D:/STM32CubeIDE_1.17.0/STM32CubeIDE/plugins/com.st.stm32cube.ide.mcu.externaltools.gnu-tools-for-stm32.13.3.rel1.win32_1.0.0.202411081344/tools/bin/../lib/gcc/arm-none-eabi/13.3.1/thumb/v7e-m+fp/hard/crti.o
LOAD D:/STM32CubeIDE_1.17.0/STM32CubeIDE/plugins/com.st.stm32cube.ide.mcu.externaltools.gnu-tools-for-stm32.13.3.rel1.win32_1.0.0.202411081344/tools/bin/../lib/gcc/arm-none-eabi/13.3.1/thumb/v7e-m+fp/hard/crtbegin.o
LOAD D:/STM32CubeIDE_1.17.0/STM32CubeIDE/plugins/com.st.stm32cube.ide.mcu.externaltools.gnu-tools-for-stm32.13.3.rel1.win32_1.0.0.202411081344/tools/bin/../lib/gcc/arm-none-eabi/13.3.1/../../../../arm-none-eabi/lib/thumb/v7e-m+fp/hard/crt0.o
LOAD ./Core/Src/gpio.o
LOAD ./Core/Src/main.o
LOAD ./Core/Src/spi.o
LOAD ./Core/Src/stm32f4xx_hal_msp.o
LOAD ./Core/Src/stm32f4xx_it.o
LOAD ./Core/Src/syscalls.o
LOAD ./Core/Src/sysmem.o
LOAD ./Core/Src/system_stm32f4xx.o
LOAD ./Core/Src/usart.o
LOAD ./Core/Src/w5500/MQTTC/MQTTClient.o
LOAD ./Core/Src/w5500/MQTTC/MQTTConnectClient.o
LOAD ./Core/Src/w5500/MQTTC/MQTTConnectServer.o
LOAD ./Core/Src/w5500/MQTTC/MQTTDeserializePublish.o
LOAD ./Core/Src/w5500/MQTTC/MQTTFormat.o
LOAD ./Core/Src/w5500/MQTTC/MQTTPacket.o
LOAD ./Core/Src/w5500/MQTTC/MQTTSerializePublish.o
LOAD ./Core/Src/w5500/MQTTC/MQTTSubscribeClient.o
LOAD ./Core/Src/w5500/MQTTC/MQTTSubscribeServer.o
LOAD ./Core/Src/w5500/MQTTC/MQTTUnsubscribeClient.o
LOAD ./Core/Src/w5500/MQTTC/MQTTUnsubscribeServer.o
LOAD ./Core/Src/w5500/MQTTC/mqtt_interface.o
LOAD ./Core/Src/w5500/W5500/w5500.o
LOAD ./Core/Src/w5500/socket.o
LOAD ./Core/Src/w5500/w5500_spi.o
LOAD ./Core/Src/w5500/wizchip_conf.o
LOAD ./Core/Startup/startup_stm32f446retx.o
LOAD ./Drivers/STM32F4xx_HAL_Driver/Src/stm32f4xx_hal.o
LOAD ./Drivers/STM32F4xx_HAL_Driver/Src/stm32f4xx_hal_cortex.o
LOAD ./Drivers/STM32F4xx_HAL_Driver/Src/stm32f4xx_hal_dma.o
LOAD ./Drivers/STM32F4xx_HAL_Driver/Src/stm32f4xx_hal_dma_ex.o
LOAD ./Drivers/STM32F4xx_HAL_Driver/Src/stm32f4xx_hal_exti.o
LOAD ./Drivers/STM32F4xx_HAL_Driver/Src/stm32f4xx_hal_flash.o
LOAD ./Drivers/STM32F4xx_HAL_Driver/Src/stm32f4xx_hal_flash_ex.o
LOAD ./Drivers/STM32F4xx_HAL_Driver/Src/stm32f4xx_hal_flash_ramfunc.o
LOAD ./Drivers/STM32F4xx_HAL_Driver/Src/stm32f4xx_hal_gpio.o
LOAD ./Drivers/STM32F4xx_HAL_Driver/Src/stm32f4xx_hal_pwr.o
LOAD ./Drivers/STM32F4xx_HAL_Driver/Src/stm32f4xx_hal_pwr_ex.o
LOAD ./Drivers/STM32F4xx_HAL_Driver/Src/stm32f4xx_hal_rcc.o
LOAD ./Drivers/STM32F4xx_HAL_Driver/Src/stm32f4xx_hal_rcc_ex.o
LOAD ./Drivers/STM32F4xx_HAL_Driver/Src/stm32f4xx_hal_spi.o
LOAD ./Drivers/STM32F4xx_HAL_Driver/Src/stm32f4xx_hal_uart.o
START GROUP
LOAD D:/STM32CubeIDE_1.17.0/STM32CubeIDE/plugins/com.st.stm32cube.ide.mcu.externaltools.gnu-tools-for-stm32.13.3.rel1.win32_1.0.0.202411081344/tools/bin/../lib/gcc/arm-none-eabi/13.3.1/../../../../arm-none-eabi/lib/thumb/v7e-m+fp/hard\libc_nano.a
LOAD D:/STM32CubeIDE_1.17.0/STM32CubeIDE/plugins/com.st.stm32cube.ide.mcu.externaltools.gnu-tools-for-stm32.13.3.rel1.win32_1.0.0.202411081344/tools/bin/../lib/gcc/arm-none-eabi/13.3.1/../../../../arm-none-eabi/lib/thumb/v7e-m+fp/hard\libm.a
END GROUP
START GROUP
LOAD D:/STM32CubeIDE_1.17.0/STM32CubeIDE/plugins/com.st.stm32cube.ide.mcu.externaltools.gnu-tools-for-stm32.13.3.rel1.win32_1.0.0.202411081344/tools/bin/../lib/gcc/arm-none-eabi/13.3.1/thumb/v7e-m+fp/hard\libgcc.a
LOAD D:/STM32CubeIDE_1.17.0/STM32CubeIDE/plugins/com.st.stm32cube.ide.mcu.externaltools.gnu-tools-for-stm32.13.3.rel1.win32_1.0.0.202411081344/tools/bin/../lib/gcc/arm-none-eabi/13.3.1/../../../../arm-none-eabi/lib/thumb/v7e-m+fp/hard\libc_nano.a
END GROUP
START GROUP
LOAD D:/STM32CubeIDE_1.17.0/STM32CubeIDE/plugins/com.st.stm32cube.ide.mcu.externaltools.gnu-tools-for-stm32.13.3.rel1.win32_1.0.0.202411081344/tools/bin/../lib/gcc/arm-none-eabi/13.3.1/thumb/v7e-m+fp/hard\libgcc.a
LOAD D:/STM32CubeIDE_1.17.0/STM32CubeIDE/plugins/com.st.stm32cube.ide.mcu.externaltools.gnu-tools-for-stm32.13.3.rel1.win32_1.0.0.202411081344/tools/bin/../lib/gcc/arm-none-eabi/13.3.1/../../../../arm-none-eabi/lib/thumb/v7e-m+fp/hard\libc_nano.a
LOAD D:/STM32CubeIDE_1.17.0/STM32CubeIDE/plugins/com.st.stm32cube.ide.mcu.externaltools.gnu-tools-for-stm32.13.3.rel1.win32_1.0.0.202411081344/tools/bin/../lib/gcc/arm-none-eabi/13.3.1/../../../../arm-none-eabi/lib/thumb/v7e-m+fp/hard\libnosys.a
END GROUP
START GROUP
LOAD D:/STM32CubeIDE_1.17.0/STM32CubeIDE/plugins/com.st.stm32cube.ide.mcu.externaltools.gnu-tools-for-stm32.13.3.rel1.win32_1.0.0.202411081344/tools/bin/../lib/gcc/arm-none-eabi/13.3.1/thumb/v7e-m+fp/hard\libgcc.a
LOAD D:/STM32CubeIDE_1.17.0/STM32CubeIDE/plugins/com.st.stm32cube.ide.mcu.externaltools.gnu-tools-for-stm32.13.3.rel1.win32_1.0.0.202411081344/tools/bin/../lib/gcc/arm-none-eabi/13.3.1/../../../../arm-none-eabi/lib/thumb/v7e-m+fp/hard\libc_nano.a
LOAD D:/STM32CubeIDE_1.17.0/STM32CubeIDE/plugins/com.st.stm32cube.ide.mcu.externaltools.gnu-tools-for-stm32.13.3.rel1.win32_1.0.0.202411081344/tools/bin/../lib/gcc/arm-none-eabi/13.3.1/../../../../arm-none-eabi/lib/thumb/v7e-m+fp/hard\libnosys.a
END GROUP
LOAD D:/STM32CubeIDE_1.17.0/STM32CubeIDE/plugins/com.st.stm32cube.ide.mcu.externaltools.gnu-tools-for-stm32.13.3.rel1.win32_1.0.0.202411081344/tools/bin/../lib/gcc/arm-none-eabi/13.3.1/thumb/v7e-m+fp/hard/crtend.o
LOAD D:/STM32CubeIDE_1.17.0/STM32CubeIDE/plugins/com.st.stm32cube.ide.mcu.externaltools.gnu-tools-for-stm32.13.3.rel1.win32_1.0.0.202411081344/tools/bin/../lib/gcc/arm-none-eabi/13.3.1/thumb/v7e-m+fp/hard/crtn.o
                0x20020000                        _estack = (ORIGIN (RAM) + LENGTH (RAM))
                0x00000200                        _Min_Heap_Size = 0x200
                0x00000400                        _Min_Stack_Size = 0x400

.isr_vector     0x08000000      0x1c4
                0x08000000                        . = ALIGN (0x4)
 *(.isr_vector)
 .isr_vector    0x08000000      0x1c4 ./Core/Startup/startup_stm32f446retx.o
                0x08000000                g_pfnVectors
                0x080001c4                        . = ALIGN (0x4)

.text           0x080001d0     0x5168
                0x080001d0                        . = ALIGN (0x4)
 *(.text)
 .text          0x080001d0       0x40 D:/STM32CubeIDE_1.17.0/STM32CubeIDE/plugins/com.st.stm32cube.ide.mcu.externaltools.gnu-tools-for-stm32.13.3.rel1.win32_1.0.0.202411081344/tools/bin/../lib/gcc/arm-none-eabi/13.3.1/thumb/v7e-m+fp/hard/crtbegin.o
 .text          0x08000210       0x14 D:/STM32CubeIDE_1.17.0/STM32CubeIDE/plugins/com.st.stm32cube.ide.mcu.externaltools.gnu-tools-for-stm32.13.3.rel1.win32_1.0.0.202411081344/tools/bin/../lib/gcc/arm-none-eabi/13.3.1/../../../../arm-none-eabi/lib/thumb/v7e-m+fp/hard\libc_nano.a(libc_a-strcmp.o)
                0x08000210                strcmp
 *fill*         0x08000224        0xc 
 .text          0x08000230       0xa0 D:/STM32CubeIDE_1.17.0/STM32CubeIDE/plugins/com.st.stm32cube.ide.mcu.externaltools.gnu-tools-for-stm32.13.3.rel1.win32_1.0.0.202411081344/tools/bin/../lib/gcc/arm-none-eabi/13.3.1/../../../../arm-none-eabi/lib/thumb/v7e-m+fp/hard\libc_nano.a(libc_a-memchr.o)
                0x08000230                memchr
 .text          0x080002d0       0x30 D:/STM32CubeIDE_1.17.0/STM32CubeIDE/plugins/com.st.stm32cube.ide.mcu.externaltools.gnu-tools-for-stm32.13.3.rel1.win32_1.0.0.202411081344/tools/bin/../lib/gcc/arm-none-eabi/13.3.1/thumb/v7e-m+fp/hard\libgcc.a(_aeabi_uldivmod.o)
                0x080002d0                __aeabi_uldivmod
 .text          0x08000300      0x2f8 D:/STM32CubeIDE_1.17.0/STM32CubeIDE/plugins/com.st.stm32cube.ide.mcu.externaltools.gnu-tools-for-stm32.13.3.rel1.win32_1.0.0.202411081344/tools/bin/../lib/gcc/arm-none-eabi/13.3.1/thumb/v7e-m+fp/hard\libgcc.a(_udivmoddi4.o)
                0x08000300                __udivmoddi4
 .text          0x080005f8        0x4 D:/STM32CubeIDE_1.17.0/STM32CubeIDE/plugins/com.st.stm32cube.ide.mcu.externaltools.gnu-tools-for-stm32.13.3.rel1.win32_1.0.0.202411081344/tools/bin/../lib/gcc/arm-none-eabi/13.3.1/thumb/v7e-m+fp/hard\libgcc.a(_dvmd_tls.o)
                0x080005f8                __aeabi_idiv0
                0x080005f8                __aeabi_ldiv0
 *(.text*)
 .text.MX_GPIO_Init
                0x080005fc       0xdc ./Core/Src/gpio.o
                0x080005fc                MX_GPIO_Init
 .text.main     0x080006d8      0x1ec ./Core/Src/main.o
                0x080006d8                main
 .text.SystemClock_Config
                0x080008c4       0xd8 ./Core/Src/main.o
                0x080008c4                SystemClock_Config
 .text.UWriteData
                0x0800099c       0x34 ./Core/Src/main.o
 .text.__io_putchar
                0x080009d0       0x1c ./Core/Src/main.o
                0x080009d0                __io_putchar
 .text.PHYStatusCheck
                0x080009ec       0x4c ./Core/Src/main.o
 .text.PrintPHYConf
                0x08000a38       0x88 ./Core/Src/main.o
 .text.Error_Handler
                0x08000ac0        0xc ./Core/Src/main.o
                0x08000ac0                Error_Handler
 .text.MX_SPI2_Init
                0x08000acc       0x6c ./Core/Src/spi.o
                0x08000acc                MX_SPI2_Init
 .text.HAL_SPI_MspInit
                0x08000b38       0xf0 ./Core/Src/spi.o
                0x08000b38                HAL_SPI_MspInit
 .text.HAL_MspInit
                0x08000c28       0x50 ./Core/Src/stm32f4xx_hal_msp.o
                0x08000c28                HAL_MspInit
 .text.NMI_Handler
                0x08000c78        0x8 ./Core/Src/stm32f4xx_it.o
                0x08000c78                NMI_Handler
 .text.HardFault_Handler
                0x08000c80        0x8 ./Core/Src/stm32f4xx_it.o
                0x08000c80                HardFault_Handler
 .text.MemManage_Handler
                0x08000c88        0x8 ./Core/Src/stm32f4xx_it.o
                0x08000c88                MemManage_Handler
 .text.BusFault_Handler
                0x08000c90        0x8 ./Core/Src/stm32f4xx_it.o
                0x08000c90                BusFault_Handler
 .text.UsageFault_Handler
                0x08000c98        0x8 ./Core/Src/stm32f4xx_it.o
                0x08000c98                UsageFault_Handler
 .text.SVC_Handler
                0x08000ca0        0xe ./Core/Src/stm32f4xx_it.o
                0x08000ca0                SVC_Handler
 .text.DebugMon_Handler
                0x08000cae        0xe ./Core/Src/stm32f4xx_it.o
                0x08000cae                DebugMon_Handler
 .text.PendSV_Handler
                0x08000cbc        0xe ./Core/Src/stm32f4xx_it.o
                0x08000cbc                PendSV_Handler
 .text.SysTick_Handler
                0x08000cca        0xc ./Core/Src/stm32f4xx_it.o
                0x08000cca                SysTick_Handler
 .text._read    0x08000cd6       0x3a ./Core/Src/syscalls.o
                0x08000cd6                _read
 .text._write   0x08000d10       0x38 ./Core/Src/syscalls.o
                0x08000d10                _write
 .text._close   0x08000d48       0x18 ./Core/Src/syscalls.o
                0x08000d48                _close
 .text._fstat   0x08000d60       0x20 ./Core/Src/syscalls.o
                0x08000d60                _fstat
 .text._isatty  0x08000d80       0x16 ./Core/Src/syscalls.o
                0x08000d80                _isatty
 .text._lseek   0x08000d96       0x1a ./Core/Src/syscalls.o
                0x08000d96                _lseek
 .text._sbrk    0x08000db0       0x6c ./Core/Src/sysmem.o
                0x08000db0                _sbrk
 .text.SystemInit
                0x08000e1c       0x24 ./Core/Src/system_stm32f4xx.o
                0x08000e1c                SystemInit
 .text.MX_USART2_UART_Init
                0x08000e40       0x54 ./Core/Src/usart.o
                0x08000e40                MX_USART2_UART_Init
 .text.HAL_UART_MspInit
                0x08000e94       0x90 ./Core/Src/usart.o
                0x08000e94                HAL_UART_MspInit
 .text.WIZCHIP_READ
                0x08000f24       0x98 ./Core/Src/w5500/W5500/w5500.o
                0x08000f24                WIZCHIP_READ
 .text.WIZCHIP_WRITE
                0x08000fbc       0x9c ./Core/Src/w5500/W5500/w5500.o
                0x08000fbc                WIZCHIP_WRITE
 .text.WIZCHIP_READ_BUF
                0x08001058       0xc0 ./Core/Src/w5500/W5500/w5500.o
                0x08001058                WIZCHIP_READ_BUF
 .text.WIZCHIP_WRITE_BUF
                0x08001118       0xc0 ./Core/Src/w5500/W5500/w5500.o
                0x08001118                WIZCHIP_WRITE_BUF
 .text.getSn_TX_FSR
                0x080011d8       0x92 ./Core/Src/w5500/W5500/w5500.o
                0x080011d8                getSn_TX_FSR
 .text.getSn_RX_RSR
                0x0800126a       0x92 ./Core/Src/w5500/W5500/w5500.o
                0x0800126a                getSn_RX_RSR
 .text.wiz_send_data
                0x080012fc       0xb4 ./Core/Src/w5500/W5500/w5500.o
                0x080012fc                wiz_send_data
 .text.wiz_recv_data
                0x080013b0       0xb4 ./Core/Src/w5500/W5500/w5500.o
                0x080013b0                wiz_recv_data
 .text.socket   0x08001464      0x268 ./Core/Src/w5500/socket.o
                0x08001464                socket
 .text.close    0x080016cc       0xdc ./Core/Src/w5500/socket.o
                0x080016cc                close
 .text.listen   0x080017a8       0xb2 ./Core/Src/w5500/socket.o
                0x080017a8                listen
 *fill*         0x0800185a        0x2 
 .text.disconnect
                0x0800185c      0x104 ./Core/Src/w5500/socket.o
                0x0800185c                disconnect
 .text.send     0x08001960      0x2a8 ./Core/Src/w5500/socket.o
                0x08001960                send
 .text.recv     0x08001c08      0x164 ./Core/Src/w5500/socket.o
                0x08001c08                recv
 .text.ctlsocket
                0x08001d6c      0x1ac ./Core/Src/w5500/socket.o
                0x08001d6c                ctlsocket
 .text.wizchip_cris_enter
                0x08001f18        0xe ./Core/Src/w5500/wizchip_conf.o
                0x08001f18                wizchip_cris_enter
 .text.wizchip_cris_exit
                0x08001f26        0xe ./Core/Src/w5500/wizchip_conf.o
                0x08001f26                wizchip_cris_exit
 .text.wizchip_cs_select
                0x08001f34        0xe ./Core/Src/w5500/wizchip_conf.o
                0x08001f34                wizchip_cs_select
 .text.wizchip_cs_deselect
                0x08001f42        0xe ./Core/Src/w5500/wizchip_conf.o
                0x08001f42                wizchip_cs_deselect
 .text.wizchip_bus_readdata
                0x08001f50       0x1a ./Core/Src/w5500/wizchip_conf.o
                0x08001f50                wizchip_bus_readdata
 .text.wizchip_bus_writedata
                0x08001f6a       0x1e ./Core/Src/w5500/wizchip_conf.o
                0x08001f6a                wizchip_bus_writedata
 .text.ctlwizchip
                0x08001f88      0x1e0 ./Core/Src/w5500/wizchip_conf.o
                0x08001f88                ctlwizchip
 .text.ctlnetwork
                0x08002168       0x7c ./Core/Src/w5500/wizchip_conf.o
                0x08002168                ctlnetwork
 .text.wizchip_sw_reset
                0x080021e4       0x98 ./Core/Src/w5500/wizchip_conf.o
                0x080021e4                wizchip_sw_reset
 .text.wizchip_init
                0x0800227c      0x118 ./Core/Src/w5500/wizchip_conf.o
                0x0800227c                wizchip_init
 .text.wizchip_clrinterrupt
                0x08002394       0x68 ./Core/Src/w5500/wizchip_conf.o
                0x08002394                wizchip_clrinterrupt
 .text.wizchip_getinterrupt
                0x080023fc       0x48 ./Core/Src/w5500/wizchip_conf.o
                0x080023fc                wizchip_getinterrupt
 .text.wizchip_setinterruptmask
                0x08002444       0x36 ./Core/Src/w5500/wizchip_conf.o
                0x08002444                wizchip_setinterruptmask
 .text.wizchip_getinterruptmask
                0x0800247a       0x44 ./Core/Src/w5500/wizchip_conf.o
                0x0800247a                wizchip_getinterruptmask
 .text.wizphy_getphylink
                0x080024be       0x2c ./Core/Src/w5500/wizchip_conf.o
                0x080024be                wizphy_getphylink
 .text.wizphy_getphypmode
                0x080024ea       0x32 ./Core/Src/w5500/wizchip_conf.o
                0x080024ea                wizphy_getphypmode
 .text.wizphy_reset
                0x0800251c       0x4e ./Core/Src/w5500/wizchip_conf.o
                0x0800251c                wizphy_reset
 .text.wizphy_setphyconf
                0x0800256a       0x84 ./Core/Src/w5500/wizchip_conf.o
                0x0800256a                wizphy_setphyconf
 *fill*         0x080025ee        0x2 
 .text.wizphy_getphyconf
                0x080025f0       0xd4 ./Core/Src/w5500/wizchip_conf.o
                0x080025f0                wizphy_getphyconf
 .text.wizphy_getphystat
                0x080026c4       0x3c ./Core/Src/w5500/wizchip_conf.o
                0x080026c4                wizphy_getphystat
 .text.wizphy_setphypmode
                0x08002700       0x94 ./Core/Src/w5500/wizchip_conf.o
                0x08002700                wizphy_setphypmode
 .text.wizchip_setnetinfo
                0x08002794       0x80 ./Core/Src/w5500/wizchip_conf.o
                0x08002794                wizchip_setnetinfo
 .text.wizchip_getnetinfo
                0x08002814       0x80 ./Core/Src/w5500/wizchip_conf.o
                0x08002814                wizchip_getnetinfo
 .text.wizchip_setnetmode
                0x08002894       0x44 ./Core/Src/w5500/wizchip_conf.o
                0x08002894                wizchip_setnetmode
 .text.wizchip_getnetmode
                0x080028d8       0x10 ./Core/Src/w5500/wizchip_conf.o
                0x080028d8                wizchip_getnetmode
 .text.wizchip_settimeout
                0x080028e8       0x42 ./Core/Src/w5500/wizchip_conf.o
                0x080028e8                wizchip_settimeout
 .text.wizchip_gettimeout
                0x0800292a       0x40 ./Core/Src/w5500/wizchip_conf.o
                0x0800292a                wizchip_gettimeout
 *fill*         0x0800296a        0x2 
 .text.Reset_Handler
                0x0800296c       0x50 ./Core/Startup/startup_stm32f446retx.o
                0x0800296c                Reset_Handler
 .text.Default_Handler
                0x080029bc        0x2 ./Core/Startup/startup_stm32f446retx.o
                0x080029bc                RTC_Alarm_IRQHandler
                0x080029bc                EXTI2_IRQHandler
                0x080029bc                TIM8_CC_IRQHandler
                0x080029bc                FMPI2C1_EV_IRQHandler
                0x080029bc                SPI4_IRQHandler
                0x080029bc                TIM1_CC_IRQHandler
                0x080029bc                DMA2_Stream5_IRQHandler
                0x080029bc                DMA1_Stream5_IRQHandler
                0x080029bc                PVD_IRQHandler
                0x080029bc                SDIO_IRQHandler
                0x080029bc                TAMP_STAMP_IRQHandler
                0x080029bc                CAN2_RX1_IRQHandler
                0x080029bc                EXTI3_IRQHandler
                0x080029bc                TIM8_TRG_COM_TIM14_IRQHandler
                0x080029bc                TIM1_UP_TIM10_IRQHandler
                0x080029bc                TIM8_UP_TIM13_IRQHandler
                0x080029bc                I2C3_ER_IRQHandler
                0x080029bc                EXTI0_IRQHandler
                0x080029bc                I2C2_EV_IRQHandler
                0x080029bc                DMA1_Stream2_IRQHandler
                0x080029bc                CAN1_RX0_IRQHandler
                0x080029bc                FPU_IRQHandler
                0x080029bc                OTG_HS_WKUP_IRQHandler
                0x080029bc                CAN2_SCE_IRQHandler
                0x080029bc                DMA2_Stream2_IRQHandler
                0x080029bc                SPI1_IRQHandler
                0x080029bc                TIM6_DAC_IRQHandler
                0x080029bc                TIM1_BRK_TIM9_IRQHandler
                0x080029bc                DCMI_IRQHandler
                0x080029bc                CAN2_RX0_IRQHandler
                0x080029bc                DMA2_Stream3_IRQHandler
                0x080029bc                SAI2_IRQHandler
                0x080029bc                USART6_IRQHandler
                0x080029bc                USART3_IRQHandler
                0x080029bc                CAN1_RX1_IRQHandler
                0x080029bc                UART5_IRQHandler
                0x080029bc                DMA2_Stream0_IRQHandler
                0x080029bc                TIM4_IRQHandler
                0x080029bc                QUADSPI_IRQHandler
                0x080029bc                I2C1_EV_IRQHandler
                0x080029bc                DMA1_Stream6_IRQHandler
                0x080029bc                DMA1_Stream1_IRQHandler
                0x080029bc                UART4_IRQHandler
                0x080029bc                TIM3_IRQHandler
                0x080029bc                RCC_IRQHandler
                0x080029bc                TIM8_BRK_TIM12_IRQHandler
                0x080029bc                Default_Handler
                0x080029bc                CEC_IRQHandler
                0x080029bc                EXTI15_10_IRQHandler
                0x080029bc                ADC_IRQHandler
                0x080029bc                DMA1_Stream7_IRQHandler
                0x080029bc                TIM7_IRQHandler
                0x080029bc                CAN2_TX_IRQHandler
                0x080029bc                TIM5_IRQHandler
                0x080029bc                DMA2_Stream7_IRQHandler
                0x080029bc                I2C3_EV_IRQHandler
                0x080029bc                EXTI9_5_IRQHandler
                0x080029bc                RTC_WKUP_IRQHandler
                0x080029bc                SPDIF_RX_IRQHandler
                0x080029bc                SPI2_IRQHandler
                0x080029bc                OTG_HS_EP1_IN_IRQHandler
                0x080029bc                DMA1_Stream0_IRQHandler
                0x080029bc                CAN1_TX_IRQHandler
                0x080029bc                FMPI2C1_ER_IRQHandler
                0x080029bc                EXTI4_IRQHandler
                0x080029bc                OTG_HS_EP1_OUT_IRQHandler
                0x080029bc                WWDG_IRQHandler
                0x080029bc                TIM2_IRQHandler
                0x080029bc                OTG_FS_WKUP_IRQHandler
                0x080029bc                TIM1_TRG_COM_TIM11_IRQHandler
                0x080029bc                OTG_HS_IRQHandler
                0x080029bc                EXTI1_IRQHandler
                0x080029bc                USART2_IRQHandler
                0x080029bc                I2C2_ER_IRQHandler
                0x080029bc                DMA2_Stream1_IRQHandler
                0x080029bc                CAN1_SCE_IRQHandler
                0x080029bc                FLASH_IRQHandler
                0x080029bc                DMA2_Stream4_IRQHandler
                0x080029bc                USART1_IRQHandler
                0x080029bc                OTG_FS_IRQHandler
                0x080029bc                SPI3_IRQHandler
                0x080029bc                DMA1_Stream4_IRQHandler
                0x080029bc                I2C1_ER_IRQHandler
                0x080029bc                FMC_IRQHandler
                0x080029bc                DMA2_Stream6_IRQHandler
                0x080029bc                SAI1_IRQHandler
                0x080029bc                DMA1_Stream3_IRQHandler
 *fill*         0x080029be        0x2 
 .text.HAL_Init
                0x080029c0       0x44 ./Drivers/STM32F4xx_HAL_Driver/Src/stm32f4xx_hal.o
                0x080029c0                HAL_Init
 .text.HAL_InitTick
                0x08002a04       0x60 ./Drivers/STM32F4xx_HAL_Driver/Src/stm32f4xx_hal.o
                0x08002a04                HAL_InitTick
 .text.HAL_IncTick
                0x08002a64       0x28 ./Drivers/STM32F4xx_HAL_Driver/Src/stm32f4xx_hal.o
                0x08002a64                HAL_IncTick
 .text.HAL_GetTick
                0x08002a8c       0x18 ./Drivers/STM32F4xx_HAL_Driver/Src/stm32f4xx_hal.o
                0x08002a8c                HAL_GetTick
 .text.HAL_Delay
                0x08002aa4       0x48 ./Drivers/STM32F4xx_HAL_Driver/Src/stm32f4xx_hal.o
                0x08002aa4                HAL_Delay
 .text.__NVIC_SetPriorityGrouping
                0x08002aec       0x48 ./Drivers/STM32F4xx_HAL_Driver/Src/stm32f4xx_hal_cortex.o
 .text.__NVIC_GetPriorityGrouping
                0x08002b34       0x1c ./Drivers/STM32F4xx_HAL_Driver/Src/stm32f4xx_hal_cortex.o
 .text.__NVIC_SetPriority
                0x08002b50       0x54 ./Drivers/STM32F4xx_HAL_Driver/Src/stm32f4xx_hal_cortex.o
 .text.NVIC_EncodePriority
                0x08002ba4       0x66 ./Drivers/STM32F4xx_HAL_Driver/Src/stm32f4xx_hal_cortex.o
 *fill*         0x08002c0a        0x2 
 .text.SysTick_Config
                0x08002c0c       0x44 ./Drivers/STM32F4xx_HAL_Driver/Src/stm32f4xx_hal_cortex.o
 .text.HAL_NVIC_SetPriorityGrouping
                0x08002c50       0x16 ./Drivers/STM32F4xx_HAL_Driver/Src/stm32f4xx_hal_cortex.o
                0x08002c50                HAL_NVIC_SetPriorityGrouping
 .text.HAL_NVIC_SetPriority
                0x08002c66       0x38 ./Drivers/STM32F4xx_HAL_Driver/Src/stm32f4xx_hal_cortex.o
                0x08002c66                HAL_NVIC_SetPriority
 .text.HAL_SYSTICK_Config
                0x08002c9e       0x18 ./Drivers/STM32F4xx_HAL_Driver/Src/stm32f4xx_hal_cortex.o
                0x08002c9e                HAL_SYSTICK_Config
 *fill*         0x08002cb6        0x2 
 .text.HAL_GPIO_Init
                0x08002cb8      0x328 ./Drivers/STM32F4xx_HAL_Driver/Src/stm32f4xx_hal_gpio.o
                0x08002cb8                HAL_GPIO_Init
 .text.HAL_GPIO_WritePin
                0x08002fe0       0x32 ./Drivers/STM32F4xx_HAL_Driver/Src/stm32f4xx_hal_gpio.o
                0x08002fe0                HAL_GPIO_WritePin
 *fill*         0x08003012        0x2 
 .text.HAL_RCC_ClockConfig
                0x08003014      0x1cc ./Drivers/STM32F4xx_HAL_Driver/Src/stm32f4xx_hal_rcc.o
                0x08003014                HAL_RCC_ClockConfig
 .text.HAL_RCC_GetHCLKFreq
                0x080031e0       0x18 ./Drivers/STM32F4xx_HAL_Driver/Src/stm32f4xx_hal_rcc.o
                0x080031e0                HAL_RCC_GetHCLKFreq
 .text.HAL_RCC_GetPCLK1Freq
                0x080031f8       0x28 ./Drivers/STM32F4xx_HAL_Driver/Src/stm32f4xx_hal_rcc.o
                0x080031f8                HAL_RCC_GetPCLK1Freq
 .text.HAL_RCC_GetPCLK2Freq
                0x08003220       0x28 ./Drivers/STM32F4xx_HAL_Driver/Src/stm32f4xx_hal_rcc.o
                0x08003220                HAL_RCC_GetPCLK2Freq
 .text.HAL_RCC_GetSysClockFreq
                0x08003248      0x460 ./Drivers/STM32F4xx_HAL_Driver/Src/stm32f4xx_hal_rcc_ex.o
                0x08003248                HAL_RCC_GetSysClockFreq
 .text.HAL_RCC_OscConfig
                0x080036a8      0x53c ./Drivers/STM32F4xx_HAL_Driver/Src/stm32f4xx_hal_rcc_ex.o
                0x080036a8                HAL_RCC_OscConfig
 .text.HAL_SPI_Init
                0x08003be4      0x112 ./Drivers/STM32F4xx_HAL_Driver/Src/stm32f4xx_hal_spi.o
                0x08003be4                HAL_SPI_Init
 .text.HAL_UART_Init
                0x08003cf6       0xa0 ./Drivers/STM32F4xx_HAL_Driver/Src/stm32f4xx_hal_uart.o
                0x08003cf6                HAL_UART_Init
 *fill*         0x08003d96        0x2 
 .text.UART_SetConfig
                0x08003d98      0x4e8 ./Drivers/STM32F4xx_HAL_Driver/Src/stm32f4xx_hal_uart.o
 .text.std      0x08004280       0x6c D:/STM32CubeIDE_1.17.0/STM32CubeIDE/plugins/com.st.stm32cube.ide.mcu.externaltools.gnu-tools-for-stm32.13.3.rel1.win32_1.0.0.202411081344/tools/bin/../lib/gcc/arm-none-eabi/13.3.1/../../../../arm-none-eabi/lib/thumb/v7e-m+fp/hard\libc_nano.a(libc_a-findfp.o)
 .text.stdio_exit_handler
                0x080042ec       0x18 D:/STM32CubeIDE_1.17.0/STM32CubeIDE/plugins/com.st.stm32cube.ide.mcu.externaltools.gnu-tools-for-stm32.13.3.rel1.win32_1.0.0.202411081344/tools/bin/../lib/gcc/arm-none-eabi/13.3.1/../../../../arm-none-eabi/lib/thumb/v7e-m+fp/hard\libc_nano.a(libc_a-findfp.o)
 .text.cleanup_stdio
                0x08004304       0x40 D:/STM32CubeIDE_1.17.0/STM32CubeIDE/plugins/com.st.stm32cube.ide.mcu.externaltools.gnu-tools-for-stm32.13.3.rel1.win32_1.0.0.202411081344/tools/bin/../lib/gcc/arm-none-eabi/13.3.1/../../../../arm-none-eabi/lib/thumb/v7e-m+fp/hard\libc_nano.a(libc_a-findfp.o)
 .text.global_stdio_init.part.0
                0x08004344       0x3c D:/STM32CubeIDE_1.17.0/STM32CubeIDE/plugins/com.st.stm32cube.ide.mcu.externaltools.gnu-tools-for-stm32.13.3.rel1.win32_1.0.0.202411081344/tools/bin/../lib/gcc/arm-none-eabi/13.3.1/../../../../arm-none-eabi/lib/thumb/v7e-m+fp/hard\libc_nano.a(libc_a-findfp.o)
 .text.__sfp_lock_acquire
                0x08004380        0xc D:/STM32CubeIDE_1.17.0/STM32CubeIDE/plugins/com.st.stm32cube.ide.mcu.externaltools.gnu-tools-for-stm32.13.3.rel1.win32_1.0.0.202411081344/tools/bin/../lib/gcc/arm-none-eabi/13.3.1/../../../../arm-none-eabi/lib/thumb/v7e-m+fp/hard\libc_nano.a(libc_a-findfp.o)
                0x08004380                __sfp_lock_acquire
 .text.__sfp_lock_release
                0x0800438c        0xc D:/STM32CubeIDE_1.17.0/STM32CubeIDE/plugins/com.st.stm32cube.ide.mcu.externaltools.gnu-tools-for-stm32.13.3.rel1.win32_1.0.0.202411081344/tools/bin/../lib/gcc/arm-none-eabi/13.3.1/../../../../arm-none-eabi/lib/thumb/v7e-m+fp/hard\libc_nano.a(libc_a-findfp.o)
                0x0800438c                __sfp_lock_release
 .text.__sinit  0x08004398       0x30 D:/STM32CubeIDE_1.17.0/STM32CubeIDE/plugins/com.st.stm32cube.ide.mcu.externaltools.gnu-tools-for-stm32.13.3.rel1.win32_1.0.0.202411081344/tools/bin/../lib/gcc/arm-none-eabi/13.3.1/../../../../arm-none-eabi/lib/thumb/v7e-m+fp/hard\libc_nano.a(libc_a-findfp.o)
                0x08004398                __sinit
 .text._fwalk_sglue
                0x080043c8       0x3c D:/STM32CubeIDE_1.17.0/STM32CubeIDE/plugins/com.st.stm32cube.ide.mcu.externaltools.gnu-tools-for-stm32.13.3.rel1.win32_1.0.0.202411081344/tools/bin/../lib/gcc/arm-none-eabi/13.3.1/../../../../arm-none-eabi/lib/thumb/v7e-m+fp/hard\libc_nano.a(libc_a-fwalk.o)
                0x080043c8                _fwalk_sglue
 .text.printf   0x08004404       0x24 D:/STM32CubeIDE_1.17.0/STM32CubeIDE/plugins/com.st.stm32cube.ide.mcu.externaltools.gnu-tools-for-stm32.13.3.rel1.win32_1.0.0.202411081344/tools/bin/../lib/gcc/arm-none-eabi/13.3.1/../../../../arm-none-eabi/lib/thumb/v7e-m+fp/hard\libc_nano.a(libc_a-printf.o)
                0x08004404                iprintf
                0x08004404                printf
 .text._puts_r  0x08004428       0xaa D:/STM32CubeIDE_1.17.0/STM32CubeIDE/plugins/com.st.stm32cube.ide.mcu.externaltools.gnu-tools-for-stm32.13.3.rel1.win32_1.0.0.202411081344/tools/bin/../lib/gcc/arm-none-eabi/13.3.1/../../../../arm-none-eabi/lib/thumb/v7e-m+fp/hard\libc_nano.a(libc_a-puts.o)
                0x08004428                _puts_r
 *fill*         0x080044d2        0x2 
 .text.puts     0x080044d4       0x10 D:/STM32CubeIDE_1.17.0/STM32CubeIDE/plugins/com.st.stm32cube.ide.mcu.externaltools.gnu-tools-for-stm32.13.3.rel1.win32_1.0.0.202411081344/tools/bin/../lib/gcc/arm-none-eabi/13.3.1/../../../../arm-none-eabi/lib/thumb/v7e-m+fp/hard\libc_nano.a(libc_a-puts.o)
                0x080044d4                puts
 .text.setbuf   0x080044e4       0x10 D:/STM32CubeIDE_1.17.0/STM32CubeIDE/plugins/com.st.stm32cube.ide.mcu.externaltools.gnu-tools-for-stm32.13.3.rel1.win32_1.0.0.202411081344/tools/bin/../lib/gcc/arm-none-eabi/13.3.1/../../../../arm-none-eabi/lib/thumb/v7e-m+fp/hard\libc_nano.a(libc_a-setbuf.o)
                0x080044e4                setbuf
 .text.setvbuf  0x080044f4      0x168 D:/STM32CubeIDE_1.17.0/STM32CubeIDE/plugins/com.st.stm32cube.ide.mcu.externaltools.gnu-tools-for-stm32.13.3.rel1.win32_1.0.0.202411081344/tools/bin/../lib/gcc/arm-none-eabi/13.3.1/../../../../arm-none-eabi/lib/thumb/v7e-m+fp/hard\libc_nano.a(libc_a-setvbuf.o)
                0x080044f4                setvbuf
 .text.__sread  0x0800465c       0x22 D:/STM32CubeIDE_1.17.0/STM32CubeIDE/plugins/com.st.stm32cube.ide.mcu.externaltools.gnu-tools-for-stm32.13.3.rel1.win32_1.0.0.202411081344/tools/bin/../lib/gcc/arm-none-eabi/13.3.1/../../../../arm-none-eabi/lib/thumb/v7e-m+fp/hard\libc_nano.a(libc_a-stdio.o)
                0x0800465c                __sread
 .text.__swrite
                0x0800467e       0x38 D:/STM32CubeIDE_1.17.0/STM32CubeIDE/plugins/com.st.stm32cube.ide.mcu.externaltools.gnu-tools-for-stm32.13.3.rel1.win32_1.0.0.202411081344/tools/bin/../lib/gcc/arm-none-eabi/13.3.1/../../../../arm-none-eabi/lib/thumb/v7e-m+fp/hard\libc_nano.a(libc_a-stdio.o)
                0x0800467e                __swrite
 .text.__sseek  0x080046b6       0x24 D:/STM32CubeIDE_1.17.0/STM32CubeIDE/plugins/com.st.stm32cube.ide.mcu.externaltools.gnu-tools-for-stm32.13.3.rel1.win32_1.0.0.202411081344/tools/bin/../lib/gcc/arm-none-eabi/13.3.1/../../../../arm-none-eabi/lib/thumb/v7e-m+fp/hard\libc_nano.a(libc_a-stdio.o)
                0x080046b6                __sseek
 .text.__sclose
                0x080046da        0x8 D:/STM32CubeIDE_1.17.0/STM32CubeIDE/plugins/com.st.stm32cube.ide.mcu.externaltools.gnu-tools-for-stm32.13.3.rel1.win32_1.0.0.202411081344/tools/bin/../lib/gcc/arm-none-eabi/13.3.1/../../../../arm-none-eabi/lib/thumb/v7e-m+fp/hard\libc_nano.a(libc_a-stdio.o)
                0x080046da                __sclose
 .text.__swbuf_r
                0x080046e2       0x7c D:/STM32CubeIDE_1.17.0/STM32CubeIDE/plugins/com.st.stm32cube.ide.mcu.externaltools.gnu-tools-for-stm32.13.3.rel1.win32_1.0.0.202411081344/tools/bin/../lib/gcc/arm-none-eabi/13.3.1/../../../../arm-none-eabi/lib/thumb/v7e-m+fp/hard\libc_nano.a(libc_a-wbuf.o)
                0x080046e2                __swbuf_r
 *fill*         0x0800475e        0x2 
 .text.__swsetup_r
                0x08004760       0xac D:/STM32CubeIDE_1.17.0/STM32CubeIDE/plugins/com.st.stm32cube.ide.mcu.externaltools.gnu-tools-for-stm32.13.3.rel1.win32_1.0.0.202411081344/tools/bin/../lib/gcc/arm-none-eabi/13.3.1/../../../../arm-none-eabi/lib/thumb/v7e-m+fp/hard\libc_nano.a(libc_a-wsetup.o)
                0x08004760                __swsetup_r
 .text.memset   0x0800480c       0x10 D:/STM32CubeIDE_1.17.0/STM32CubeIDE/plugins/com.st.stm32cube.ide.mcu.externaltools.gnu-tools-for-stm32.13.3.rel1.win32_1.0.0.202411081344/tools/bin/../lib/gcc/arm-none-eabi/13.3.1/../../../../arm-none-eabi/lib/thumb/v7e-m+fp/hard\libc_nano.a(libc_a-memset.o)
                0x0800480c                memset
 .text._close_r
                0x0800481c       0x20 D:/STM32CubeIDE_1.17.0/STM32CubeIDE/plugins/com.st.stm32cube.ide.mcu.externaltools.gnu-tools-for-stm32.13.3.rel1.win32_1.0.0.202411081344/tools/bin/../lib/gcc/arm-none-eabi/13.3.1/../../../../arm-none-eabi/lib/thumb/v7e-m+fp/hard\libc_nano.a(libc_a-closer.o)
                0x0800481c                _close_r
 .text._lseek_r
                0x0800483c       0x24 D:/STM32CubeIDE_1.17.0/STM32CubeIDE/plugins/com.st.stm32cube.ide.mcu.externaltools.gnu-tools-for-stm32.13.3.rel1.win32_1.0.0.202411081344/tools/bin/../lib/gcc/arm-none-eabi/13.3.1/../../../../arm-none-eabi/lib/thumb/v7e-m+fp/hard\libc_nano.a(libc_a-lseekr.o)
                0x0800483c                _lseek_r
 .text._read_r  0x08004860       0x24 D:/STM32CubeIDE_1.17.0/STM32CubeIDE/plugins/com.st.stm32cube.ide.mcu.externaltools.gnu-tools-for-stm32.13.3.rel1.win32_1.0.0.202411081344/tools/bin/../lib/gcc/arm-none-eabi/13.3.1/../../../../arm-none-eabi/lib/thumb/v7e-m+fp/hard\libc_nano.a(libc_a-readr.o)
                0x08004860                _read_r
 .text._write_r
                0x08004884       0x24 D:/STM32CubeIDE_1.17.0/STM32CubeIDE/plugins/com.st.stm32cube.ide.mcu.externaltools.gnu-tools-for-stm32.13.3.rel1.win32_1.0.0.202411081344/tools/bin/../lib/gcc/arm-none-eabi/13.3.1/../../../../arm-none-eabi/lib/thumb/v7e-m+fp/hard\libc_nano.a(libc_a-writer.o)
                0x08004884                _write_r
 .text.__errno  0x080048a8        0xc D:/STM32CubeIDE_1.17.0/STM32CubeIDE/plugins/com.st.stm32cube.ide.mcu.externaltools.gnu-tools-for-stm32.13.3.rel1.win32_1.0.0.202411081344/tools/bin/../lib/gcc/arm-none-eabi/13.3.1/../../../../arm-none-eabi/lib/thumb/v7e-m+fp/hard\libc_nano.a(libc_a-errno.o)
                0x080048a8                __errno
 .text.__libc_init_array
                0x080048b4       0x48 D:/STM32CubeIDE_1.17.0/STM32CubeIDE/plugins/com.st.stm32cube.ide.mcu.externaltools.gnu-tools-for-stm32.13.3.rel1.win32_1.0.0.202411081344/tools/bin/../lib/gcc/arm-none-eabi/13.3.1/../../../../arm-none-eabi/lib/thumb/v7e-m+fp/hard\libc_nano.a(libc_a-init.o)
                0x080048b4                __libc_init_array
 .text.__retarget_lock_init_recursive
                0x080048fc        0x2 D:/STM32CubeIDE_1.17.0/STM32CubeIDE/plugins/com.st.stm32cube.ide.mcu.externaltools.gnu-tools-for-stm32.13.3.rel1.win32_1.0.0.202411081344/tools/bin/../lib/gcc/arm-none-eabi/13.3.1/../../../../arm-none-eabi/lib/thumb/v7e-m+fp/hard\libc_nano.a(libc_a-lock.o)
                0x080048fc                __retarget_lock_init_recursive
 .text.__retarget_lock_acquire_recursive
                0x080048fe        0x2 D:/STM32CubeIDE_1.17.0/STM32CubeIDE/plugins/com.st.stm32cube.ide.mcu.externaltools.gnu-tools-for-stm32.13.3.rel1.win32_1.0.0.202411081344/tools/bin/../lib/gcc/arm-none-eabi/13.3.1/../../../../arm-none-eabi/lib/thumb/v7e-m+fp/hard\libc_nano.a(libc_a-lock.o)
                0x080048fe                __retarget_lock_acquire_recursive
 .text.__retarget_lock_release_recursive
                0x08004900        0x2 D:/STM32CubeIDE_1.17.0/STM32CubeIDE/plugins/com.st.stm32cube.ide.mcu.externaltools.gnu-tools-for-stm32.13.3.rel1.win32_1.0.0.202411081344/tools/bin/../lib/gcc/arm-none-eabi/13.3.1/../../../../arm-none-eabi/lib/thumb/v7e-m+fp/hard\libc_nano.a(libc_a-lock.o)
                0x08004900                __retarget_lock_release_recursive
 *fill*         0x08004902        0x2 
 .text._free_r  0x08004904       0x94 D:/STM32CubeIDE_1.17.0/STM32CubeIDE/plugins/com.st.stm32cube.ide.mcu.externaltools.gnu-tools-for-stm32.13.3.rel1.win32_1.0.0.202411081344/tools/bin/../lib/gcc/arm-none-eabi/13.3.1/../../../../arm-none-eabi/lib/thumb/v7e-m+fp/hard\libc_nano.a(libc_a-freer.o)
                0x08004904                _free_r
 .text.malloc   0x08004998       0x10 D:/STM32CubeIDE_1.17.0/STM32CubeIDE/plugins/com.st.stm32cube.ide.mcu.externaltools.gnu-tools-for-stm32.13.3.rel1.win32_1.0.0.202411081344/tools/bin/../lib/gcc/arm-none-eabi/13.3.1/../../../../arm-none-eabi/lib/thumb/v7e-m+fp/hard\libc_nano.a(libc_a-malloc.o)
                0x08004998                malloc
 .text.sbrk_aligned
                0x080049a8       0x44 D:/STM32CubeIDE_1.17.0/STM32CubeIDE/plugins/com.st.stm32cube.ide.mcu.externaltools.gnu-tools-for-stm32.13.3.rel1.win32_1.0.0.202411081344/tools/bin/../lib/gcc/arm-none-eabi/13.3.1/../../../../arm-none-eabi/lib/thumb/v7e-m+fp/hard\libc_nano.a(libc_a-mallocr.o)
 .text._malloc_r
                0x080049ec      0x100 D:/STM32CubeIDE_1.17.0/STM32CubeIDE/plugins/com.st.stm32cube.ide.mcu.externaltools.gnu-tools-for-stm32.13.3.rel1.win32_1.0.0.202411081344/tools/bin/../lib/gcc/arm-none-eabi/13.3.1/../../../../arm-none-eabi/lib/thumb/v7e-m+fp/hard\libc_nano.a(libc_a-mallocr.o)
                0x080049ec                _malloc_r
 .text.__malloc_lock
                0x08004aec        0xc D:/STM32CubeIDE_1.17.0/STM32CubeIDE/plugins/com.st.stm32cube.ide.mcu.externaltools.gnu-tools-for-stm32.13.3.rel1.win32_1.0.0.202411081344/tools/bin/../lib/gcc/arm-none-eabi/13.3.1/../../../../arm-none-eabi/lib/thumb/v7e-m+fp/hard\libc_nano.a(libc_a-mlock.o)
                0x08004aec                __malloc_lock
 .text.__malloc_unlock
                0x08004af8        0xc D:/STM32CubeIDE_1.17.0/STM32CubeIDE/plugins/com.st.stm32cube.ide.mcu.externaltools.gnu-tools-for-stm32.13.3.rel1.win32_1.0.0.202411081344/tools/bin/../lib/gcc/arm-none-eabi/13.3.1/../../../../arm-none-eabi/lib/thumb/v7e-m+fp/hard\libc_nano.a(libc_a-mlock.o)
                0x08004af8                __malloc_unlock
 .text.__sfputc_r
                0x08004b04       0x2e D:/STM32CubeIDE_1.17.0/STM32CubeIDE/plugins/com.st.stm32cube.ide.mcu.externaltools.gnu-tools-for-stm32.13.3.rel1.win32_1.0.0.202411081344/tools/bin/../lib/gcc/arm-none-eabi/13.3.1/../../../../arm-none-eabi/lib/thumb/v7e-m+fp/hard\libc_nano.a(libc_a-nano-vfprintf.o)
 .text.__sfputs_r
                0x08004b32       0x24 D:/STM32CubeIDE_1.17.0/STM32CubeIDE/plugins/com.st.stm32cube.ide.mcu.externaltools.gnu-tools-for-stm32.13.3.rel1.win32_1.0.0.202411081344/tools/bin/../lib/gcc/arm-none-eabi/13.3.1/../../../../arm-none-eabi/lib/thumb/v7e-m+fp/hard\libc_nano.a(libc_a-nano-vfprintf.o)
                0x08004b32                __sfputs_r
 *fill*         0x08004b56        0x2 
 .text._vfprintf_r
                0x08004b58      0x230 D:/STM32CubeIDE_1.17.0/STM32CubeIDE/plugins/com.st.stm32cube.ide.mcu.externaltools.gnu-tools-for-stm32.13.3.rel1.win32_1.0.0.202411081344/tools/bin/../lib/gcc/arm-none-eabi/13.3.1/../../../../arm-none-eabi/lib/thumb/v7e-m+fp/hard\libc_nano.a(libc_a-nano-vfprintf.o)
                0x08004b58                _vfprintf_r
                0x08004b58                _vfiprintf_r
 .text._printf_common
                0x08004d88       0xda D:/STM32CubeIDE_1.17.0/STM32CubeIDE/plugins/com.st.stm32cube.ide.mcu.externaltools.gnu-tools-for-stm32.13.3.rel1.win32_1.0.0.202411081344/tools/bin/../lib/gcc/arm-none-eabi/13.3.1/../../../../arm-none-eabi/lib/thumb/v7e-m+fp/hard\libc_nano.a(libc_a-nano-vfprintf_i.o)
                0x08004d88                _printf_common
 *fill*         0x08004e62        0x2 
 .text._printf_i
                0x08004e64      0x23c D:/STM32CubeIDE_1.17.0/STM32CubeIDE/plugins/com.st.stm32cube.ide.mcu.externaltools.gnu-tools-for-stm32.13.3.rel1.win32_1.0.0.202411081344/tools/bin/../lib/gcc/arm-none-eabi/13.3.1/../../../../arm-none-eabi/lib/thumb/v7e-m+fp/hard\libc_nano.a(libc_a-nano-vfprintf_i.o)
                0x08004e64                _printf_i
 .text.__sflush_r
                0x080050a0      0x108 D:/STM32CubeIDE_1.17.0/STM32CubeIDE/plugins/com.st.stm32cube.ide.mcu.externaltools.gnu-tools-for-stm32.13.3.rel1.win32_1.0.0.202411081344/tools/bin/../lib/gcc/arm-none-eabi/13.3.1/../../../../arm-none-eabi/lib/thumb/v7e-m+fp/hard\libc_nano.a(libc_a-fflush.o)
                0x080050a0                __sflush_r
 .text._fflush_r
                0x080051a8       0x50 D:/STM32CubeIDE_1.17.0/STM32CubeIDE/plugins/com.st.stm32cube.ide.mcu.externaltools.gnu-tools-for-stm32.13.3.rel1.win32_1.0.0.202411081344/tools/bin/../lib/gcc/arm-none-eabi/13.3.1/../../../../arm-none-eabi/lib/thumb/v7e-m+fp/hard\libc_nano.a(libc_a-fflush.o)
                0x080051a8                _fflush_r
 .text.__swhatbuf_r
                0x080051f8       0x4c D:/STM32CubeIDE_1.17.0/STM32CubeIDE/plugins/com.st.stm32cube.ide.mcu.externaltools.gnu-tools-for-stm32.13.3.rel1.win32_1.0.0.202411081344/tools/bin/../lib/gcc/arm-none-eabi/13.3.1/../../../../arm-none-eabi/lib/thumb/v7e-m+fp/hard\libc_nano.a(libc_a-makebuf.o)
                0x080051f8                __swhatbuf_r
 .text.__smakebuf_r
                0x08005244       0x78 D:/STM32CubeIDE_1.17.0/STM32CubeIDE/plugins/com.st.stm32cube.ide.mcu.externaltools.gnu-tools-for-stm32.13.3.rel1.win32_1.0.0.202411081344/tools/bin/../lib/gcc/arm-none-eabi/13.3.1/../../../../arm-none-eabi/lib/thumb/v7e-m+fp/hard\libc_nano.a(libc_a-makebuf.o)
                0x08005244                __smakebuf_r
 .text._fstat_r
                0x080052bc       0x24 D:/STM32CubeIDE_1.17.0/STM32CubeIDE/plugins/com.st.stm32cube.ide.mcu.externaltools.gnu-tools-for-stm32.13.3.rel1.win32_1.0.0.202411081344/tools/bin/../lib/gcc/arm-none-eabi/13.3.1/../../../../arm-none-eabi/lib/thumb/v7e-m+fp/hard\libc_nano.a(libc_a-fstatr.o)
                0x080052bc                _fstat_r
 .text._isatty_r
                0x080052e0       0x20 D:/STM32CubeIDE_1.17.0/STM32CubeIDE/plugins/com.st.stm32cube.ide.mcu.externaltools.gnu-tools-for-stm32.13.3.rel1.win32_1.0.0.202411081344/tools/bin/../lib/gcc/arm-none-eabi/13.3.1/../../../../arm-none-eabi/lib/thumb/v7e-m+fp/hard\libc_nano.a(libc_a-isattyr.o)
                0x080052e0                _isatty_r
 .text._sbrk_r  0x08005300       0x20 D:/STM32CubeIDE_1.17.0/STM32CubeIDE/plugins/com.st.stm32cube.ide.mcu.externaltools.gnu-tools-for-stm32.13.3.rel1.win32_1.0.0.202411081344/tools/bin/../lib/gcc/arm-none-eabi/13.3.1/../../../../arm-none-eabi/lib/thumb/v7e-m+fp/hard\libc_nano.a(libc_a-sbrkr.o)
                0x08005300                _sbrk_r
 *(.glue_7)
 .glue_7        0x08005320        0x0 linker stubs
 *(.glue_7t)
 .glue_7t       0x08005320        0x0 linker stubs
 *(.eh_frame)
 .eh_frame      0x08005320        0x0 D:/STM32CubeIDE_1.17.0/STM32CubeIDE/plugins/com.st.stm32cube.ide.mcu.externaltools.gnu-tools-for-stm32.13.3.rel1.win32_1.0.0.202411081344/tools/bin/../lib/gcc/arm-none-eabi/13.3.1/thumb/v7e-m+fp/hard/crtbegin.o
 *(.init)
 .init          0x08005320        0x4 D:/STM32CubeIDE_1.17.0/STM32CubeIDE/plugins/com.st.stm32cube.ide.mcu.externaltools.gnu-tools-for-stm32.13.3.rel1.win32_1.0.0.202411081344/tools/bin/../lib/gcc/arm-none-eabi/13.3.1/thumb/v7e-m+fp/hard/crti.o
                0x08005320                _init
 .init          0x08005324        0x8 D:/STM32CubeIDE_1.17.0/STM32CubeIDE/plugins/com.st.stm32cube.ide.mcu.externaltools.gnu-tools-for-stm32.13.3.rel1.win32_1.0.0.202411081344/tools/bin/../lib/gcc/arm-none-eabi/13.3.1/thumb/v7e-m+fp/hard/crtn.o
 *(.fini)
 .fini          0x0800532c        0x4 D:/STM32CubeIDE_1.17.0/STM32CubeIDE/plugins/com.st.stm32cube.ide.mcu.externaltools.gnu-tools-for-stm32.13.3.rel1.win32_1.0.0.202411081344/tools/bin/../lib/gcc/arm-none-eabi/13.3.1/thumb/v7e-m+fp/hard/crti.o
                0x0800532c                _fini
 .fini          0x08005330        0x8 D:/STM32CubeIDE_1.17.0/STM32CubeIDE/plugins/com.st.stm32cube.ide.mcu.externaltools.gnu-tools-for-stm32.13.3.rel1.win32_1.0.0.202411081344/tools/bin/../lib/gcc/arm-none-eabi/13.3.1/thumb/v7e-m+fp/hard/crtn.o
                0x08005338                        . = ALIGN (0x4)
                0x08005338                        _etext = .

.vfp11_veneer   0x08005338        0x0
 .vfp11_veneer  0x08005338        0x0 linker stubs

.v4_bx          0x08005338        0x0
 .v4_bx         0x08005338        0x0 linker stubs

.iplt           0x08005338        0x0
 .iplt          0x08005338        0x0 D:/STM32CubeIDE_1.17.0/STM32CubeIDE/plugins/com.st.stm32cube.ide.mcu.externaltools.gnu-tools-for-stm32.13.3.rel1.win32_1.0.0.202411081344/tools/bin/../lib/gcc/arm-none-eabi/13.3.1/thumb/v7e-m+fp/hard/crtbegin.o

.rodata         0x08005338      0x3d8
                0x08005338                        . = ALIGN (0x4)
 *(.rodata)
 .rodata        0x08005338      0x389 ./Core/Src/main.o
 *(.rodata*)
 *fill*         0x080056c1        0x3 
 .rodata.AHBPrescTable
                0x080056c4       0x10 ./Core/Src/system_stm32f4xx.o
                0x080056c4                AHBPrescTable
 .rodata.APBPrescTable
                0x080056d4        0x8 ./Core/Src/system_stm32f4xx.o
                0x080056d4                APBPrescTable
 .rodata._vfprintf_r.str1.1
                0x080056dc       0x33 D:/STM32CubeIDE_1.17.0/STM32CubeIDE/plugins/com.st.stm32cube.ide.mcu.externaltools.gnu-tools-for-stm32.13.3.rel1.win32_1.0.0.202411081344/tools/bin/../lib/gcc/arm-none-eabi/13.3.1/../../../../arm-none-eabi/lib/thumb/v7e-m+fp/hard\libc_nano.a(libc_a-nano-vfprintf.o)
                                 0x11 (size before relaxing)
 .rodata._printf_i.str1.1
                0x0800570f       0x22 D:/STM32CubeIDE_1.17.0/STM32CubeIDE/plugins/com.st.stm32cube.ide.mcu.externaltools.gnu-tools-for-stm32.13.3.rel1.win32_1.0.0.202411081344/tools/bin/../lib/gcc/arm-none-eabi/13.3.1/../../../../arm-none-eabi/lib/thumb/v7e-m+fp/hard\libc_nano.a(libc_a-nano-vfprintf_i.o)
                0x08005734                        . = ALIGN (0x4)
 *fill*         0x0800570f        0x1 

.ARM.extab      0x08005710        0x0
                0x08005710                        . = ALIGN (0x4)
 *(.ARM.extab* .gnu.linkonce.armextab.*)
                0x08005710                        . = ALIGN (0x4)

.ARM            0x08005710        0x8
                0x08005710                        . = ALIGN (0x4)
                0x08005710                        __exidx_start = .
 *(.ARM.exidx*)
 .ARM.exidx     0x08005710        0x8 D:/STM32CubeIDE_1.17.0/STM32CubeIDE/plugins/com.st.stm32cube.ide.mcu.externaltools.gnu-tools-for-stm32.13.3.rel1.win32_1.0.0.202411081344/tools/bin/../lib/gcc/arm-none-eabi/13.3.1/../../../../arm-none-eabi/lib/thumb/v7e-m+fp/hard\libc_nano.a(libc_a-strcmp.o)
 .ARM.exidx     0x08005718        0x0 D:/STM32CubeIDE_1.17.0/STM32CubeIDE/plugins/com.st.stm32cube.ide.mcu.externaltools.gnu-tools-for-stm32.13.3.rel1.win32_1.0.0.202411081344/tools/bin/../lib/gcc/arm-none-eabi/13.3.1/../../../../arm-none-eabi/lib/thumb/v7e-m+fp/hard\libc_nano.a(libc_a-memchr.o)
                                  0x8 (size before relaxing)
 .ARM.exidx     0x08005718        0x0 D:/STM32CubeIDE_1.17.0/STM32CubeIDE/plugins/com.st.stm32cube.ide.mcu.externaltools.gnu-tools-for-stm32.13.3.rel1.win32_1.0.0.202411081344/tools/bin/../lib/gcc/arm-none-eabi/13.3.1/thumb/v7e-m+fp/hard\libgcc.a(_udivmoddi4.o)
                                  0x8 (size before relaxing)
                0x08005718                        __exidx_end = .
                0x08005718                        . = ALIGN (0x4)

.preinit_array  0x08005718        0x0
                0x08005718                        . = ALIGN (0x4)
                0x08005718                        PROVIDE (__preinit_array_start = .)
 *(.preinit_array*)
                0x08005718                        PROVIDE (__preinit_array_end = .)
                0x08005718                        . = ALIGN (0x4)

.init_array     0x08005718        0x4
                0x08005718                        . = ALIGN (0x4)
                0x08005718                        PROVIDE (__init_array_start = .)
 *(SORT_BY_NAME(.init_array.*))
 *(.init_array*)
 .init_array    0x08005718        0x4 D:/STM32CubeIDE_1.17.0/STM32CubeIDE/plugins/com.st.stm32cube.ide.mcu.externaltools.gnu-tools-for-stm32.13.3.rel1.win32_1.0.0.202411081344/tools/bin/../lib/gcc/arm-none-eabi/13.3.1/thumb/v7e-m+fp/hard/crtbegin.o
                0x0800571c                        PROVIDE (__init_array_end = .)
                0x0800571c                        . = ALIGN (0x4)

.fini_array     0x0800571c        0x4
                0x0800571c                        . = ALIGN (0x4)
                [!provide]                        PROVIDE (__fini_array_start = .)
 *(SORT_BY_NAME(.fini_array.*))
 *(.fini_array*)
 .fini_array    0x0800571c        0x4 D:/STM32CubeIDE_1.17.0/STM32CubeIDE/plugins/com.st.stm32cube.ide.mcu.externaltools.gnu-tools-for-stm32.13.3.rel1.win32_1.0.0.202411081344/tools/bin/../lib/gcc/arm-none-eabi/13.3.1/thumb/v7e-m+fp/hard/crtbegin.o
                [!provide]                        PROVIDE (__fini_array_end = .)
                0x08005720                        . = ALIGN (0x4)
                0x08005720                        _sidata = LOADADDR (.data)

.rel.dyn        0x08005720        0x0
 .rel.iplt      0x08005720        0x0 D:/STM32CubeIDE_1.17.0/STM32CubeIDE/plugins/com.st.stm32cube.ide.mcu.externaltools.gnu-tools-for-stm32.13.3.rel1.win32_1.0.0.202411081344/tools/bin/../lib/gcc/arm-none-eabi/13.3.1/thumb/v7e-m+fp/hard/crtbegin.o

.data           0x20000000       0xb0 load address 0x08005720
                0x20000000                        . = ALIGN (0x4)
                0x20000000                        _sdata = .
 *(.data)
 *(.data*)
 .data.gWIZNETINFO
                0x20000000       0x17 ./Core/Src/main.o
                0x20000000                gWIZNETINFO
 *fill*         0x20000017        0x1 
 .data.SystemCoreClock
                0x20000018        0x4 ./Core/Src/system_stm32f4xx.o
                0x20000018                SystemCoreClock
 .data.sock_any_port
                0x2000001c        0x2 ./Core/Src/w5500/socket.o
 *fill*         0x2000001e        0x2 
 .data.WIZCHIP  0x20000020       0x2c ./Core/Src/w5500/wizchip_conf.o
                0x20000020                WIZCHIP
 .data.uwTickPrio
                0x2000004c        0x4 ./Drivers/STM32F4xx_HAL_Driver/Src/stm32f4xx_hal.o
                0x2000004c                uwTickPrio
 .data.uwTickFreq
                0x20000050        0x1 ./Drivers/STM32F4xx_HAL_Driver/Src/stm32f4xx_hal.o
                0x20000050                uwTickFreq
 *fill*         0x20000051        0x3 
 .data.__sglue  0x20000054        0xc D:/STM32CubeIDE_1.17.0/STM32CubeIDE/plugins/com.st.stm32cube.ide.mcu.externaltools.gnu-tools-for-stm32.13.3.rel1.win32_1.0.0.202411081344/tools/bin/../lib/gcc/arm-none-eabi/13.3.1/../../../../arm-none-eabi/lib/thumb/v7e-m+fp/hard\libc_nano.a(libc_a-findfp.o)
                0x20000054                __sglue
 .data._impure_ptr
                0x20000060        0x4 D:/STM32CubeIDE_1.17.0/STM32CubeIDE/plugins/com.st.stm32cube.ide.mcu.externaltools.gnu-tools-for-stm32.13.3.rel1.win32_1.0.0.202411081344/tools/bin/../lib/gcc/arm-none-eabi/13.3.1/../../../../arm-none-eabi/lib/thumb/v7e-m+fp/hard\libc_nano.a(libc_a-impure.o)
                0x20000060                _impure_ptr
 .data._impure_data
                0x20000064       0x4c D:/STM32CubeIDE_1.17.0/STM32CubeIDE/plugins/com.st.stm32cube.ide.mcu.externaltools.gnu-tools-for-stm32.13.3.rel1.win32_1.0.0.202411081344/tools/bin/../lib/gcc/arm-none-eabi/13.3.1/../../../../arm-none-eabi/lib/thumb/v7e-m+fp/hard\libc_nano.a(libc_a-impure.o)
                0x20000064                _impure_data
 *(.RamFunc)
 *(.RamFunc*)
                0x200000b0                        . = ALIGN (0x4)
                0x200000b0                        _edata = .

.igot.plt       0x200000b0        0x0 load address 0x080057d0
 .igot.plt      0x200000b0        0x0 D:/STM32CubeIDE_1.17.0/STM32CubeIDE/plugins/com.st.stm32cube.ide.mcu.externaltools.gnu-tools-for-stm32.13.3.rel1.win32_1.0.0.202411081344/tools/bin/../lib/gcc/arm-none-eabi/13.3.1/thumb/v7e-m+fp/hard/crtbegin.o
                0x200000b0                        . = ALIGN (0x4)

.bss            0x200000b0      0x2b4 load address 0x080057d0
                0x200000b0                        _sbss = .
                0x200000b0                        __bss_start__ = _sbss
 *(.bss)
 .bss           0x200000b0       0x1c D:/STM32CubeIDE_1.17.0/STM32CubeIDE/plugins/com.st.stm32cube.ide.mcu.externaltools.gnu-tools-for-stm32.13.3.rel1.win32_1.0.0.202411081344/tools/bin/../lib/gcc/arm-none-eabi/13.3.1/thumb/v7e-m+fp/hard/crtbegin.o
 *(.bss*)
 .bss.receive_buff
                0x200000cc       0x80 ./Core/Src/main.o
                0x200000cc                receive_buff
 .bss.hspi2     0x2000014c       0x58 ./Core/Src/spi.o
                0x2000014c                hspi2
 .bss.__sbrk_heap_end
                0x200001a4        0x4 ./Core/Src/sysmem.o
 .bss.huart2    0x200001a8       0x48 ./Core/Src/usart.o
                0x200001a8                huart2
 .bss.sock_io_mode
                0x200001f0        0x2 ./Core/Src/w5500/socket.o
 .bss.sock_is_sending
                0x200001f2        0x2 ./Core/Src/w5500/socket.o
 .bss.sock_remained_size
                0x200001f4       0x10 ./Core/Src/w5500/socket.o
 .bss.sock_pack_info
                0x20000204        0x8 ./Core/Src/w5500/socket.o
                0x20000204                sock_pack_info
 .bss._DNS_     0x2000020c        0x4 ./Core/Src/w5500/wizchip_conf.o
 .bss._DHCP_    0x20000210        0x1 ./Core/Src/w5500/wizchip_conf.o
 *fill*         0x20000211        0x3 
 .bss.uwTick    0x20000214        0x4 ./Drivers/STM32F4xx_HAL_Driver/Src/stm32f4xx_hal.o
                0x20000214                uwTick
 .bss.__sf      0x20000218      0x138 D:/STM32CubeIDE_1.17.0/STM32CubeIDE/plugins/com.st.stm32cube.ide.mcu.externaltools.gnu-tools-for-stm32.13.3.rel1.win32_1.0.0.202411081344/tools/bin/../lib/gcc/arm-none-eabi/13.3.1/../../../../arm-none-eabi/lib/thumb/v7e-m+fp/hard\libc_nano.a(libc_a-findfp.o)
                0x20000218                __sf
 .bss.__stdio_exit_handler
                0x20000350        0x4 D:/STM32CubeIDE_1.17.0/STM32CubeIDE/plugins/com.st.stm32cube.ide.mcu.externaltools.gnu-tools-for-stm32.13.3.rel1.win32_1.0.0.202411081344/tools/bin/../lib/gcc/arm-none-eabi/13.3.1/../../../../arm-none-eabi/lib/thumb/v7e-m+fp/hard\libc_nano.a(libc_a-findfp.o)
                0x20000350                __stdio_exit_handler
 .bss.errno     0x20000354        0x4 D:/STM32CubeIDE_1.17.0/STM32CubeIDE/plugins/com.st.stm32cube.ide.mcu.externaltools.gnu-tools-for-stm32.13.3.rel1.win32_1.0.0.202411081344/tools/bin/../lib/gcc/arm-none-eabi/13.3.1/../../../../arm-none-eabi/lib/thumb/v7e-m+fp/hard\libc_nano.a(libc_a-reent.o)
                0x20000354                errno
 .bss.__lock___malloc_recursive_mutex
                0x20000358        0x1 D:/STM32CubeIDE_1.17.0/STM32CubeIDE/plugins/com.st.stm32cube.ide.mcu.externaltools.gnu-tools-for-stm32.13.3.rel1.win32_1.0.0.202411081344/tools/bin/../lib/gcc/arm-none-eabi/13.3.1/../../../../arm-none-eabi/lib/thumb/v7e-m+fp/hard\libc_nano.a(libc_a-lock.o)
                0x20000358                __lock___malloc_recursive_mutex
 .bss.__lock___sfp_recursive_mutex
                0x20000359        0x1 D:/STM32CubeIDE_1.17.0/STM32CubeIDE/plugins/com.st.stm32cube.ide.mcu.externaltools.gnu-tools-for-stm32.13.3.rel1.win32_1.0.0.202411081344/tools/bin/../lib/gcc/arm-none-eabi/13.3.1/../../../../arm-none-eabi/lib/thumb/v7e-m+fp/hard\libc_nano.a(libc_a-lock.o)
                0x20000359                __lock___sfp_recursive_mutex
 *fill*         0x2000035a        0x2 
 .bss.__malloc_sbrk_start
                0x2000035c        0x4 D:/STM32CubeIDE_1.17.0/STM32CubeIDE/plugins/com.st.stm32cube.ide.mcu.externaltools.gnu-tools-for-stm32.13.3.rel1.win32_1.0.0.202411081344/tools/bin/../lib/gcc/arm-none-eabi/13.3.1/../../../../arm-none-eabi/lib/thumb/v7e-m+fp/hard\libc_nano.a(libc_a-mallocr.o)
                0x2000035c                __malloc_sbrk_start
 .bss.__malloc_free_list
                0x20000360        0x4 D:/STM32CubeIDE_1.17.0/STM32CubeIDE/plugins/com.st.stm32cube.ide.mcu.externaltools.gnu-tools-for-stm32.13.3.rel1.win32_1.0.0.202411081344/tools/bin/../lib/gcc/arm-none-eabi/13.3.1/../../../../arm-none-eabi/lib/thumb/v7e-m+fp/hard\libc_nano.a(libc_a-mallocr.o)
                0x20000360                __malloc_free_list
 *(COMMON)
                0x20000364                        . = ALIGN (0x4)
                0x20000364                        _ebss = .
                0x20000364                        __bss_end__ = _ebss

._user_heap_stack
                0x20000364      0x604 load address 0x080057d0
                0x20000368                        . = ALIGN (0x8)
 *fill*         0x20000364        0x4 
                [!provide]                        PROVIDE (end = .)
                0x20000368                        PROVIDE (_end = .)
                0x20000568                        . = (. + _Min_Heap_Size)
 *fill*         0x20000368      0x200 
                0x20000968                        . = (. + _Min_Stack_Size)
 *fill*         0x20000568      0x400 
                0x20000968                        . = ALIGN (0x8)

/DISCARD/
 libc.a(*)
 libm.a(*)
 libgcc.a(*)

.ARM.attributes
                0x00000000       0x30
 *(.ARM.attributes)
 .ARM.attributes
                0x00000000       0x22 D:/STM32CubeIDE_1.17.0/STM32CubeIDE/plugins/com.st.stm32cube.ide.mcu.externaltools.gnu-tools-for-stm32.13.3.rel1.win32_1.0.0.202411081344/tools/bin/../lib/gcc/arm-none-eabi/13.3.1/thumb/v7e-m+fp/hard/crti.o
 .ARM.attributes
                0x00000022       0x34 D:/STM32CubeIDE_1.17.0/STM32CubeIDE/plugins/com.st.stm32cube.ide.mcu.externaltools.gnu-tools-for-stm32.13.3.rel1.win32_1.0.0.202411081344/tools/bin/../lib/gcc/arm-none-eabi/13.3.1/thumb/v7e-m+fp/hard/crtbegin.o
 .ARM.attributes
                0x00000056       0x34 ./Core/Src/gpio.o
 .ARM.attributes
                0x0000008a       0x34 ./Core/Src/main.o
 .ARM.attributes
                0x000000be       0x34 ./Core/Src/spi.o
 .ARM.attributes
                0x000000f2       0x34 ./Core/Src/stm32f4xx_hal_msp.o
 .ARM.attributes
                0x00000126       0x34 ./Core/Src/stm32f4xx_it.o
 .ARM.attributes
                0x0000015a       0x34 ./Core/Src/syscalls.o
 .ARM.attributes
                0x0000018e       0x34 ./Core/Src/sysmem.o
 .ARM.attributes
                0x000001c2       0x34 ./Core/Src/system_stm32f4xx.o
 .ARM.attributes
                0x000001f6       0x34 ./Core/Src/usart.o
 .ARM.attributes
                0x0000022a       0x34 ./Core/Src/w5500/W5500/w5500.o
 .ARM.attributes
                0x0000025e       0x34 ./Core/Src/w5500/socket.o
 .ARM.attributes
                0x00000292       0x34 ./Core/Src/w5500/wizchip_conf.o
 .ARM.attributes
                0x000002c6       0x21 ./Core/Startup/startup_stm32f446retx.o
 .ARM.attributes
                0x000002e7       0x34 ./Drivers/STM32F4xx_HAL_Driver/Src/stm32f4xx_hal.o
 .ARM.attributes
                0x0000031b       0x34 ./Drivers/STM32F4xx_HAL_Driver/Src/stm32f4xx_hal_cortex.o
 .ARM.attributes
                0x0000034f       0x34 ./Drivers/STM32F4xx_HAL_Driver/Src/stm32f4xx_hal_gpio.o
 .ARM.attributes
                0x00000383       0x34 ./Drivers/STM32F4xx_HAL_Driver/Src/stm32f4xx_hal_rcc.o
 .ARM.attributes
                0x000003b7       0x34 ./Drivers/STM32F4xx_HAL_Driver/Src/stm32f4xx_hal_rcc_ex.o
 .ARM.attributes
                0x000003eb       0x34 ./Drivers/STM32F4xx_HAL_Driver/Src/stm32f4xx_hal_spi.o
 .ARM.attributes
                0x0000041f       0x34 ./Drivers/STM32F4xx_HAL_Driver/Src/stm32f4xx_hal_uart.o
 .ARM.attributes
                0x00000453       0x34 D:/STM32CubeIDE_1.17.0/STM32CubeIDE/plugins/com.st.stm32cube.ide.mcu.externaltools.gnu-tools-for-stm32.13.3.rel1.win32_1.0.0.202411081344/tools/bin/../lib/gcc/arm-none-eabi/13.3.1/../../../../arm-none-eabi/lib/thumb/v7e-m+fp/hard\libc_nano.a(libc_a-findfp.o)
 .ARM.attributes
                0x00000487       0x34 D:/STM32CubeIDE_1.17.0/STM32CubeIDE/plugins/com.st.stm32cube.ide.mcu.externaltools.gnu-tools-for-stm32.13.3.rel1.win32_1.0.0.202411081344/tools/bin/../lib/gcc/arm-none-eabi/13.3.1/../../../../arm-none-eabi/lib/thumb/v7e-m+fp/hard\libc_nano.a(libc_a-fwalk.o)
 .ARM.attributes
                0x000004bb       0x34 D:/STM32CubeIDE_1.17.0/STM32CubeIDE/plugins/com.st.stm32cube.ide.mcu.externaltools.gnu-tools-for-stm32.13.3.rel1.win32_1.0.0.202411081344/tools/bin/../lib/gcc/arm-none-eabi/13.3.1/../../../../arm-none-eabi/lib/thumb/v7e-m+fp/hard\libc_nano.a(libc_a-printf.o)
 .ARM.attributes
                0x000004ef       0x34 D:/STM32CubeIDE_1.17.0/STM32CubeIDE/plugins/com.st.stm32cube.ide.mcu.externaltools.gnu-tools-for-stm32.13.3.rel1.win32_1.0.0.202411081344/tools/bin/../lib/gcc/arm-none-eabi/13.3.1/../../../../arm-none-eabi/lib/thumb/v7e-m+fp/hard\libc_nano.a(libc_a-puts.o)
 .ARM.attributes
                0x00000523       0x34 D:/STM32CubeIDE_1.17.0/STM32CubeIDE/plugins/com.st.stm32cube.ide.mcu.externaltools.gnu-tools-for-stm32.13.3.rel1.win32_1.0.0.202411081344/tools/bin/../lib/gcc/arm-none-eabi/13.3.1/../../../../arm-none-eabi/lib/thumb/v7e-m+fp/hard\libc_nano.a(libc_a-setbuf.o)
 .ARM.attributes
                0x00000557       0x34 D:/STM32CubeIDE_1.17.0/STM32CubeIDE/plugins/com.st.stm32cube.ide.mcu.externaltools.gnu-tools-for-stm32.13.3.rel1.win32_1.0.0.202411081344/tools/bin/../lib/gcc/arm-none-eabi/13.3.1/../../../../arm-none-eabi/lib/thumb/v7e-m+fp/hard\libc_nano.a(libc_a-setvbuf.o)
 .ARM.attributes
                0x0000058b       0x34 D:/STM32CubeIDE_1.17.0/STM32CubeIDE/plugins/com.st.stm32cube.ide.mcu.externaltools.gnu-tools-for-stm32.13.3.rel1.win32_1.0.0.202411081344/tools/bin/../lib/gcc/arm-none-eabi/13.3.1/../../../../arm-none-eabi/lib/thumb/v7e-m+fp/hard\libc_nano.a(libc_a-stdio.o)
 .ARM.attributes
                0x000005bf       0x34 D:/STM32CubeIDE_1.17.0/STM32CubeIDE/plugins/com.st.stm32cube.ide.mcu.externaltools.gnu-tools-for-stm32.13.3.rel1.win32_1.0.0.202411081344/tools/bin/../lib/gcc/arm-none-eabi/13.3.1/../../../../arm-none-eabi/lib/thumb/v7e-m+fp/hard\libc_nano.a(libc_a-wbuf.o)
 .ARM.attributes
                0x000005f3       0x34 D:/STM32CubeIDE_1.17.0/STM32CubeIDE/plugins/com.st.stm32cube.ide.mcu.externaltools.gnu-tools-for-stm32.13.3.rel1.win32_1.0.0.202411081344/tools/bin/../lib/gcc/arm-none-eabi/13.3.1/../../../../arm-none-eabi/lib/thumb/v7e-m+fp/hard\libc_nano.a(libc_a-wsetup.o)
 .ARM.attributes
                0x00000627       0x34 D:/STM32CubeIDE_1.17.0/STM32CubeIDE/plugins/com.st.stm32cube.ide.mcu.externaltools.gnu-tools-for-stm32.13.3.rel1.win32_1.0.0.202411081344/tools/bin/../lib/gcc/arm-none-eabi/13.3.1/../../../../arm-none-eabi/lib/thumb/v7e-m+fp/hard\libc_nano.a(libc_a-memset.o)
 .ARM.attributes
                0x0000065b       0x34 D:/STM32CubeIDE_1.17.0/STM32CubeIDE/plugins/com.st.stm32cube.ide.mcu.externaltools.gnu-tools-for-stm32.13.3.rel1.win32_1.0.0.202411081344/tools/bin/../lib/gcc/arm-none-eabi/13.3.1/../../../../arm-none-eabi/lib/thumb/v7e-m+fp/hard\libc_nano.a(libc_a-closer.o)
 .ARM.attributes
                0x0000068f       0x34 D:/STM32CubeIDE_1.17.0/STM32CubeIDE/plugins/com.st.stm32cube.ide.mcu.externaltools.gnu-tools-for-stm32.13.3.rel1.win32_1.0.0.202411081344/tools/bin/../lib/gcc/arm-none-eabi/13.3.1/../../../../arm-none-eabi/lib/thumb/v7e-m+fp/hard\libc_nano.a(libc_a-reent.o)
 .ARM.attributes
                0x000006c3       0x34 D:/STM32CubeIDE_1.17.0/STM32CubeIDE/plugins/com.st.stm32cube.ide.mcu.externaltools.gnu-tools-for-stm32.13.3.rel1.win32_1.0.0.202411081344/tools/bin/../lib/gcc/arm-none-eabi/13.3.1/../../../../arm-none-eabi/lib/thumb/v7e-m+fp/hard\libc_nano.a(libc_a-impure.o)
 .ARM.attributes
                0x000006f7       0x34 D:/STM32CubeIDE_1.17.0/STM32CubeIDE/plugins/com.st.stm32cube.ide.mcu.externaltools.gnu-tools-for-stm32.13.3.rel1.win32_1.0.0.202411081344/tools/bin/../lib/gcc/arm-none-eabi/13.3.1/../../../../arm-none-eabi/lib/thumb/v7e-m+fp/hard\libc_nano.a(libc_a-lseekr.o)
 .ARM.attributes
                0x0000072b       0x34 D:/STM32CubeIDE_1.17.0/STM32CubeIDE/plugins/com.st.stm32cube.ide.mcu.externaltools.gnu-tools-for-stm32.13.3.rel1.win32_1.0.0.202411081344/tools/bin/../lib/gcc/arm-none-eabi/13.3.1/../../../../arm-none-eabi/lib/thumb/v7e-m+fp/hard\libc_nano.a(libc_a-readr.o)
 .ARM.attributes
                0x0000075f       0x34 D:/STM32CubeIDE_1.17.0/STM32CubeIDE/plugins/com.st.stm32cube.ide.mcu.externaltools.gnu-tools-for-stm32.13.3.rel1.win32_1.0.0.202411081344/tools/bin/../lib/gcc/arm-none-eabi/13.3.1/../../../../arm-none-eabi/lib/thumb/v7e-m+fp/hard\libc_nano.a(libc_a-writer.o)
 .ARM.attributes
                0x00000793       0x34 D:/STM32CubeIDE_1.17.0/STM32CubeIDE/plugins/com.st.stm32cube.ide.mcu.externaltools.gnu-tools-for-stm32.13.3.rel1.win32_1.0.0.202411081344/tools/bin/../lib/gcc/arm-none-eabi/13.3.1/../../../../arm-none-eabi/lib/thumb/v7e-m+fp/hard\libc_nano.a(libc_a-errno.o)
 .ARM.attributes
                0x000007c7       0x34 D:/STM32CubeIDE_1.17.0/STM32CubeIDE/plugins/com.st.stm32cube.ide.mcu.externaltools.gnu-tools-for-stm32.13.3.rel1.win32_1.0.0.202411081344/tools/bin/../lib/gcc/arm-none-eabi/13.3.1/../../../../arm-none-eabi/lib/thumb/v7e-m+fp/hard\libc_nano.a(libc_a-init.o)
 .ARM.attributes
                0x000007fb       0x34 D:/STM32CubeIDE_1.17.0/STM32CubeIDE/plugins/com.st.stm32cube.ide.mcu.externaltools.gnu-tools-for-stm32.13.3.rel1.win32_1.0.0.202411081344/tools/bin/../lib/gcc/arm-none-eabi/13.3.1/../../../../arm-none-eabi/lib/thumb/v7e-m+fp/hard\libc_nano.a(libc_a-lock.o)
 .ARM.attributes
                0x0000082f       0x20 D:/STM32CubeIDE_1.17.0/STM32CubeIDE/plugins/com.st.stm32cube.ide.mcu.externaltools.gnu-tools-for-stm32.13.3.rel1.win32_1.0.0.202411081344/tools/bin/../lib/gcc/arm-none-eabi/13.3.1/../../../../arm-none-eabi/lib/thumb/v7e-m+fp/hard\libc_nano.a(libc_a-strcmp.o)
 .ARM.attributes
                0x0000084f       0x34 D:/STM32CubeIDE_1.17.0/STM32CubeIDE/plugins/com.st.stm32cube.ide.mcu.externaltools.gnu-tools-for-stm32.13.3.rel1.win32_1.0.0.202411081344/tools/bin/../lib/gcc/arm-none-eabi/13.3.1/../../../../arm-none-eabi/lib/thumb/v7e-m+fp/hard\libc_nano.a(libc_a-freer.o)
 .ARM.attributes
                0x00000883       0x34 D:/STM32CubeIDE_1.17.0/STM32CubeIDE/plugins/com.st.stm32cube.ide.mcu.externaltools.gnu-tools-for-stm32.13.3.rel1.win32_1.0.0.202411081344/tools/bin/../lib/gcc/arm-none-eabi/13.3.1/../../../../arm-none-eabi/lib/thumb/v7e-m+fp/hard\libc_nano.a(libc_a-malloc.o)
 .ARM.attributes
                0x000008b7       0x34 D:/STM32CubeIDE_1.17.0/STM32CubeIDE/plugins/com.st.stm32cube.ide.mcu.externaltools.gnu-tools-for-stm32.13.3.rel1.win32_1.0.0.202411081344/tools/bin/../lib/gcc/arm-none-eabi/13.3.1/../../../../arm-none-eabi/lib/thumb/v7e-m+fp/hard\libc_nano.a(libc_a-mallocr.o)
 .ARM.attributes
                0x000008eb       0x34 D:/STM32CubeIDE_1.17.0/STM32CubeIDE/plugins/com.st.stm32cube.ide.mcu.externaltools.gnu-tools-for-stm32.13.3.rel1.win32_1.0.0.202411081344/tools/bin/../lib/gcc/arm-none-eabi/13.3.1/../../../../arm-none-eabi/lib/thumb/v7e-m+fp/hard\libc_nano.a(libc_a-mlock.o)
 .ARM.attributes
                0x0000091f       0x34 D:/STM32CubeIDE_1.17.0/STM32CubeIDE/plugins/com.st.stm32cube.ide.mcu.externaltools.gnu-tools-for-stm32.13.3.rel1.win32_1.0.0.202411081344/tools/bin/../lib/gcc/arm-none-eabi/13.3.1/../../../../arm-none-eabi/lib/thumb/v7e-m+fp/hard\libc_nano.a(libc_a-nano-vfprintf.o)
 .ARM.attributes
                0x00000953       0x34 D:/STM32CubeIDE_1.17.0/STM32CubeIDE/plugins/com.st.stm32cube.ide.mcu.externaltools.gnu-tools-for-stm32.13.3.rel1.win32_1.0.0.202411081344/tools/bin/../lib/gcc/arm-none-eabi/13.3.1/../../../../arm-none-eabi/lib/thumb/v7e-m+fp/hard\libc_nano.a(libc_a-nano-vfprintf_i.o)
 .ARM.attributes
                0x00000987       0x34 D:/STM32CubeIDE_1.17.0/STM32CubeIDE/plugins/com.st.stm32cube.ide.mcu.externaltools.gnu-tools-for-stm32.13.3.rel1.win32_1.0.0.202411081344/tools/bin/../lib/gcc/arm-none-eabi/13.3.1/../../../../arm-none-eabi/lib/thumb/v7e-m+fp/hard\libc_nano.a(libc_a-fflush.o)
 .ARM.attributes
                0x000009bb       0x34 D:/STM32CubeIDE_1.17.0/STM32CubeIDE/plugins/com.st.stm32cube.ide.mcu.externaltools.gnu-tools-for-stm32.13.3.rel1.win32_1.0.0.202411081344/tools/bin/../lib/gcc/arm-none-eabi/13.3.1/../../../../arm-none-eabi/lib/thumb/v7e-m+fp/hard\libc_nano.a(libc_a-makebuf.o)
 .ARM.attributes
                0x000009ef       0x34 D:/STM32CubeIDE_1.17.0/STM32CubeIDE/plugins/com.st.stm32cube.ide.mcu.externaltools.gnu-tools-for-stm32.13.3.rel1.win32_1.0.0.202411081344/tools/bin/../lib/gcc/arm-none-eabi/13.3.1/../../../../arm-none-eabi/lib/thumb/v7e-m+fp/hard\libc_nano.a(libc_a-fstatr.o)
 .ARM.attributes
                0x00000a23       0x34 D:/STM32CubeIDE_1.17.0/STM32CubeIDE/plugins/com.st.stm32cube.ide.mcu.externaltools.gnu-tools-for-stm32.13.3.rel1.win32_1.0.0.202411081344/tools/bin/../lib/gcc/arm-none-eabi/13.3.1/../../../../arm-none-eabi/lib/thumb/v7e-m+fp/hard\libc_nano.a(libc_a-isattyr.o)
 .ARM.attributes
                0x00000a57       0x34 D:/STM32CubeIDE_1.17.0/STM32CubeIDE/plugins/com.st.stm32cube.ide.mcu.externaltools.gnu-tools-for-stm32.13.3.rel1.win32_1.0.0.202411081344/tools/bin/../lib/gcc/arm-none-eabi/13.3.1/../../../../arm-none-eabi/lib/thumb/v7e-m+fp/hard\libc_nano.a(libc_a-sbrkr.o)
 .ARM.attributes
                0x00000a8b       0x1c D:/STM32CubeIDE_1.17.0/STM32CubeIDE/plugins/com.st.stm32cube.ide.mcu.externaltools.gnu-tools-for-stm32.13.3.rel1.win32_1.0.0.202411081344/tools/bin/../lib/gcc/arm-none-eabi/13.3.1/../../../../arm-none-eabi/lib/thumb/v7e-m+fp/hard\libc_nano.a(libc_a-memchr.o)
 .ARM.attributes
                0x00000aa7       0x22 D:/STM32CubeIDE_1.17.0/STM32CubeIDE/plugins/com.st.stm32cube.ide.mcu.externaltools.gnu-tools-for-stm32.13.3.rel1.win32_1.0.0.202411081344/tools/bin/../lib/gcc/arm-none-eabi/13.3.1/thumb/v7e-m+fp/hard\libgcc.a(_aeabi_uldivmod.o)
 .ARM.attributes
                0x00000ac9       0x34 D:/STM32CubeIDE_1.17.0/STM32CubeIDE/plugins/com.st.stm32cube.ide.mcu.externaltools.gnu-tools-for-stm32.13.3.rel1.win32_1.0.0.202411081344/tools/bin/../lib/gcc/arm-none-eabi/13.3.1/thumb/v7e-m+fp/hard\libgcc.a(_udivmoddi4.o)
 .ARM.attributes
                0x00000afd       0x22 D:/STM32CubeIDE_1.17.0/STM32CubeIDE/plugins/com.st.stm32cube.ide.mcu.externaltools.gnu-tools-for-stm32.13.3.rel1.win32_1.0.0.202411081344/tools/bin/../lib/gcc/arm-none-eabi/13.3.1/thumb/v7e-m+fp/hard\libgcc.a(_dvmd_tls.o)
 .ARM.attributes
                0x00000b1f       0x22 D:/STM32CubeIDE_1.17.0/STM32CubeIDE/plugins/com.st.stm32cube.ide.mcu.externaltools.gnu-tools-for-stm32.13.3.rel1.win32_1.0.0.202411081344/tools/bin/../lib/gcc/arm-none-eabi/13.3.1/thumb/v7e-m+fp/hard/crtn.o
OUTPUT(w5500.elf elf32-littlearm)
LOAD linker stubs
LOAD D:/STM32CubeIDE_1.17.0/STM32CubeIDE/plugins/com.st.stm32cube.ide.mcu.externaltools.gnu-tools-for-stm32.13.3.rel1.win32_1.0.0.202411081344/tools/bin/../lib/gcc/arm-none-eabi/13.3.1/../../../../arm-none-eabi/lib/thumb/v7e-m+fp/hard\libc.a
LOAD D:/STM32CubeIDE_1.17.0/STM32CubeIDE/plugins/com.st.stm32cube.ide.mcu.externaltools.gnu-tools-for-stm32.13.3.rel1.win32_1.0.0.202411081344/tools/bin/../lib/gcc/arm-none-eabi/13.3.1/../../../../arm-none-eabi/lib/thumb/v7e-m+fp/hard\libm.a
LOAD D:/STM32CubeIDE_1.17.0/STM32CubeIDE/plugins/com.st.stm32cube.ide.mcu.externaltools.gnu-tools-for-stm32.13.3.rel1.win32_1.0.0.202411081344/tools/bin/../lib/gcc/arm-none-eabi/13.3.1/thumb/v7e-m+fp/hard\libgcc.a

.debug_info     0x00000000     0xd2dc
 .debug_info    0x00000000      0x439 ./Core/Src/gpio.o
 .debug_info    0x00000439     0x161b ./Core/Src/main.o
 .debug_info    0x00001a54      0x999 ./Core/Src/spi.o
 .debug_info    0x000023ed      0x2ac ./Core/Src/stm32f4xx_hal_msp.o
 .debug_info    0x00002699      0x112 ./Core/Src/stm32f4xx_it.o
 .debug_info    0x000027ab      0x6a3 ./Core/Src/syscalls.o
 .debug_info    0x00002e4e      0x168 ./Core/Src/sysmem.o
 .debug_info    0x00002fb6      0x54a ./Core/Src/system_stm32f4xx.o
 .debug_info    0x00003500      0x94d ./Core/Src/usart.o
 .debug_info    0x00003e4d      0x5e8 ./Core/Src/w5500/W5500/w5500.o
 .debug_info    0x00004435      0xa0e ./Core/Src/w5500/socket.o
 .debug_info    0x00004e43      0xf47 ./Core/Src/w5500/wizchip_conf.o
 .debug_info    0x00005d8a       0x30 ./Core/Startup/startup_stm32f446retx.o
 .debug_info    0x00005dba      0x99a ./Drivers/STM32F4xx_HAL_Driver/Src/stm32f4xx_hal.o
 .debug_info    0x00006754      0xdaa ./Drivers/STM32F4xx_HAL_Driver/Src/stm32f4xx_hal_cortex.o
 .debug_info    0x000074fe      0x70b ./Drivers/STM32F4xx_HAL_Driver/Src/stm32f4xx_hal_gpio.o
 .debug_info    0x00007c09      0x8ff ./Drivers/STM32F4xx_HAL_Driver/Src/stm32f4xx_hal_rcc.o
 .debug_info    0x00008508      0x960 ./Drivers/STM32F4xx_HAL_Driver/Src/stm32f4xx_hal_rcc_ex.o
 .debug_info    0x00008e68     0x1525 ./Drivers/STM32F4xx_HAL_Driver/Src/stm32f4xx_hal_spi.o
 .debug_info    0x0000a38d     0x2f4f ./Drivers/STM32F4xx_HAL_Driver/Src/stm32f4xx_hal_uart.o

.debug_abbrev   0x00000000     0x2618
 .debug_abbrev  0x00000000      0x152 ./Core/Src/gpio.o
 .debug_abbrev  0x00000152      0x378 ./Core/Src/main.o
 .debug_abbrev  0x000004ca      0x1fa ./Core/Src/spi.o
 .debug_abbrev  0x000006c4       0xf4 ./Core/Src/stm32f4xx_hal_msp.o
 .debug_abbrev  0x000007b8       0x73 ./Core/Src/stm32f4xx_it.o
 .debug_abbrev  0x0000082b      0x1b6 ./Core/Src/syscalls.o
 .debug_abbrev  0x000009e1       0xbc ./Core/Src/sysmem.o
 .debug_abbrev  0x00000a9d      0x11a ./Core/Src/system_stm32f4xx.o
 .debug_abbrev  0x00000bb7      0x1f9 ./Core/Src/usart.o
 .debug_abbrev  0x00000db0      0x20b ./Core/Src/w5500/W5500/w5500.o
 .debug_abbrev  0x00000fbb      0x1c5 ./Core/Src/w5500/socket.o
 .debug_abbrev  0x00001180      0x31f ./Core/Src/w5500/wizchip_conf.o
 .debug_abbrev  0x0000149f       0x24 ./Core/Startup/startup_stm32f446retx.o
 .debug_abbrev  0x000014c3      0x214 ./Drivers/STM32F4xx_HAL_Driver/Src/stm32f4xx_hal.o
 .debug_abbrev  0x000016d7      0x31d ./Drivers/STM32F4xx_HAL_Driver/Src/stm32f4xx_hal_cortex.o
 .debug_abbrev  0x000019f4      0x1d4 ./Drivers/STM32F4xx_HAL_Driver/Src/stm32f4xx_hal_gpio.o
 .debug_abbrev  0x00001bc8      0x2b7 ./Drivers/STM32F4xx_HAL_Driver/Src/stm32f4xx_hal_rcc.o
 .debug_abbrev  0x00001e7f      0x211 ./Drivers/STM32F4xx_HAL_Driver/Src/stm32f4xx_hal_rcc_ex.o
 .debug_abbrev  0x00002090      0x27a ./Drivers/STM32F4xx_HAL_Driver/Src/stm32f4xx_hal_spi.o
 .debug_abbrev  0x0000230a      0x30e ./Drivers/STM32F4xx_HAL_Driver/Src/stm32f4xx_hal_uart.o

.debug_aranges  0x00000000      0xc28
 .debug_aranges
                0x00000000       0x20 ./Core/Src/gpio.o
 .debug_aranges
                0x00000020       0x50 ./Core/Src/main.o
 .debug_aranges
                0x00000070       0x30 ./Core/Src/spi.o
 .debug_aranges
                0x000000a0       0x20 ./Core/Src/stm32f4xx_hal_msp.o
 .debug_aranges
                0x000000c0       0x60 ./Core/Src/stm32f4xx_it.o
 .debug_aranges
                0x00000120       0xa8 ./Core/Src/syscalls.o
 .debug_aranges
                0x000001c8       0x20 ./Core/Src/sysmem.o
 .debug_aranges
                0x000001e8       0x28 ./Core/Src/system_stm32f4xx.o
 .debug_aranges
                0x00000210       0x30 ./Core/Src/usart.o
 .debug_aranges
                0x00000240       0x60 ./Core/Src/w5500/W5500/w5500.o
 .debug_aranges
                0x000002a0       0xa8 ./Core/Src/w5500/socket.o
 .debug_aranges
                0x00000348      0x168 ./Core/Src/w5500/wizchip_conf.o
 .debug_aranges
                0x000004b0       0x28 ./Core/Startup/startup_stm32f446retx.o
 .debug_aranges
                0x000004d8       0xf0 ./Drivers/STM32F4xx_HAL_Driver/Src/stm32f4xx_hal.o
 .debug_aranges
                0x000005c8      0x130 ./Drivers/STM32F4xx_HAL_Driver/Src/stm32f4xx_hal_cortex.o
 .debug_aranges
                0x000006f8       0x58 ./Drivers/STM32F4xx_HAL_Driver/Src/stm32f4xx_hal_gpio.o
 .debug_aranges
                0x00000750       0x88 ./Drivers/STM32F4xx_HAL_Driver/Src/stm32f4xx_hal_rcc.o
 .debug_aranges
                0x000007d8       0x78 ./Drivers/STM32F4xx_HAL_Driver/Src/stm32f4xx_hal_rcc_ex.o
 .debug_aranges
                0x00000850      0x1d0 ./Drivers/STM32F4xx_HAL_Driver/Src/stm32f4xx_hal_spi.o
 .debug_aranges
                0x00000a20      0x208 ./Drivers/STM32F4xx_HAL_Driver/Src/stm32f4xx_hal_uart.o

.debug_rnglists
                0x00000000      0x94e
 .debug_rnglists
                0x00000000       0x14 ./Core/Src/gpio.o
 .debug_rnglists
                0x00000014       0x3a ./Core/Src/main.o
 .debug_rnglists
                0x0000004e       0x20 ./Core/Src/spi.o
 .debug_rnglists
                0x0000006e       0x13 ./Core/Src/stm32f4xx_hal_msp.o
 .debug_rnglists
                0x00000081       0x43 ./Core/Src/stm32f4xx_it.o
 .debug_rnglists
                0x000000c4       0x79 ./Core/Src/syscalls.o
 .debug_rnglists
                0x0000013d       0x13 ./Core/Src/sysmem.o
 .debug_rnglists
                0x00000150       0x1a ./Core/Src/system_stm32f4xx.o
 .debug_rnglists
                0x0000016a       0x20 ./Core/Src/usart.o
 .debug_rnglists
                0x0000018a       0x4c ./Core/Src/w5500/W5500/w5500.o
 .debug_rnglists
                0x000001d6       0x91 ./Core/Src/w5500/socket.o
 .debug_rnglists
                0x00000267      0x111 ./Core/Src/w5500/wizchip_conf.o
 .debug_rnglists
                0x00000378       0x19 ./Core/Startup/startup_stm32f446retx.o
 .debug_rnglists
                0x00000391       0xaf ./Drivers/STM32F4xx_HAL_Driver/Src/stm32f4xx_hal.o
 .debug_rnglists
                0x00000440       0xe0 ./Drivers/STM32F4xx_HAL_Driver/Src/stm32f4xx_hal_cortex.o
 .debug_rnglists
                0x00000520       0x3f ./Drivers/STM32F4xx_HAL_Driver/Src/stm32f4xx_hal_gpio.o
 .debug_rnglists
                0x0000055f       0x66 ./Drivers/STM32F4xx_HAL_Driver/Src/stm32f4xx_hal_rcc.o
 .debug_rnglists
                0x000005c5       0x5e ./Drivers/STM32F4xx_HAL_Driver/Src/stm32f4xx_hal_rcc_ex.o
 .debug_rnglists
                0x00000623      0x16f ./Drivers/STM32F4xx_HAL_Driver/Src/stm32f4xx_hal_spi.o
 .debug_rnglists
                0x00000792      0x1bc ./Drivers/STM32F4xx_HAL_Driver/Src/stm32f4xx_hal_uart.o

.debug_macro    0x00000000    0x2324c
 .debug_macro   0x00000000      0x1dd ./Core/Src/gpio.o
 .debug_macro   0x000001dd      0xad8 ./Core/Src/gpio.o
 .debug_macro   0x00000cb5      0x29b ./Core/Src/gpio.o
 .debug_macro   0x00000f50       0x2e ./Core/Src/gpio.o
 .debug_macro   0x00000f7e       0x28 ./Core/Src/gpio.o
 .debug_macro   0x00000fa6       0x22 ./Core/Src/gpio.o
 .debug_macro   0x00000fc8       0x8e ./Core/Src/gpio.o
 .debug_macro   0x00001056       0x51 ./Core/Src/gpio.o
 .debug_macro   0x000010a7      0x103 ./Core/Src/gpio.o
 .debug_macro   0x000011aa       0x6a ./Core/Src/gpio.o
 .debug_macro   0x00001214      0x1df ./Core/Src/gpio.o
 .debug_macro   0x000013f3       0x1c ./Core/Src/gpio.o
 .debug_macro   0x0000140f       0x22 ./Core/Src/gpio.o
 .debug_macro   0x00001431       0xfb ./Core/Src/gpio.o
 .debug_macro   0x0000152c     0x1011 ./Core/Src/gpio.o
 .debug_macro   0x0000253d      0x11f ./Core/Src/gpio.o
 .debug_macro   0x0000265c    0x1675e ./Core/Src/gpio.o
 .debug_macro   0x00018dba       0x6d ./Core/Src/gpio.o
 .debug_macro   0x00018e27     0x3693 ./Core/Src/gpio.o
 .debug_macro   0x0001c4ba      0x190 ./Core/Src/gpio.o
 .debug_macro   0x0001c64a       0x5c ./Core/Src/gpio.o
 .debug_macro   0x0001c6a6      0xca5 ./Core/Src/gpio.o
 .debug_macro   0x0001d34b      0x9e9 ./Core/Src/gpio.o
 .debug_macro   0x0001dd34      0x115 ./Core/Src/gpio.o
 .debug_macro   0x0001de49      0x1a0 ./Core/Src/gpio.o
 .debug_macro   0x0001dfe9       0xa5 ./Core/Src/gpio.o
 .debug_macro   0x0001e08e      0x16d ./Core/Src/gpio.o
 .debug_macro   0x0001e1fb      0x287 ./Core/Src/gpio.o
 .debug_macro   0x0001e482       0x5f ./Core/Src/gpio.o
 .debug_macro   0x0001e4e1      0x236 ./Core/Src/gpio.o
 .debug_macro   0x0001e717      0x132 ./Core/Src/gpio.o
 .debug_macro   0x0001e849      0x29c ./Core/Src/gpio.o
 .debug_macro   0x0001eae5       0x2e ./Core/Src/gpio.o
 .debug_macro   0x0001eb13      0x127 ./Core/Src/gpio.o
 .debug_macro   0x0001ec3a       0xe8 ./Core/Src/gpio.o
 .debug_macro   0x0001ed22       0x89 ./Core/Src/gpio.o
 .debug_macro   0x0001edab      0x225 ./Core/Src/gpio.o
 .debug_macro   0x0001efd0      0x2aa ./Core/Src/gpio.o
 .debug_macro   0x0001f27a      0x126 ./Core/Src/gpio.o
 .debug_macro   0x0001f3a0       0x70 ./Core/Src/gpio.o
 .debug_macro   0x0001f410      0x348 ./Core/Src/main.o
 .debug_macro   0x0001f758       0x61 ./Core/Src/main.o
 .debug_macro   0x0001f7b9       0x2a ./Core/Src/main.o
 .debug_macro   0x0001f7e3       0x43 ./Core/Src/main.o
 .debug_macro   0x0001f826       0x34 ./Core/Src/main.o
 .debug_macro   0x0001f85a       0x16 ./Core/Src/main.o
 .debug_macro   0x0001f870       0x3c ./Core/Src/main.o
 .debug_macro   0x0001f8ac      0x370 ./Core/Src/main.o
 .debug_macro   0x0001fc1c       0x10 ./Core/Src/main.o
 .debug_macro   0x0001fc2c       0x16 ./Core/Src/main.o
 .debug_macro   0x0001fc42       0x4a ./Core/Src/main.o
 .debug_macro   0x0001fc8c       0x34 ./Core/Src/main.o
 .debug_macro   0x0001fcc0       0x10 ./Core/Src/main.o
 .debug_macro   0x0001fcd0       0x58 ./Core/Src/main.o
 .debug_macro   0x0001fd28       0x8e ./Core/Src/main.o
 .debug_macro   0x0001fdb6       0x1c ./Core/Src/main.o
 .debug_macro   0x0001fdd2      0x185 ./Core/Src/main.o
 .debug_macro   0x0001ff57       0x16 ./Core/Src/main.o
 .debug_macro   0x0001ff6d       0x16 ./Core/Src/main.o
 .debug_macro   0x0001ff83      0x146 ./Core/Src/main.o
 .debug_macro   0x000200c9       0x16 ./Core/Src/main.o
 .debug_macro   0x000200df       0x20 ./Core/Src/main.o
 .debug_macro   0x000200ff       0x91 ./Core/Src/main.o
 .debug_macro   0x00020190      0x5fc ./Core/Src/main.o
 .debug_macro   0x0002078c       0x66 ./Core/Src/main.o
 .debug_macro   0x000207f2      0x180 ./Core/Src/main.o
 .debug_macro   0x00020972      0x1dd ./Core/Src/spi.o
 .debug_macro   0x00020b4f      0x1d3 ./Core/Src/stm32f4xx_hal_msp.o
 .debug_macro   0x00020d22      0x1dd ./Core/Src/stm32f4xx_it.o
 .debug_macro   0x00020eff      0x274 ./Core/Src/syscalls.o
 .debug_macro   0x00021173       0x5b ./Core/Src/syscalls.o
 .debug_macro   0x000211ce       0x94 ./Core/Src/syscalls.o
 .debug_macro   0x00021262       0x57 ./Core/Src/syscalls.o
 .debug_macro   0x000212b9       0x10 ./Core/Src/syscalls.o
 .debug_macro   0x000212c9       0x10 ./Core/Src/syscalls.o
 .debug_macro   0x000212d9       0x10 ./Core/Src/syscalls.o
 .debug_macro   0x000212e9       0x10 ./Core/Src/syscalls.o
 .debug_macro   0x000212f9       0x1c ./Core/Src/syscalls.o
 .debug_macro   0x00021315       0x52 ./Core/Src/syscalls.o
 .debug_macro   0x00021367       0x22 ./Core/Src/syscalls.o
 .debug_macro   0x00021389       0x10 ./Core/Src/syscalls.o
 .debug_macro   0x00021399       0x52 ./Core/Src/syscalls.o
 .debug_macro   0x000213eb       0xcf ./Core/Src/syscalls.o
 .debug_macro   0x000214ba       0x1c ./Core/Src/syscalls.o
 .debug_macro   0x000214d6       0x3d ./Core/Src/syscalls.o
 .debug_macro   0x00021513       0x35 ./Core/Src/syscalls.o
 .debug_macro   0x00021548      0x12c ./Core/Src/syscalls.o
 .debug_macro   0x00021674       0x16 ./Core/Src/syscalls.o
 .debug_macro   0x0002168a       0x16 ./Core/Src/syscalls.o
 .debug_macro   0x000216a0       0x29 ./Core/Src/syscalls.o
 .debug_macro   0x000216c9       0x10 ./Core/Src/syscalls.o
 .debug_macro   0x000216d9      0x242 ./Core/Src/syscalls.o
 .debug_macro   0x0002191b       0x1c ./Core/Src/syscalls.o
 .debug_macro   0x00021937       0x10 ./Core/Src/syscalls.o
 .debug_macro   0x00021947      0x18a ./Core/Src/syscalls.o
 .debug_macro   0x00021ad1       0x16 ./Core/Src/syscalls.o
 .debug_macro   0x00021ae7       0xce ./Core/Src/syscalls.o
 .debug_macro   0x00021bb5      0x112 ./Core/Src/sysmem.o
 .debug_macro   0x00021cc7      0x23c ./Core/Src/sysmem.o
 .debug_macro   0x00021f03      0x1c4 ./Core/Src/system_stm32f4xx.o
 .debug_macro   0x000220c7      0x1dd ./Core/Src/usart.o
 .debug_macro   0x000222a4       0x9d ./Core/Src/w5500/W5500/w5500.o
 .debug_macro   0x00022341       0xf6 ./Core/Src/w5500/socket.o
 .debug_macro   0x00022437       0x8b ./Core/Src/w5500/socket.o
 .debug_macro   0x000224c2       0x94 ./Core/Src/w5500/wizchip_conf.o
 .debug_macro   0x00022556      0x224 ./Drivers/STM32F4xx_HAL_Driver/Src/stm32f4xx_hal.o
 .debug_macro   0x0002277a      0x1c4 ./Drivers/STM32F4xx_HAL_Driver/Src/stm32f4xx_hal_cortex.o
 .debug_macro   0x0002293e      0x1ca ./Drivers/STM32F4xx_HAL_Driver/Src/stm32f4xx_hal_gpio.o
 .debug_macro   0x00022b08      0x1e8 ./Drivers/STM32F4xx_HAL_Driver/Src/stm32f4xx_hal_rcc.o
 .debug_macro   0x00022cf0      0x1c4 ./Drivers/STM32F4xx_HAL_Driver/Src/stm32f4xx_hal_rcc_ex.o
 .debug_macro   0x00022eb4      0x1d3 ./Drivers/STM32F4xx_HAL_Driver/Src/stm32f4xx_hal_spi.o
 .debug_macro   0x00023087      0x1c5 ./Drivers/STM32F4xx_HAL_Driver/Src/stm32f4xx_hal_uart.o

.debug_line     0x00000000     0xf302
 .debug_line    0x00000000      0x73a ./Core/Src/gpio.o
 .debug_line    0x0000073a      0xae5 ./Core/Src/main.o
 .debug_line    0x0000121f      0x7b8 ./Core/Src/spi.o
 .debug_line    0x000019d7      0x721 ./Core/Src/stm32f4xx_hal_msp.o
 .debug_line    0x000020f8      0x7cf ./Core/Src/stm32f4xx_it.o
 .debug_line    0x000028c7      0x89d ./Core/Src/syscalls.o
 .debug_line    0x00003164      0x579 ./Core/Src/sysmem.o
 .debug_line    0x000036dd      0x796 ./Core/Src/system_stm32f4xx.o
 .debug_line    0x00003e73      0x78e ./Core/Src/usart.o
 .debug_line    0x00004601      0x794 ./Core/Src/w5500/W5500/w5500.o
 .debug_line    0x00004d95     0x104d ./Core/Src/w5500/socket.o
 .debug_line    0x00005de2      0xd4a ./Core/Src/w5500/wizchip_conf.o
 .debug_line    0x00006b2c       0x7a ./Core/Startup/startup_stm32f446retx.o
 .debug_line    0x00006ba6      0xa12 ./Drivers/STM32F4xx_HAL_Driver/Src/stm32f4xx_hal.o
 .debug_line    0x000075b8      0xce2 ./Drivers/STM32F4xx_HAL_Driver/Src/stm32f4xx_hal_cortex.o
 .debug_line    0x0000829a      0xb56 ./Drivers/STM32F4xx_HAL_Driver/Src/stm32f4xx_hal_gpio.o
 .debug_line    0x00008df0      0xe2d ./Drivers/STM32F4xx_HAL_Driver/Src/stm32f4xx_hal_rcc.o
 .debug_line    0x00009c1d     0x14de ./Drivers/STM32F4xx_HAL_Driver/Src/stm32f4xx_hal_rcc_ex.o
 .debug_line    0x0000b0fb     0x1cad ./Drivers/STM32F4xx_HAL_Driver/Src/stm32f4xx_hal_spi.o
 .debug_line    0x0000cda8     0x255a ./Drivers/STM32F4xx_HAL_Driver/Src/stm32f4xx_hal_uart.o

.debug_str      0x00000000    0xd06a4
 .debug_str     0x00000000    0xd06a4 ./Core/Src/gpio.o
                              0xc3e0c (size before relaxing)
 .debug_str     0x000d06a4    0xcb7e2 ./Core/Src/main.o
 .debug_str     0x000d06a4    0xc4298 ./Core/Src/spi.o
 .debug_str     0x000d06a4    0xc3d5e ./Core/Src/stm32f4xx_hal_msp.o
 .debug_str     0x000d06a4    0xc3ca2 ./Core/Src/stm32f4xx_it.o
 .debug_str     0x000d06a4     0x99c2 ./Core/Src/syscalls.o
 .debug_str     0x000d06a4     0x7760 ./Core/Src/sysmem.o
 .debug_str     0x000d06a4    0xc3c7b ./Core/Src/system_stm32f4xx.o
 .debug_str     0x000d06a4    0xc42c9 ./Core/Src/usart.o
 .debug_str     0x000d06a4     0x6c15 ./Core/Src/w5500/W5500/w5500.o
 .debug_str     0x000d06a4     0x78a2 ./Core/Src/w5500/socket.o
 .debug_str     0x000d06a4     0x762e ./Core/Src/w5500/wizchip_conf.o
 .debug_str     0x000d06a4       0x62 ./Core/Startup/startup_stm32f446retx.o
 .debug_str     0x000d06a4    0xc4840 ./Drivers/STM32F4xx_HAL_Driver/Src/stm32f4xx_hal.o
 .debug_str     0x000d06a4    0xc4597 ./Drivers/STM32F4xx_HAL_Driver/Src/stm32f4xx_hal_cortex.o
 .debug_str     0x000d06a4    0xc3df6 ./Drivers/STM32F4xx_HAL_Driver/Src/stm32f4xx_hal_gpio.o
 .debug_str     0x000d06a4    0xc40b4 ./Drivers/STM32F4xx_HAL_Driver/Src/stm32f4xx_hal_rcc.o
 .debug_str     0x000d06a4    0xc40e7 ./Drivers/STM32F4xx_HAL_Driver/Src/stm32f4xx_hal_rcc_ex.o
 .debug_str     0x000d06a4    0xc4514 ./Drivers/STM32F4xx_HAL_Driver/Src/stm32f4xx_hal_spi.o
 .debug_str     0x000d06a4    0xc466b ./Drivers/STM32F4xx_HAL_Driver/Src/stm32f4xx_hal_uart.o

.comment        0x00000000       0x43
 .comment       0x00000000       0x43 ./Core/Src/gpio.o
                                 0x44 (size before relaxing)
 .comment       0x00000043       0x44 ./Core/Src/main.o
 .comment       0x00000043       0x44 ./Core/Src/spi.o
 .comment       0x00000043       0x44 ./Core/Src/stm32f4xx_hal_msp.o
 .comment       0x00000043       0x44 ./Core/Src/stm32f4xx_it.o
 .comment       0x00000043       0x44 ./Core/Src/syscalls.o
 .comment       0x00000043       0x44 ./Core/Src/sysmem.o
 .comment       0x00000043       0x44 ./Core/Src/system_stm32f4xx.o
 .comment       0x00000043       0x44 ./Core/Src/usart.o
 .comment       0x00000043       0x44 ./Core/Src/w5500/W5500/w5500.o
 .comment       0x00000043       0x44 ./Core/Src/w5500/socket.o
 .comment       0x00000043       0x44 ./Core/Src/w5500/wizchip_conf.o
 .comment       0x00000043       0x44 ./Drivers/STM32F4xx_HAL_Driver/Src/stm32f4xx_hal.o
 .comment       0x00000043       0x44 ./Drivers/STM32F4xx_HAL_Driver/Src/stm32f4xx_hal_cortex.o
 .comment       0x00000043       0x44 ./Drivers/STM32F4xx_HAL_Driver/Src/stm32f4xx_hal_gpio.o
 .comment       0x00000043       0x44 ./Drivers/STM32F4xx_HAL_Driver/Src/stm32f4xx_hal_rcc.o
 .comment       0x00000043       0x44 ./Drivers/STM32F4xx_HAL_Driver/Src/stm32f4xx_hal_rcc_ex.o
 .comment       0x00000043       0x44 ./Drivers/STM32F4xx_HAL_Driver/Src/stm32f4xx_hal_spi.o
 .comment       0x00000043       0x44 ./Drivers/STM32F4xx_HAL_Driver/Src/stm32f4xx_hal_uart.o

.debug_frame    0x00000000     0x38fc
 .debug_frame   0x00000000       0x34 ./Core/Src/gpio.o
 .debug_frame   0x00000034      0x100 ./Core/Src/main.o
 .debug_frame   0x00000134       0x74 ./Core/Src/spi.o
 .debug_frame   0x000001a8       0x34 ./Core/Src/stm32f4xx_hal_msp.o
 .debug_frame   0x000001dc      0x104 ./Core/Src/stm32f4xx_it.o
 .debug_frame   0x000002e0      0x2ac ./Core/Src/syscalls.o
 .debug_frame   0x0000058c       0x34 ./Core/Src/sysmem.o
 .debug_frame   0x000005c0       0x58 ./Core/Src/system_stm32f4xx.o
 .debug_frame   0x00000618       0x74 ./Core/Src/usart.o
 .debug_frame   0x0000068c      0x16c ./Core/Src/w5500/W5500/w5500.o
 .debug_frame   0x000007f8      0x2b0 ./Core/Src/w5500/socket.o
 .debug_frame   0x00000aa8      0x61c ./Core/Src/w5500/wizchip_conf.o
 .debug_frame   0x000010c4      0x374 ./Drivers/STM32F4xx_HAL_Driver/Src/stm32f4xx_hal.o
 .debug_frame   0x00001438      0x508 ./Drivers/STM32F4xx_HAL_Driver/Src/stm32f4xx_hal_cortex.o
 .debug_frame   0x00001940      0x14c ./Drivers/STM32F4xx_HAL_Driver/Src/stm32f4xx_hal_gpio.o
 .debug_frame   0x00001a8c      0x1f4 ./Drivers/STM32F4xx_HAL_Driver/Src/stm32f4xx_hal_rcc.o
 .debug_frame   0x00001c80      0x1e8 ./Drivers/STM32F4xx_HAL_Driver/Src/stm32f4xx_hal_rcc_ex.o
 .debug_frame   0x00001e68      0x828 ./Drivers/STM32F4xx_HAL_Driver/Src/stm32f4xx_hal_spi.o
 .debug_frame   0x00002690      0x954 ./Drivers/STM32F4xx_HAL_Driver/Src/stm32f4xx_hal_uart.o
 .debug_frame   0x00002fe4      0x144 D:/STM32CubeIDE_1.17.0/STM32CubeIDE/plugins/com.st.stm32cube.ide.mcu.externaltools.gnu-tools-for-stm32.13.3.rel1.win32_1.0.0.202411081344/tools/bin/../lib/gcc/arm-none-eabi/13.3.1/../../../../arm-none-eabi/lib/thumb/v7e-m+fp/hard\libc_nano.a(libc_a-findfp.o)
 .debug_frame   0x00003128       0x34 D:/STM32CubeIDE_1.17.0/STM32CubeIDE/plugins/com.st.stm32cube.ide.mcu.externaltools.gnu-tools-for-stm32.13.3.rel1.win32_1.0.0.202411081344/tools/bin/../lib/gcc/arm-none-eabi/13.3.1/../../../../arm-none-eabi/lib/thumb/v7e-m+fp/hard\libc_nano.a(libc_a-fwalk.o)