Archive member included to satisfy reference by file (symbol)

D:/STM32CubeIDE_1.17.0/STM32CubeIDE/plugins/com.st.stm32cube.ide.mcu.externaltools.gnu-tools-for-stm32.13.3.rel1.win32_1.0.0.202411081344/tools/bin/../lib/gcc/arm-none-eabi/13.3.1/../../../../arm-none-eabi/lib/thumb/v7e-m+fp/hard\libc_nano.a(libc_a-exit.o)
                              D:/STM32CubeIDE_1.17.0/STM32CubeIDE/plugins/com.st.stm32cube.ide.mcu.externaltools.gnu-tools-for-stm32.13.3.rel1.win32_1.0.0.202411081344/tools/bin/../lib/gcc/arm-none-eabi/13.3.1/../../../../arm-none-eabi/lib/thumb/v7e-m+fp/hard/crt0.o (exit)
D:/STM32CubeIDE_1.17.0/STM32CubeIDE/plugins/com.st.stm32cube.ide.mcu.externaltools.gnu-tools-for-stm32.13.3.rel1.win32_1.0.0.202411081344/tools/bin/../lib/gcc/arm-none-eabi/13.3.1/../../../../arm-none-eabi/lib/thumb/v7e-m+fp/hard\libc_nano.a(libc_a-findfp.o)
                              D:/STM32CubeIDE_1.17.0/STM32CubeIDE/plugins/com.st.stm32cube.ide.mcu.externaltools.gnu-tools-for-stm32.13.3.rel1.win32_1.0.0.202411081344/tools/bin/../lib/gcc/arm-none-eabi/13.3.1/../../../../arm-none-eabi/lib/thumb/v7e-m+fp/hard\libc_nano.a(libc_a-exit.o) (__stdio_exit_handler)
D:/STM32CubeIDE_1.17.0/STM32CubeIDE/plugins/com.st.stm32cube.ide.mcu.externaltools.gnu-tools-for-stm32.13.3.rel1.win32_1.0.0.202411081344/tools/bin/../lib/gcc/arm-none-eabi/13.3.1/../../../../arm-none-eabi/lib/thumb/v7e-m+fp/hard\libc_nano.a(libc_a-fwalk.o)
                              D:/STM32CubeIDE_1.17.0/STM32CubeIDE/plugins/com.st.stm32cube.ide.mcu.externaltools.gnu-tools-for-stm32.13.3.rel1.win32_1.0.0.202411081344/tools/bin/../lib/gcc/arm-none-eabi/13.3.1/../../../../arm-none-eabi/lib/thumb/v7e-m+fp/hard\libc_nano.a(libc_a-findfp.o) (_fwalk_sglue)
D:/STM32CubeIDE_1.17.0/STM32CubeIDE/plugins/com.st.stm32cube.ide.mcu.externaltools.gnu-tools-for-stm32.13.3.rel1.win32_1.0.0.202411081344/tools/bin/../lib/gcc/arm-none-eabi/13.3.1/../../../../arm-none-eabi/lib/thumb/v7e-m+fp/hard\libc_nano.a(libc_a-printf.o)
                              ./Core/Src/main.o (printf)
D:/STM32CubeIDE_1.17.0/STM32CubeIDE/plugins/com.st.stm32cube.ide.mcu.externaltools.gnu-tools-for-stm32.13.3.rel1.win32_1.0.0.202411081344/tools/bin/../lib/gcc/arm-none-eabi/13.3.1/../../../../arm-none-eabi/lib/thumb/v7e-m+fp/hard\libc_nano.a(libc_a-puts.o)
                              ./Core/Src/main.o (puts)
D:/STM32CubeIDE_1.17.0/STM32CubeIDE/plugins/com.st.stm32cube.ide.mcu.externaltools.gnu-tools-for-stm32.13.3.rel1.win32_1.0.0.202411081344/tools/bin/../lib/gcc/arm-none-eabi/13.3.1/../../../../arm-none-eabi/lib/thumb/v7e-m+fp/hard\libc_nano.a(libc_a-setbuf.o)
                              ./Core/Src/main.o (setbuf)
D:/STM32CubeIDE_1.17.0/STM32CubeIDE/plugins/com.st.stm32cube.ide.mcu.externaltools.gnu-tools-for-stm32.13.3.rel1.win32_1.0.0.202411081344/tools/bin/../lib/gcc/arm-none-eabi/13.3.1/../../../../arm-none-eabi/lib/thumb/v7e-m+fp/hard\libc_nano.a(libc_a-setvbuf.o)
                              D:/STM32CubeIDE_1.17.0/STM32CubeIDE/plugins/com.st.stm32cube.ide.mcu.externaltools.gnu-tools-for-stm32.13.3.rel1.win32_1.0.0.202411081344/tools/bin/../lib/gcc/arm-none-eabi/13.3.1/../../../../arm-none-eabi/lib/thumb/v7e-m+fp/hard\libc_nano.a(libc_a-setbuf.o) (setvbuf)
D:/STM32CubeIDE_1.17.0/STM32CubeIDE/plugins/com.st.stm32cube.ide.mcu.externaltools.gnu-tools-for-stm32.13.3.rel1.win32_1.0.0.202411081344/tools/bin/../lib/gcc/arm-none-eabi/13.3.1/../../../../arm-none-eabi/lib/thumb/v7e-m+fp/hard\libc_nano.a(libc_a-snprintf.o)
                              ./Core/Src/w5500/MQTTC/MQTTFormat.o (snprintf)
D:/STM32CubeIDE_1.17.0/STM32CubeIDE/plugins/com.st.stm32cube.ide.mcu.externaltools.gnu-tools-for-stm32.13.3.rel1.win32_1.0.0.202411081344/tools/bin/../lib/gcc/arm-none-eabi/13.3.1/../../../../arm-none-eabi/lib/thumb/v7e-m+fp/hard\libc_nano.a(libc_a-stdio.o)
                              D:/STM32CubeIDE_1.17.0/STM32CubeIDE/plugins/com.st.stm32cube.ide.mcu.externaltools.gnu-tools-for-stm32.13.3.rel1.win32_1.0.0.202411081344/tools/bin/../lib/gcc/arm-none-eabi/13.3.1/../../../../arm-none-eabi/lib/thumb/v7e-m+fp/hard\libc_nano.a(libc_a-findfp.o) (__sread)
D:/STM32CubeIDE_1.17.0/STM32CubeIDE/plugins/com.st.stm32cube.ide.mcu.externaltools.gnu-tools-for-stm32.13.3.rel1.win32_1.0.0.202411081344/tools/bin/../lib/gcc/arm-none-eabi/13.3.1/../../../../arm-none-eabi/lib/thumb/v7e-m+fp/hard\libc_nano.a(libc_a-wbuf.o)
                              D:/STM32CubeIDE_1.17.0/STM32CubeIDE/plugins/com.st.stm32cube.ide.mcu.externaltools.gnu-tools-for-stm32.13.3.rel1.win32_1.0.0.202411081344/tools/bin/../lib/gcc/arm-none-eabi/13.3.1/../../../../arm-none-eabi/lib/thumb/v7e-m+fp/hard\libc_nano.a(libc_a-puts.o) (__swbuf_r)
D:/STM32CubeIDE_1.17.0/STM32CubeIDE/plugins/com.st.stm32cube.ide.mcu.externaltools.gnu-tools-for-stm32.13.3.rel1.win32_1.0.0.202411081344/tools/bin/../lib/gcc/arm-none-eabi/13.3.1/../../../../arm-none-eabi/lib/thumb/v7e-m+fp/hard\libc_nano.a(libc_a-wsetup.o)
[...]
Memory Configuration

Name             Origin             Length             Attributes
RAM              0x20000000         0x00020000         xrw
FLASH            0x08000000         0x00080000         xr
*default*        0x00000000         0xffffffff

Linker script and memory map

LOAD D:/STM32CubeIDE_1.17.0/STM32CubeIDE/plugins/com.st.stm32cube.ide.mcu.externaltools.gnu-tools-for-stm32.13.3.rel1.win32_1.0.0.202411081344/tools/bin/../lib/gcc/arm-none-eabi/13.3.1/thumb/v7e-m+fp/hard/crti.o
LOAD D:/STM32CubeIDE_1.17.0/STM32CubeIDE/plugins/com.st.stm32cube.ide.mcu.externaltools.gnu-tools-for-stm32.13.3.rel1.win32_1.0.0.202411081344/tools/bin/../lib/gcc/arm-none-eabi/13.3.1/thumb/v7e-m+fp/hard/crtbegin.o
LOAD D:/STM32CubeIDE_1.17.0/STM32CubeIDE/plugins/com.st.stm32cube.ide.mcu.externaltools.gnu-tools-for-stm32.13.3.rel1.win32_1.0.0.202411081344/tools/bin/../lib/gcc/arm-none-eabi/13.3.1/../../../../arm-none-eabi/lib/thumb/v7e-m+fp/hard/crt0.o
LOAD ./Core/Src/gpio.o
LOAD ./Core/Src/main.o
LOAD ./Core/Src/spi.o
LOAD ./Core/Src/stm32f4xx_hal_msp.o
LOAD ./Core/Src/stm32f4xx_it.o
LOAD ./Core/Src/syscalls.o
LOAD ./Core/Src/sysmem.o
LOAD ./Core/Src/system_stm32f4xx.o
LOAD ./Core/Src/w5500/MQTTC/MQTTClient.o
LOAD ./Core/Src/w5500/MQTTC/MQTTConnectClient.o
LOAD ./Core/Src/w5500/MQTTC/MQTTConnectServer.o
LOAD ./Core/Src/w5500/MQTTC/MQTTDeserializePublish.o
LOAD ./Core/Src/w5500/MQTTC/MQTTFormat.o
LOAD ./Core/Src/w5500/MQTTC/MQTTPacket.o
LOAD ./Core/Src/w5500/MQTTC/MQTTSerializePublish.o
LOAD ./Core/Src/w5500/MQTTC/MQTTSubscribeClient.o
LOAD ./Core/Src/w5500/MQTTC/MQTTSubscribeServer.o
LOAD ./Core/Src/w5500/MQTTC/MQTTUnsubscribeClient.o
LOAD ./Core/Src/w5500/MQTTC/MQTTUnsubscribeServer.o
LOAD ./Core/Src/w5500/MQTTC/mqtt_interface.o
LOAD ./Core/Src/w5500/W5500/w5500.o
LOAD ./Core/Src/w5500/socket.o
LOAD ./Core/Src/w5500/w5500_spi.o
LOAD ./Core/Src/w5500/wizchip_conf.o
LOAD ./Core/Startup/startup_stm32f446retx.o
LOAD ./Drivers/STM32F4xx_HAL_Driver/Src/stm32f4xx_hal.o
LOAD ./Drivers/STM32F4xx_HAL_Driver/Src/stm32f4xx_hal_cortex.o
LOAD ./Drivers/STM32F4xx_HAL_Driver/Src/stm32f4xx_hal_dma.o
LOAD ./Drivers/STM32F4xx_HAL_Driver/Src/stm32f4xx_hal_dma_ex.o
LOAD ./Drivers/STM32F4xx_HAL_Driver/Src/stm32f4xx_hal_exti.o
LOAD ./Drivers/STM32F4xx_HAL_Driver/Src/stm32f4xx_hal_flash.o
LOAD ./Drivers/STM32F4xx_HAL_Driver/Src/stm32f4xx_hal_flash_ex.o
LOAD ./Drivers/STM32F4xx_HAL_Driver/Src/stm32f4xx_hal_flash_ramfunc.o
LOAD ./Drivers/STM32F4xx_HAL_Driver/Src/stm32f4xx_hal_gpio.o
LOAD ./Drivers/STM32F4xx_HAL_Driver/Src/stm32f4xx_hal_pwr.o
LOAD ./Drivers/STM32F4xx_HAL_Driver/Src/stm32f4xx_hal_pwr_ex.o
LOAD ./Drivers/STM32F4xx_HAL_Driver/Src/stm32f4xx_hal_rcc.o
LOAD ./Drivers/STM32F4xx_HAL_Driver/Src/stm32f4xx_hal_rcc_ex.o
LOAD ./Drivers/STM32F4xx_HAL_Driver/Src/stm32f4xx_hal_spi.o
LOAD ./Drivers/STM32F4xx_HAL_Driver/Src/stm32f4xx_hal_uart.o
START GROUP
LOAD D:/STM32CubeIDE_1.17.0/STM32CubeIDE/plugins/com.st.stm32cube.ide.mcu.externaltools.gnu-tools-for-stm32.13.3.rel1.win32_1.0.0.202411081344/tools/bin/../lib/gcc/arm-none-eabi/13.3.1/../../../../arm-none-eabi/lib/thumb/v7e-m+fp/hard\libc_nano.a
LOAD D:/STM32CubeIDE_1.17.0/STM32CubeIDE/plugins/com.st.stm32cube.ide.mcu.externaltools.gnu-tools-for-stm32.13.3.rel1.win32_1.0.0.202411081344/tools/bin/../lib/gcc/arm-none-eabi/13.3.1/../../../../arm-none-eabi/lib/thumb/v7e-m+fp/hard\libm.a
END GROUP
START GROUP
LOAD D:/STM32CubeIDE_1.17.0/STM32CubeIDE/plugins/com.st.stm32cube.ide.mcu.externaltools.gnu-tools-for-stm32.13.3.rel1.win32_1.0.0.202411081344/tools/bin/../lib/gcc/arm-none-eabi/13.3.1/thumb/v7e-m+fp/hard\libgcc.a
LOAD D:/STM32CubeIDE_1.17.0/STM32CubeIDE/plugins/com.st.stm32cube.ide.mcu.externaltools.gnu-tools-for-stm32.13.3.rel1.win32_1.0.0.202411081344/tools/bin/../lib/gcc/arm-none-eabi/13.3.1/../../../../arm-none-eabi/lib/thumb/v7e-m+fp/hard\libc_nano.a
END GROUP
START GROUP
LOAD D:/STM32CubeIDE_1.17.0/STM32CubeIDE/plugins/com.st.stm32cube.ide.mcu.externaltools.gnu-tools-for-stm32.13.3.rel1.win32_1.0.0.202411081344/tools/bin/../lib/gcc/arm-none-eabi/13.3.1/thumb/v7e-m+fp/hard\libgcc.a
LOAD D:/STM32CubeIDE_1.17.0/STM32CubeIDE/plugins/com.st.stm32cube.ide.mcu.externaltools.gnu-tools-for-stm32.13.3.rel1.win32_1.0.0.202411081344/tools/bin/../lib/gcc/arm-none-eabi/13.3.1/../../../../arm-none-eabi/lib/thumb/v7e-m+fp/hard\libc_nano.a
LOAD D:/STM32CubeIDE_1.17.0/STM32CubeIDE/plugins/com.st.stm32cube.ide.mcu.externaltools.gnu-tools-for-stm32.13.3.rel1.win32_1.0.0.202411081344/tools/bin/../lib/gcc/arm-none-eabi/13.3.1/../../../../arm-none-eabi/lib/thumb/v7e-m+fp/hard\libnosys.a
END GROUP
START GROUP
LOAD D:/STM32CubeIDE_1.17.0/STM32CubeIDE/plugins/com.st.stm32cube.ide.mcu.externaltools.gnu-tools-for-stm32.13.3.rel1.win32_1.0.0.202411081344/tools/bin/../lib/gcc/arm-none-eabi/13.3.1/thumb/v7e-m+fp/hard\libgcc.a
LOAD D:/STM32CubeIDE_1.17.0/STM32CubeIDE/plugins/com.st.stm32cube.ide.mcu.externaltools.gnu-tools-for-stm32.13.3.rel1.win32_1.0.0.202411081344/tools/bin/../lib/gcc/arm-none-eabi/13.3.1/../../../../arm-none-eabi/lib/thumb/v7e-m+fp/hard\libc_nano.a
LOAD D:/STM32CubeIDE_1.17.0/STM32CubeIDE/plugins/com.st.stm32cube.ide.mcu.externaltools.gnu-tools-for-stm32.13.3.rel1.win32_1.0.0.202411081344/tools/bin/../lib/gcc/arm-none-eabi/13.3.1/../../../../arm-none-eabi/lib/thumb/v7e-m+fp/hard\libnosys.a
END GROUP
LOAD D:/STM32CubeIDE_1.17.0/STM32CubeIDE/plugins/com.st.stm32cube.ide.mcu.externaltools.gnu-tools-for-stm32.13.3.rel1.win32_1.0.0.202411081344/tools/bin/../lib/gcc/arm-none-eabi/13.3.1/thumb/v7e-m+fp/hard/crtend.o
LOAD D:/STM32CubeIDE_1.17.0/STM32CubeIDE/plugins/com.st.stm32cube.ide.mcu.externaltools.gnu-tools-for-stm32.13.3.rel1.win32_1.0.0.202411081344/tools/bin/../lib/gcc/arm-none-eabi/13.3.1/thumb/v7e-m+fp/hard/crtn.o
                0x20020000                        _estack = (ORIGIN (RAM) + LENGTH (RAM))
                0x00000200                        _Min_Heap_Size = 0x200
                0x00000400                        _Min_Stack_Size = 0x400

.isr_vector     0x08000000      0x1c4
                0x08000000                        . = ALIGN (0x4)
 *(.isr_vector)
 .isr_vector    0x08000000      0x1c4 ./Core/Startup/startup_stm32f446retx.o
                0x08000000                g_pfnVectors
                0x080001c4                        . = ALIGN (0x4)

.text           0x080001d0     0x6db0
                0x080001d0                        . = ALIGN (0x4)
 *(.text)
 .text          0x080001d0       0x40 D:/STM32CubeIDE_1.17.0/STM32CubeIDE/plugins/com.st.stm32cube.ide.mcu.externaltools.gnu-tools-for-stm32.13.3.rel1.win32_1.0.0.202411081344/tools/bin/../lib/gcc/arm-none-eabi/13.3.1/thumb/v7e-m+fp/hard/crtbegin.o
 .text          0x08000210       0x10 D:/STM32CubeIDE_1.17.0/STM32CubeIDE/plugins/com.st.stm32cube.ide.mcu.externaltools.gnu-tools-for-stm32.13.3.rel1.win32_1.0.0.202411081344/tools/bin/../lib/gcc/arm-none-eabi/13.3.1/../../../../arm-none-eabi/lib/thumb/v7e-m+fp/hard\libc_nano.a(libc_a-strlen.o)
                0x08000210                strlen
 .text          0x08000220       0xa0 D:/STM32CubeIDE_1.17.0/STM32CubeIDE/plugins/com.st.stm32cube.ide.mcu.externaltools.gnu-tools-for-stm32.13.3.rel1.win32_1.0.0.202411081344/tools/bin/../lib/gcc/arm-none-eabi/13.3.1/../../../../arm-none-eabi/lib/thumb/v7e-m+fp/hard\libc_nano.a(libc_a-memchr.o)
                0x08000220                memchr
 .text          0x080002c0       0x30 D:/STM32CubeIDE_1.17.0/STM32CubeIDE/plugins/com.st.stm32cube.ide.mcu.externaltools.gnu-tools-for-stm32.13.3.rel1.win32_1.0.0.202411081344/tools/bin/../lib/gcc/arm-none-eabi/13.3.1/thumb/v7e-m+fp/hard\libgcc.a(_aeabi_uldivmod.o)
                0x080002c0                __aeabi_uldivmod
 .text          0x080002f0      0x2f8 D:/STM32CubeIDE_1.17.0/STM32CubeIDE/plugins/com.st.stm32cube.ide.mcu.externaltools.gnu-tools-for-stm32.13.3.rel1.win32_1.0.0.202411081344/tools/bin/../lib/gcc/arm-none-eabi/13.3.1/thumb/v7e-m+fp/hard\libgcc.a(_udivmoddi4.o)
                0x080002f0                __udivmoddi4
 .text          0x080005e8        0x4 D:/STM32CubeIDE_1.17.0/STM32CubeIDE/plugins/com.st.stm32cube.ide.mcu.externaltools.gnu-tools-for-stm32.13.3.rel1.win32_1.0.0.202411081344/tools/bin/../lib/gcc/arm-none-eabi/13.3.1/thumb/v7e-m+fp/hard\libgcc.a(_dvmd_tls.o)
                0x080005e8                __aeabi_idiv0
                0x080005e8                __aeabi_ldiv0
 *(.text*)
 .text.MX_GPIO_Init
                0x080005ec       0xdc ./Core/Src/gpio.o
                0x080005ec                MX_GPIO_Init
 .text.main     0x080006c8      0x188 ./Core/Src/main.o
                0x080006c8                main
 .text.SystemClock_Config
                0x08000850       0xd8 ./Core/Src/main.o
                0x08000850                SystemClock_Config
 .text.OnTopicTemperature
                0x08000928       0x1c ./Core/Src/main.o
                0x08000928                OnTopicTemperature
 .text.OnTopicHumidity
                0x08000944       0x1c ./Core/Src/main.o
                0x08000944                OnTopicHumidity
 .text.UWriteData
                0x08000960       0x34 ./Core/Src/main.o
 .text.__io_putchar
                0x08000994       0x1c ./Core/Src/main.o
                0x08000994                __io_putchar
 .text.PHYStatusCheck
                0x080009b0       0x4c ./Core/Src/main.o
 .text.PrintPHYConf
                0x080009fc       0x88 ./Core/Src/main.o
 .text.PrintBrokerIP
                0x08000a84       0x34 ./Core/Src/main.o
 .text.MX_SPI1_Init
                0x08000ab8       0x80 ./Core/Src/main.o
 .text.MX_USART2_UART_Init
                0x08000b38       0x54 ./Core/Src/main.o
                0x08000b38                MX_USART2_UART_Init
 .text.Error_Handler
                0x08000b8c        0xc ./Core/Src/main.o
                0x08000b8c                Error_Handler
 .text.MX_SPI2_Init
                0x08000b98       0x6c ./Core/Src/spi.o
                0x08000b98                MX_SPI2_Init
 .text.HAL_SPI_MspInit
                0x08000c04       0xf0 ./Core/Src/spi.o
                0x08000c04                HAL_SPI_MspInit
 .text.HAL_MspInit
                0x08000cf4       0x50 ./Core/Src/stm32f4xx_hal_msp.o
                0x08000cf4                HAL_MspInit
 .text.NMI_Handler
                0x08000d44        0x8 ./Core/Src/stm32f4xx_it.o
                0x08000d44                NMI_Handler
 .text.HardFault_Handler
                0x08000d4c        0x8 ./Core/Src/stm32f4xx_it.o
                0x08000d4c                HardFault_Handler
 .text.MemManage_Handler
                0x08000d54        0x8 ./Core/Src/stm32f4xx_it.o
                0x08000d54                MemManage_Handler
 .text.BusFault_Handler
                0x08000d5c        0x8 ./Core/Src/stm32f4xx_it.o
                0x08000d5c                BusFault_Handler
 .text.UsageFault_Handler
                0x08000d64        0x8 ./Core/Src/stm32f4xx_it.o
                0x08000d64                UsageFault_Handler
 .text.SVC_Handler
                0x08000d6c        0xe ./Core/Src/stm32f4xx_it.o
                0x08000d6c                SVC_Handler
 .text.DebugMon_Handler
                0x08000d7a        0xe ./Core/Src/stm32f4xx_it.o
                0x08000d7a                DebugMon_Handler
 .text.PendSV_Handler
                0x08000d88        0xe ./Core/Src/stm32f4xx_it.o
                0x08000d88                PendSV_Handler
 .text.SysTick_Handler
                0x08000d96        0xc ./Core/Src/stm32f4xx_it.o
                0x08000d96                SysTick_Handler
 .text._read    0x08000da2       0x3a ./Core/Src/syscalls.o
                0x08000da2                _read
 .text._write   0x08000ddc       0x38 ./Core/Src/syscalls.o
                0x08000ddc                _write
 .text._close   0x08000e14       0x18 ./Core/Src/syscalls.o
                0x08000e14                _close
 .text._fstat   0x08000e2c       0x20 ./Core/Src/syscalls.o
                0x08000e2c                _fstat
 .text._isatty  0x08000e4c       0x16 ./Core/Src/syscalls.o
                0x08000e4c                _isatty
 .text._lseek   0x08000e62       0x1a ./Core/Src/syscalls.o
                0x08000e62                _lseek
 .text._sbrk    0x08000e7c       0x6c ./Core/Src/sysmem.o
                0x08000e7c                _sbrk
 .text.SystemInit
                0x08000ee8       0x24 ./Core/Src/system_stm32f4xx.o
                0x08000ee8                SystemInit
 .text.NewMessageData
                0x08000f0c       0x24 ./Core/Src/w5500/MQTTC/MQTTClient.o
 .text.getNextPacketId
                0x08000f30       0x32 ./Core/Src/w5500/MQTTC/MQTTClient.o
 .text.sendPacket
                0x08000f62       0x92 ./Core/Src/w5500/MQTTC/MQTTClient.o
 .text.MQTTClientInit
                0x08000ff4       0x7c ./Core/Src/w5500/MQTTC/MQTTClient.o
                0x08000ff4                MQTTClientInit
 .text.decodePacket
                0x08001070       0x88 ./Core/Src/w5500/MQTTC/MQTTClient.o
 .text.readPacket
                0x080010f8       0xc8 ./Core/Src/w5500/MQTTC/MQTTClient.o
 .text.isTopicMatched
                0x080011c0       0xd2 ./Core/Src/w5500/MQTTC/MQTTClient.o
 .text.deliverMessage
                0x08001292       0xd6 ./Core/Src/w5500/MQTTC/MQTTClient.o
                0x08001292                deliverMessage
 .text.keepalive
                0x08001368       0x8e ./Core/Src/w5500/MQTTC/MQTTClient.o
                0x08001368                keepalive
 *fill*         0x080013f6        0x2 
 .text.cycle    0x080013f8      0x1c8 ./Core/Src/w5500/MQTTC/MQTTClient.o
                0x080013f8                cycle
 .text.MQTTYield
                0x080015c0       0x4a ./Core/Src/w5500/MQTTC/MQTTClient.o
                0x080015c0                MQTTYield
 .text.waitfor  0x0800160a       0x3e ./Core/Src/w5500/MQTTC/MQTTClient.o
                0x0800160a                waitfor
 .text.MQTTConnect
                0x08001648      0x10c ./Core/Src/w5500/MQTTC/MQTTClient.o
                0x08001648                MQTTConnect
 .text.MQTTSubscribe
                0x08001754      0x152 ./Core/Src/w5500/MQTTC/MQTTClient.o
                0x08001754                MQTTSubscribe
 .text.MQTTSerialize_connectLength
                0x080018a6       0xc2 ./Core/Src/w5500/MQTTC/MQTTConnectClient.o
                0x080018a6                MQTTSerialize_connectLength
 .text.MQTTSerialize_connect
                0x08001968      0x1d8 ./Core/Src/w5500/MQTTC/MQTTConnectClient.o
                0x08001968                MQTTSerialize_connect
 .text.MQTTDeserialize_connack
                0x08001b40       0xaa ./Core/Src/w5500/MQTTC/MQTTConnectClient.o
                0x08001b40                MQTTDeserialize_connack
 .text.MQTTSerialize_zero
                0x08001bea       0x70 ./Core/Src/w5500/MQTTC/MQTTConnectClient.o
                0x08001bea                MQTTSerialize_zero
 .text.MQTTSerialize_pingreq
                0x08001c5a       0x1e ./Core/Src/w5500/MQTTC/MQTTConnectClient.o
                0x08001c5a                MQTTSerialize_pingreq
 .text.MQTTDeserialize_publish
                0x08001c78       0xe4 ./Core/Src/w5500/MQTTC/MQTTDeserializePublish.o
                0x08001c78                MQTTDeserialize_publish
 .text.MQTTDeserialize_ack
                0x08001d5c       0x96 ./Core/Src/w5500/MQTTC/MQTTDeserializePublish.o
                0x08001d5c                MQTTDeserialize_ack
 .text.MQTTPacket_encode
                0x08001df2       0x5e ./Core/Src/w5500/MQTTC/MQTTPacket.o
                0x08001df2                MQTTPacket_encode
 .text.MQTTPacket_decode
                0x08001e50       0x78 ./Core/Src/w5500/MQTTC/MQTTPacket.o
                0x08001e50                MQTTPacket_decode
 .text.MQTTPacket_len
                0x08001ec8       0x54 ./Core/Src/w5500/MQTTC/MQTTPacket.o
                0x08001ec8                MQTTPacket_len
 .text.bufchar  0x08001f1c       0x40 ./Core/Src/w5500/MQTTC/MQTTPacket.o
                0x08001f1c                bufchar
 .text.MQTTPacket_decodeBuf
                0x08001f5c       0x2c ./Core/Src/w5500/MQTTC/MQTTPacket.o
                0x08001f5c                MQTTPacket_decodeBuf
 .text.readInt  0x08001f88       0x36 ./Core/Src/w5500/MQTTC/MQTTPacket.o
                0x08001f88                readInt
 .text.readChar
                0x08001fbe       0x28 ./Core/Src/w5500/MQTTC/MQTTPacket.o
                0x08001fbe                readChar
 .text.writeChar
                0x08001fe6       0x2a ./Core/Src/w5500/MQTTC/MQTTPacket.o
                0x08001fe6                writeChar
 .text.writeInt
                0x08002010       0x52 ./Core/Src/w5500/MQTTC/MQTTPacket.o
                0x08002010                writeInt
 .text.writeCString
                0x08002062       0x3e ./Core/Src/w5500/MQTTC/MQTTPacket.o
                0x08002062                writeCString
 .text.writeMQTTString
                0x080020a0       0x5c ./Core/Src/w5500/MQTTC/MQTTPacket.o
                0x080020a0                writeMQTTString
 .text.readMQTTLenString
                0x080020fc       0x62 ./Core/Src/w5500/MQTTC/MQTTPacket.o
                0x080020fc                readMQTTLenString
 .text.MQTTstrlen
                0x0800215e       0x32 ./Core/Src/w5500/MQTTC/MQTTPacket.o
                0x0800215e                MQTTstrlen
 .text.MQTTPacket_equals
                0x08002190       0x6e ./Core/Src/w5500/MQTTC/MQTTPacket.o
                0x08002190                MQTTPacket_equals
 .text.MQTTSerialize_ack
                0x080021fe       0xaa ./Core/Src/w5500/MQTTC/MQTTSerializePublish.o
                0x080021fe                MQTTSerialize_ack
 .text.MQTTSerialize_subscribeLength
                0x080022a8       0x4e ./Core/Src/w5500/MQTTC/MQTTSubscribeClient.o
                0x080022a8                MQTTSerialize_subscribeLength
 .text.MQTTSerialize_subscribe
                0x080022f6       0xf4 ./Core/Src/w5500/MQTTC/MQTTSubscribeClient.o
                0x080022f6                MQTTSerialize_subscribe
 .text.MQTTDeserialize_suback
                0x080023ea       0xce ./Core/Src/w5500/MQTTC/MQTTSubscribeClient.o
                0x080023ea                MQTTDeserialize_suback
 .text.TimerInit
                0x080024b8       0x1a ./Core/Src/w5500/MQTTC/mqtt_interface.o
                0x080024b8                TimerInit
 *fill*         0x080024d2        0x2 
 .text.TimerIsExpired
                0x080024d4       0x2c ./Core/Src/w5500/MQTTC/mqtt_interface.o
                0x080024d4                TimerIsExpired
 .text.TimerCountdownMS
                0x08002500       0x28 ./Core/Src/w5500/MQTTC/mqtt_interface.o
                0x08002500                TimerCountdownMS
 .text.TimerCountdown
                0x08002528       0x30 ./Core/Src/w5500/MQTTC/mqtt_interface.o
                0x08002528                TimerCountdown
 .text.TimerLeftMS
                0x08002558       0x2c ./Core/Src/w5500/MQTTC/mqtt_interface.o
                0x08002558                TimerLeftMS
 .text.NewNetwork
                0x08002584       0x3c ./Core/Src/w5500/MQTTC/mqtt_interface.o
                0x08002584                NewNetwork
 .text.w5x00_read
                0x080025c0       0x5a ./Core/Src/w5500/MQTTC/mqtt_interface.o
                0x080025c0                w5x00_read
 .text.w5x00_write
                0x0800261a       0x48 ./Core/Src/w5500/MQTTC/mqtt_interface.o
                0x0800261a                w5x00_write
 .text.w5x00_disconnect
                0x08002662       0x1c ./Core/Src/w5500/MQTTC/mqtt_interface.o
                0x08002662                w5x00_disconnect
 .text.ConnectNetwork
                0x0800267e       0x58 ./Core/Src/w5500/MQTTC/mqtt_interface.o
                0x0800267e                ConnectNetwork
 *fill*         0x080026d6        0x2 
 .text.WIZCHIP_READ
                0x080026d8       0x98 ./Core/Src/w5500/W5500/w5500.o
                0x080026d8                WIZCHIP_READ
 .text.WIZCHIP_WRITE
                0x08002770       0x9c ./Core/Src/w5500/W5500/w5500.o
                0x08002770                WIZCHIP_WRITE
 .text.WIZCHIP_READ_BUF
                0x0800280c       0xc0 ./Core/Src/w5500/W5500/w5500.o
                0x0800280c                WIZCHIP_READ_BUF
 .text.WIZCHIP_WRITE_BUF
                0x080028cc       0xc0 ./Core/Src/w5500/W5500/w5500.o
                0x080028cc                WIZCHIP_WRITE_BUF
 .text.getSn_TX_FSR
                0x0800298c       0x92 ./Core/Src/w5500/W5500/w5500.o
                0x0800298c                getSn_TX_FSR
 .text.getSn_RX_RSR
                0x08002a1e       0x92 ./Core/Src/w5500/W5500/w5500.o
                0x08002a1e                getSn_RX_RSR
 .text.wiz_send_data
                0x08002ab0       0xb4 ./Core/Src/w5500/W5500/w5500.o
                0x08002ab0                wiz_send_data
 .text.wiz_recv_data
                0x08002b64       0xb4 ./Core/Src/w5500/W5500/w5500.o
                0x08002b64                wiz_recv_data
 .text.socket   0x08002c18      0x268 ./Core/Src/w5500/socket.o
                0x08002c18                socket
 .text.close    0x08002e80       0xdc ./Core/Src/w5500/socket.o
                0x08002e80                close
 .text.connect_W5x00
                0x08002f5c       0x26 ./Core/Src/w5500/socket.o
                0x08002f5c                connect_W5x00
 *fill*         0x08002f82        0x2 
 .text.connect_IO_6
                0x08002f84      0x1e4 ./Core/Src/w5500/socket.o
 .text.disconnect
                0x08003168      0x104 ./Core/Src/w5500/socket.o
                0x08003168                disconnect
 .text.send     0x0800326c      0x2a8 ./Core/Src/w5500/socket.o
                0x0800326c                send
 .text.recv     0x08003514      0x164 ./Core/Src/w5500/socket.o
                0x08003514                recv
 .text.SPIReadWrite
                0x08003678       0x50 ./Core/Src/w5500/w5500_spi.o
                0x08003678                SPIReadWrite
 .text.wizchip_select
                0x080036c8       0x18 ./Core/Src/w5500/w5500_spi.o
                0x080036c8                wizchip_select
 .text.wizchip_deselect
                0x080036e0       0x18 ./Core/Src/w5500/w5500_spi.o
                0x080036e0                wizchip_deselect
 .text.wizchip_read
                0x080036f8       0x1a ./Core/Src/w5500/w5500_spi.o
                0x080036f8                wizchip_read
 .text.wizchip_write
                0x08003712       0x1a ./Core/Src/w5500/w5500_spi.o
                0x08003712                wizchip_write
 .text.wizchip_readburst
                0x0800372c       0x3e ./Core/Src/w5500/w5500_spi.o
                0x0800372c                wizchip_readburst
 .text.wizchip_writeburst
                0x0800376a       0x3a ./Core/Src/w5500/w5500_spi.o
                0x0800376a                wizchip_writeburst
 .text.W5500IOInit
                0x080037a4       0x5c ./Core/Src/w5500/w5500_spi.o
                0x080037a4                W5500IOInit
 .text.w5500_enter_critical
                0x08003800       0x12 ./Core/Src/w5500/w5500_spi.o
                0x08003800                w5500_enter_critical
 .text.w5500_exit_critical
                0x08003812       0x12 ./Core/Src/w5500/w5500_spi.o
                0x08003812                w5500_exit_critical
 .text.W5500Init
                0x08003824       0xf8 ./Core/Src/w5500/w5500_spi.o
                0x08003824                W5500Init
 .text.wizchip_cris_enter
                0x0800391c        0xe ./Core/Src/w5500/wizchip_conf.o
                0x0800391c                wizchip_cris_enter
 .text.wizchip_cris_exit
                0x0800392a        0xe ./Core/Src/w5500/wizchip_conf.o
                0x0800392a                wizchip_cris_exit
 .text.wizchip_cs_select
                0x08003938        0xe ./Core/Src/w5500/wizchip_conf.o
                0x08003938                wizchip_cs_select
 .text.wizchip_cs_deselect
                0x08003946        0xe ./Core/Src/w5500/wizchip_conf.o
                0x08003946                wizchip_cs_deselect
 .text.wizchip_bus_readdata
                0x08003954       0x1a ./Core/Src/w5500/wizchip_conf.o
                0x08003954                wizchip_bus_readdata
 .text.wizchip_bus_writedata
                0x0800396e       0x1e ./Core/Src/w5500/wizchip_conf.o
                0x0800396e                wizchip_bus_writedata
 .text.wizchip_spi_readbyte
                0x0800398c       0x10 ./Core/Src/w5500/wizchip_conf.o
                0x0800398c                wizchip_spi_readbyte
 .text.wizchip_spi_writebyte
                0x0800399c       0x16 ./Core/Src/w5500/wizchip_conf.o
                0x0800399c                wizchip_spi_writebyte
 *fill*         0x080039b2        0x2 
 .text.wizchip_spi_readburst
                0x080039b4       0x40 ./Core/Src/w5500/wizchip_conf.o
                0x080039b4                wizchip_spi_readburst
 .text.wizchip_spi_writeburst
                0x080039f4       0x40 ./Core/Src/w5500/wizchip_conf.o
                0x080039f4                wizchip_spi_writeburst
 .text.reg_wizchip_cris_cbfunc
                0x08003a34       0x4c ./Core/Src/w5500/wizchip_conf.o
                0x08003a34                reg_wizchip_cris_cbfunc
 .text.reg_wizchip_cs_cbfunc
                0x08003a80       0x4c ./Core/Src/w5500/wizchip_conf.o
                0x08003a80                reg_wizchip_cs_cbfunc
 .text.reg_wizchip_spi_cbfunc
                0x08003acc       0x58 ./Core/Src/w5500/wizchip_conf.o
                0x08003acc                reg_wizchip_spi_cbfunc
 .text.reg_wizchip_spiburst_cbfunc
                0x08003b24       0x58 ./Core/Src/w5500/wizchip_conf.o
                0x08003b24                reg_wizchip_spiburst_cbfunc
 .text.ctlwizchip
                0x08003b7c      0x1e0 ./Core/Src/w5500/wizchip_conf.o
                0x08003b7c                ctlwizchip
 .text.ctlnetwork
                0x08003d5c       0x7c ./Core/Src/w5500/wizchip_conf.o
                0x08003d5c                ctlnetwork
 .text.wizchip_sw_reset
                0x08003dd8       0x98 ./Core/Src/w5500/wizchip_conf.o
                0x08003dd8                wizchip_sw_reset
 .text.wizchip_init
                0x08003e70      0x118 ./Core/Src/w5500/wizchip_conf.o
                0x08003e70                wizchip_init
 .text.wizchip_clrinterrupt
                0x08003f88       0x68 ./Core/Src/w5500/wizchip_conf.o
                0x08003f88                wizchip_clrinterrupt
 .text.wizchip_getinterrupt
                0x08003ff0       0x48 ./Core/Src/w5500/wizchip_conf.o
                0x08003ff0                wizchip_getinterrupt
 .text.wizchip_setinterruptmask
                0x08004038       0x36 ./Core/Src/w5500/wizchip_conf.o
                0x08004038                wizchip_setinterruptmask
 .text.wizchip_getinterruptmask
                0x0800406e       0x44 ./Core/Src/w5500/wizchip_conf.o
                0x0800406e                wizchip_getinterruptmask
 .text.wizphy_getphylink
                0x080040b2       0x2c ./Core/Src/w5500/wizchip_conf.o
                0x080040b2                wizphy_getphylink
 .text.wizphy_getphypmode
                0x080040de       0x32 ./Core/Src/w5500/wizchip_conf.o
                0x080040de                wizphy_getphypmode
 .text.wizphy_reset
                0x08004110       0x4e ./Core/Src/w5500/wizchip_conf.o
                0x08004110                wizphy_reset
 .text.wizphy_setphyconf
                0x0800415e       0x84 ./Core/Src/w5500/wizchip_conf.o
                0x0800415e                wizphy_setphyconf
 *fill*         0x080041e2        0x2 
 .text.wizphy_getphyconf
                0x080041e4       0xd4 ./Core/Src/w5500/wizchip_conf.o
                0x080041e4                wizphy_getphyconf
 .text.wizphy_getphystat
                0x080042b8       0x3c ./Core/Src/w5500/wizchip_conf.o
                0x080042b8                wizphy_getphystat
 .text.wizphy_setphypmode
                0x080042f4       0x94 ./Core/Src/w5500/wizchip_conf.o
                0x080042f4                wizphy_setphypmode
 .text.wizchip_setnetinfo
                0x08004388       0x80 ./Core/Src/w5500/wizchip_conf.o
                0x08004388                wizchip_setnetinfo
 .text.wizchip_getnetinfo
                0x08004408       0x80 ./Core/Src/w5500/wizchip_conf.o
                0x08004408                wizchip_getnetinfo
 .text.wizchip_setnetmode
                0x08004488       0x44 ./Core/Src/w5500/wizchip_conf.o
                0x08004488                wizchip_setnetmode
 .text.wizchip_getnetmode
                0x080044cc       0x10 ./Core/Src/w5500/wizchip_conf.o
                0x080044cc                wizchip_getnetmode
 .text.wizchip_settimeout
                0x080044dc       0x42 ./Core/Src/w5500/wizchip_conf.o
                0x080044dc                wizchip_settimeout
 .text.wizchip_gettimeout
                0x0800451e       0x40 ./Core/Src/w5500/wizchip_conf.o
                0x0800451e                wizchip_gettimeout
 *fill*         0x0800455e        0x2 
 .text.Reset_Handler
                0x08004560       0x50 ./Core/Startup/startup_stm32f446retx.o
                0x08004560                Reset_Handler
 .text.Default_Handler
                0x080045b0        0x2 ./Core/Startup/startup_stm32f446retx.o
                0x080045b0                RTC_Alarm_IRQHandler
                0x080045b0                EXTI2_IRQHandler
                0x080045b0                TIM8_CC_IRQHandler
                0x080045b0                FMPI2C1_EV_IRQHandler
                0x080045b0                SPI4_IRQHandler
                0x080045b0                TIM1_CC_IRQHandler
                0x080045b0                DMA2_Stream5_IRQHandler
                0x080045b0                DMA1_Stream5_IRQHandler
                0x080045b0                PVD_IRQHandler
                0x080045b0                SDIO_IRQHandler
                0x080045b0                TAMP_STAMP_IRQHandler
                0x080045b0                CAN2_RX1_IRQHandler
                0x080045b0                EXTI3_IRQHandler
                0x080045b0                TIM8_TRG_COM_TIM14_IRQHandler
                0x080045b0                TIM1_UP_TIM10_IRQHandler
                0x080045b0                TIM8_UP_TIM13_IRQHandler
                0x080045b0                I2C3_ER_IRQHandler
                0x080045b0                EXTI0_IRQHandler
                0x080045b0                I2C2_EV_IRQHandler
                0x080045b0                DMA1_Stream2_IRQHandler
                0x080045b0                CAN1_RX0_IRQHandler
                0x080045b0                FPU_IRQHandler
                0x080045b0                OTG_HS_WKUP_IRQHandler
                0x080045b0                CAN2_SCE_IRQHandler
                0x080045b0                DMA2_Stream2_IRQHandler
                0x080045b0                SPI1_IRQHandler
                0x080045b0                TIM6_DAC_IRQHandler
                0x080045b0                TIM1_BRK_TIM9_IRQHandler
                0x080045b0                DCMI_IRQHandler
                0x080045b0                CAN2_RX0_IRQHandler
                0x080045b0                DMA2_Stream3_IRQHandler
                0x080045b0                SAI2_IRQHandler
                0x080045b0                USART6_IRQHandler
                0x080045b0                USART3_IRQHandler
                0x080045b0                CAN1_RX1_IRQHandler
                0x080045b0                UART5_IRQHandler
                0x080045b0                DMA2_Stream0_IRQHandler
                0x080045b0                TIM4_IRQHandler
                0x080045b0                QUADSPI_IRQHandler
                0x080045b0                I2C1_EV_IRQHandler
                0x080045b0                DMA1_Stream6_IRQHandler
                0x080045b0                DMA1_Stream1_IRQHandler
                0x080045b0                UART4_IRQHandler
                0x080045b0                TIM3_IRQHandler
                0x080045b0                RCC_IRQHandler
                0x080045b0                TIM8_BRK_TIM12_IRQHandler
                0x080045b0                Default_Handler
                0x080045b0                CEC_IRQHandler
                0x080045b0                EXTI15_10_IRQHandler
                0x080045b0                ADC_IRQHandler
                0x080045b0                DMA1_Stream7_IRQHandler
                0x080045b0                TIM7_IRQHandler
                0x080045b0                CAN2_TX_IRQHandler
                0x080045b0                TIM5_IRQHandler
                0x080045b0                DMA2_Stream7_IRQHandler
                0x080045b0                I2C3_EV_IRQHandler
                0x080045b0                EXTI9_5_IRQHandler
                0x080045b0                RTC_WKUP_IRQHandler
                0x080045b0                SPDIF_RX_IRQHandler
                0x080045b0                SPI2_IRQHandler
                0x080045b0                OTG_HS_EP1_IN_IRQHandler
                0x080045b0                DMA1_Stream0_IRQHandler
                0x080045b0                CAN1_TX_IRQHandler
                0x080045b0                FMPI2C1_ER_IRQHandler
                0x080045b0                EXTI4_IRQHandler
                0x080045b0                OTG_HS_EP1_OUT_IRQHandler
                0x080045b0                WWDG_IRQHandler
                0x080045b0                TIM2_IRQHandler
                0x080045b0                OTG_FS_WKUP_IRQHandler
                0x080045b0                TIM1_TRG_COM_TIM11_IRQHandler
                0x080045b0                OTG_HS_IRQHandler
                0x080045b0                EXTI1_IRQHandler
                0x080045b0                USART2_IRQHandler
                0x080045b0                I2C2_ER_IRQHandler
                0x080045b0                DMA2_Stream1_IRQHandler
                0x080045b0                CAN1_SCE_IRQHandler
                0x080045b0                FLASH_IRQHandler
                0x080045b0                DMA2_Stream4_IRQHandler
                0x080045b0                USART1_IRQHandler
                0x080045b0                OTG_FS_IRQHandler
                0x080045b0                SPI3_IRQHandler
                0x080045b0                DMA1_Stream4_IRQHandler
                0x080045b0                I2C1_ER_IRQHandler
                0x080045b0                FMC_IRQHandler
                0x080045b0                DMA2_Stream6_IRQHandler
                0x080045b0                SAI1_IRQHandler
                0x080045b0                DMA1_Stream3_IRQHandler
 *fill*         0x080045b2        0x2 
 .text.HAL_Init
                0x080045b4       0x44 ./Drivers/STM32F4xx_HAL_Driver/Src/stm32f4xx_hal.o
                0x080045b4                HAL_Init
 .text.HAL_InitTick
                0x080045f8       0x60 ./Drivers/STM32F4xx_HAL_Driver/Src/stm32f4xx_hal.o
                0x080045f8                HAL_InitTick
 .text.HAL_IncTick
                0x08004658       0x28 ./Drivers/STM32F4xx_HAL_Driver/Src/stm32f4xx_hal.o
                0x08004658                HAL_IncTick
 .text.HAL_GetTick
                0x08004680       0x18 ./Drivers/STM32F4xx_HAL_Driver/Src/stm32f4xx_hal.o
                0x08004680                HAL_GetTick
 .text.HAL_Delay
                0x08004698       0x48 ./Drivers/STM32F4xx_HAL_Driver/Src/stm32f4xx_hal.o
                0x08004698                HAL_Delay
 .text.__NVIC_SetPriorityGrouping
                0x080046e0       0x48 ./Drivers/STM32F4xx_HAL_Driver/Src/stm32f4xx_hal_cortex.o
 .text.__NVIC_GetPriorityGrouping
                0x08004728       0x1c ./Drivers/STM32F4xx_HAL_Driver/Src/stm32f4xx_hal_cortex.o
 .text.__NVIC_SetPriority
                0x08004744       0x54 ./Drivers/STM32F4xx_HAL_Driver/Src/stm32f4xx_hal_cortex.o
 .text.NVIC_EncodePriority
                0x08004798       0x66 ./Drivers/STM32F4xx_HAL_Driver/Src/stm32f4xx_hal_cortex.o
 *fill*         0x080047fe        0x2 
 .text.SysTick_Config
                0x08004800       0x44 ./Drivers/STM32F4xx_HAL_Driver/Src/stm32f4xx_hal_cortex.o
 .text.HAL_NVIC_SetPriorityGrouping
                0x08004844       0x16 ./Drivers/STM32F4xx_HAL_Driver/Src/stm32f4xx_hal_cortex.o
                0x08004844                HAL_NVIC_SetPriorityGrouping
 .text.HAL_NVIC_SetPriority
                0x0800485a       0x38 ./Drivers/STM32F4xx_HAL_Driver/Src/stm32f4xx_hal_cortex.o
                0x0800485a                HAL_NVIC_SetPriority
 .text.HAL_SYSTICK_Config
                0x08004892       0x18 ./Drivers/STM32F4xx_HAL_Driver/Src/stm32f4xx_hal_cortex.o
                0x08004892                HAL_SYSTICK_Config
 *fill*         0x080048aa        0x2 
 .text.HAL_GPIO_Init
                0x080048ac      0x328 ./Drivers/STM32F4xx_HAL_Driver/Src/stm32f4xx_hal_gpio.o
                0x080048ac                HAL_GPIO_Init
 .text.HAL_GPIO_WritePin
                0x08004bd4       0x32 ./Drivers/STM32F4xx_HAL_Driver/Src/stm32f4xx_hal_gpio.o
                0x08004bd4                HAL_GPIO_WritePin
 *fill*         0x08004c06        0x2 
 .text.HAL_RCC_ClockConfig
                0x08004c08      0x1cc ./Drivers/STM32F4xx_HAL_Driver/Src/stm32f4xx_hal_rcc.o
                0x08004c08                HAL_RCC_ClockConfig
 .text.HAL_RCC_GetHCLKFreq
                0x08004dd4       0x18 ./Drivers/STM32F4xx_HAL_Driver/Src/stm32f4xx_hal_rcc.o
                0x08004dd4                HAL_RCC_GetHCLKFreq
 .text.HAL_RCC_GetPCLK1Freq
                0x08004dec       0x28 ./Drivers/STM32F4xx_HAL_Driver/Src/stm32f4xx_hal_rcc.o
                0x08004dec                HAL_RCC_GetPCLK1Freq
 .text.HAL_RCC_GetPCLK2Freq
                0x08004e14       0x28 ./Drivers/STM32F4xx_HAL_Driver/Src/stm32f4xx_hal_rcc.o
                0x08004e14                HAL_RCC_GetPCLK2Freq
 .text.HAL_RCC_GetSysClockFreq
                0x08004e3c      0x460 ./Drivers/STM32F4xx_HAL_Driver/Src/stm32f4xx_hal_rcc_ex.o
                0x08004e3c                HAL_RCC_GetSysClockFreq
 .text.HAL_RCC_OscConfig
                0x0800529c      0x53c ./Drivers/STM32F4xx_HAL_Driver/Src/stm32f4xx_hal_rcc_ex.o
                0x0800529c                HAL_RCC_OscConfig
 .text.HAL_SPI_Init
                0x080057d8      0x112 ./Drivers/STM32F4xx_HAL_Driver/Src/stm32f4xx_hal_spi.o
                0x080057d8                HAL_SPI_Init
 .text.HAL_UART_Init
                0x080058ea       0xa0 ./Drivers/STM32F4xx_HAL_Driver/Src/stm32f4xx_hal_uart.o
                0x080058ea                HAL_UART_Init
 .text.HAL_UART_MspInit
                0x0800598a       0x14 ./Drivers/STM32F4xx_HAL_Driver/Src/stm32f4xx_hal_uart.o
                0x0800598a                HAL_UART_MspInit
 *fill*         0x0800599e        0x2 
 .text.UART_SetConfig
                0x080059a0      0x4e8 ./Drivers/STM32F4xx_HAL_Driver/Src/stm32f4xx_hal_uart.o
 .text.std      0x08005e88       0x6c D:/STM32CubeIDE_1.17.0/STM32CubeIDE/plugins/com.st.stm32cube.ide.mcu.externaltools.gnu-tools-for-stm32.13.3.rel1.win32_1.0.0.202411081344/tools/bin/../lib/gcc/arm-none-eabi/13.3.1/../../../../arm-none-eabi/lib/thumb/v7e-m+fp/hard\libc_nano.a(libc_a-findfp.o)
 .text.stdio_exit_handler
                0x08005ef4       0x18 D:/STM32CubeIDE_1.17.0/STM32CubeIDE/plugins/com.st.stm32cube.ide.mcu.externaltools.gnu-tools-for-stm32.13.3.rel1.win32_1.0.0.202411081344/tools/bin/../lib/gcc/arm-none-eabi/13.3.1/../../../../arm-none-eabi/lib/thumb/v7e-m+fp/hard\libc_nano.a(libc_a-findfp.o)
 .text.cleanup_stdio
                0x08005f0c       0x40 D:/STM32CubeIDE_1.17.0/STM32CubeIDE/plugins/com.st.stm32cube.ide.mcu.externaltools.gnu-tools-for-stm32.13.3.rel1.win32_1.0.0.202411081344/tools/bin/../lib/gcc/arm-none-eabi/13.3.1/../../../../arm-none-eabi/lib/thumb/v7e-m+fp/hard\libc_nano.a(libc_a-findfp.o)
 .text.global_stdio_init.part.0
                0x08005f4c       0x3c D:/STM32CubeIDE_1.17.0/STM32CubeIDE/plugins/com.st.stm32cube.ide.mcu.externaltools.gnu-tools-for-stm32.13.3.rel1.win32_1.0.0.202411081344/tools/bin/../lib/gcc/arm-none-eabi/13.3.1/../../../../arm-none-eabi/lib/thumb/v7e-m+fp/hard\libc_nano.a(libc_a-findfp.o)
 .text.__sfp_lock_acquire
                0x08005f88        0xc D:/STM32CubeIDE_1.17.0/STM32CubeIDE/plugins/com.st.stm32cube.ide.mcu.externaltools.gnu-tools-for-stm32.13.3.rel1.win32_1.0.0.202411081344/tools/bin/../lib/gcc/arm-none-eabi/13.3.1/../../../../arm-none-eabi/lib/thumb/v7e-m+fp/hard\libc_nano.a(libc_a-findfp.o)
                0x08005f88                __sfp_lock_acquire
 .text.__sfp_lock_release
                0x08005f94        0xc D:/STM32CubeIDE_1.17.0/STM32CubeIDE/plugins/com.st.stm32cube.ide.mcu.externaltools.gnu-tools-for-stm32.13.3.rel1.win32_1.0.0.202411081344/tools/bin/../lib/gcc/arm-none-eabi/13.3.1/../../../../arm-none-eabi/lib/thumb/v7e-m+fp/hard\libc_nano.a(libc_a-findfp.o)
                0x08005f94                __sfp_lock_release
 .text.__sinit  0x08005fa0       0x30 D:/STM32CubeIDE_1.17.0/STM32CubeIDE/plugins/com.st.stm32cube.ide.mcu.externaltools.gnu-tools-for-stm32.13.3.rel1.win32_1.0.0.202411081344/tools/bin/../lib/gcc/arm-none-eabi/13.3.1/../../../../arm-none-eabi/lib/thumb/v7e-m+fp/hard\libc_nano.a(libc_a-findfp.o)
                0x08005fa0                __sinit
 .text._fwalk_sglue
                0x08005fd0       0x3c D:/STM32CubeIDE_1.17.0/STM32CubeIDE/plugins/com.st.stm32cube.ide.mcu.externaltools.gnu-tools-for-stm32.13.3.rel1.win32_1.0.0.202411081344/tools/bin/../lib/gcc/arm-none-eabi/13.3.1/../../../../arm-none-eabi/lib/thumb/v7e-m+fp/hard\libc_nano.a(libc_a-fwalk.o)
                0x08005fd0                _fwalk_sglue
 .text.printf   0x0800600c       0x24 D:/STM32CubeIDE_1.17.0/STM32CubeIDE/plugins/com.st.stm32cube.ide.mcu.externaltools.gnu-tools-for-stm32.13.3.rel1.win32_1.0.0.202411081344/tools/bin/../lib/gcc/arm-none-eabi/13.3.1/../../../../arm-none-eabi/lib/thumb/v7e-m+fp/hard\libc_nano.a(libc_a-printf.o)
                0x0800600c                iprintf
                0x0800600c                printf
 .text._puts_r  0x08006030       0xaa D:/STM32CubeIDE_1.17.0/STM32CubeIDE/plugins/com.st.stm32cube.ide.mcu.externaltools.gnu-tools-for-stm32.13.3.rel1.win32_1.0.0.202411081344/tools/bin/../lib/gcc/arm-none-eabi/13.3.1/../../../../arm-none-eabi/lib/thumb/v7e-m+fp/hard\libc_nano.a(libc_a-puts.o)
                0x08006030                _puts_r
 *fill*         0x080060da        0x2 
 .text.puts     0x080060dc       0x10 D:/STM32CubeIDE_1.17.0/STM32CubeIDE/plugins/com.st.stm32cube.ide.mcu.externaltools.gnu-tools-for-stm32.13.3.rel1.win32_1.0.0.202411081344/tools/bin/../lib/gcc/arm-none-eabi/13.3.1/../../../../arm-none-eabi/lib/thumb/v7e-m+fp/hard\libc_nano.a(libc_a-puts.o)
                0x080060dc                puts
 .text.setbuf   0x080060ec       0x10 D:/STM32CubeIDE_1.17.0/STM32CubeIDE/plugins/com.st.stm32cube.ide.mcu.externaltools.gnu-tools-for-stm32.13.3.rel1.win32_1.0.0.202411081344/tools/bin/../lib/gcc/arm-none-eabi/13.3.1/../../../../arm-none-eabi/lib/thumb/v7e-m+fp/hard\libc_nano.a(libc_a-setbuf.o)
                0x080060ec                setbuf
 .text.setvbuf  0x080060fc      0x168 D:/STM32CubeIDE_1.17.0/STM32CubeIDE/plugins/com.st.stm32cube.ide.mcu.externaltools.gnu-tools-for-stm32.13.3.rel1.win32_1.0.0.202411081344/tools/bin/../lib/gcc/arm-none-eabi/13.3.1/../../../../arm-none-eabi/lib/thumb/v7e-m+fp/hard\libc_nano.a(libc_a-setvbuf.o)
                0x080060fc                setvbuf
 .text.__sread  0x08006264       0x22 D:/STM32CubeIDE_1.17.0/STM32CubeIDE/plugins/com.st.stm32cube.ide.mcu.externaltools.gnu-tools-for-stm32.13.3.rel1.win32_1.0.0.202411081344/tools/bin/../lib/gcc/arm-none-eabi/13.3.1/../../../../arm-none-eabi/lib/thumb/v7e-m+fp/hard\libc_nano.a(libc_a-stdio.o)
                0x08006264                __sread
 .text.__swrite
                0x08006286       0x38 D:/STM32CubeIDE_1.17.0/STM32CubeIDE/plugins/com.st.stm32cube.ide.mcu.externaltools.gnu-tools-for-stm32.13.3.rel1.win32_1.0.0.202411081344/tools/bin/../lib/gcc/arm-none-eabi/13.3.1/../../../../arm-none-eabi/lib/thumb/v7e-m+fp/hard\libc_nano.a(libc_a-stdio.o)
                0x08006286                __swrite
 .text.__sseek  0x080062be       0x24 D:/STM32CubeIDE_1.17.0/STM32CubeIDE/plugins/com.st.stm32cube.ide.mcu.externaltools.gnu-tools-for-stm32.13.3.rel1.win32_1.0.0.202411081344/tools/bin/../lib/gcc/arm-none-eabi/13.3.1/../../../../arm-none-eabi/lib/thumb/v7e-m+fp/hard\libc_nano.a(libc_a-stdio.o)
                0x080062be                __sseek
 .text.__sclose
                0x080062e2        0x8 D:/STM32CubeIDE_1.17.0/STM32CubeIDE/plugins/com.st.stm32cube.ide.mcu.externaltools.gnu-tools-for-stm32.13.3.rel1.win32_1.0.0.202411081344/tools/bin/../lib/gcc/arm-none-eabi/13.3.1/../../../../arm-none-eabi/lib/thumb/v7e-m+fp/hard\libc_nano.a(libc_a-stdio.o)
                0x080062e2                __sclose
 .text.__swbuf_r
                0x080062ea       0x7c D:/STM32CubeIDE_1.17.0/STM32CubeIDE/plugins/com.st.stm32cube.ide.mcu.externaltools.gnu-tools-for-stm32.13.3.rel1.win32_1.0.0.202411081344/tools/bin/../lib/gcc/arm-none-eabi/13.3.1/../../../../arm-none-eabi/lib/thumb/v7e-m+fp/hard\libc_nano.a(libc_a-wbuf.o)
                0x080062ea                __swbuf_r
 *fill*         0x08006366        0x2 
 .text.__swsetup_r
                0x08006368       0xac D:/STM32CubeIDE_1.17.0/STM32CubeIDE/plugins/com.st.stm32cube.ide.mcu.externaltools.gnu-tools-for-stm32.13.3.rel1.win32_1.0.0.202411081344/tools/bin/../lib/gcc/arm-none-eabi/13.3.1/../../../../arm-none-eabi/lib/thumb/v7e-m+fp/hard\libc_nano.a(libc_a-wsetup.o)
                0x08006368                __swsetup_r
 .text.memset   0x08006414       0x10 D:/STM32CubeIDE_1.17.0/STM32CubeIDE/plugins/com.st.stm32cube.ide.mcu.externaltools.gnu-tools-for-stm32.13.3.rel1.win32_1.0.0.202411081344/tools/bin/../lib/gcc/arm-none-eabi/13.3.1/../../../../arm-none-eabi/lib/thumb/v7e-m+fp/hard\libc_nano.a(libc_a-memset.o)
                0x08006414                memset
 .text.strncmp  0x08006424       0x24 D:/STM32CubeIDE_1.17.0/STM32CubeIDE/plugins/com.st.stm32cube.ide.mcu.externaltools.gnu-tools-for-stm32.13.3.rel1.win32_1.0.0.202411081344/tools/bin/../lib/gcc/arm-none-eabi/13.3.1/../../../../arm-none-eabi/lib/thumb/v7e-m+fp/hard\libc_nano.a(libc_a-strncmp.o)
                0x08006424                strncmp
 .text._close_r
                0x08006448       0x20 D:/STM32CubeIDE_1.17.0/STM32CubeIDE/plugins/com.st.stm32cube.ide.mcu.externaltools.gnu-tools-for-stm32.13.3.rel1.win32_1.0.0.202411081344/tools/bin/../lib/gcc/arm-none-eabi/13.3.1/../../../../arm-none-eabi/lib/thumb/v7e-m+fp/hard\libc_nano.a(libc_a-closer.o)
                0x08006448                _close_r
 .text._lseek_r
                0x08006468       0x24 D:/STM32CubeIDE_1.17.0/STM32CubeIDE/plugins/com.st.stm32cube.ide.mcu.externaltools.gnu-tools-for-stm32.13.3.rel1.win32_1.0.0.202411081344/tools/bin/../lib/gcc/arm-none-eabi/13.3.1/../../../../arm-none-eabi/lib/thumb/v7e-m+fp/hard\libc_nano.a(libc_a-lseekr.o)
                0x08006468                _lseek_r
 .text._read_r  0x0800648c       0x24 D:/STM32CubeIDE_1.17.0/STM32CubeIDE/plugins/com.st.stm32cube.ide.mcu.externaltools.gnu-tools-for-stm32.13.3.rel1.win32_1.0.0.202411081344/tools/bin/../lib/gcc/arm-none-eabi/13.3.1/../../../../arm-none-eabi/lib/thumb/v7e-m+fp/hard\libc_nano.a(libc_a-readr.o)
                0x0800648c                _read_r
 .text._write_r
                0x080064b0       0x24 D:/STM32CubeIDE_1.17.0/STM32CubeIDE/plugins/com.st.stm32cube.ide.mcu.externaltools.gnu-tools-for-stm32.13.3.rel1.win32_1.0.0.202411081344/tools/bin/../lib/gcc/arm-none-eabi/13.3.1/../../../../arm-none-eabi/lib/thumb/v7e-m+fp/hard\libc_nano.a(libc_a-writer.o)
                0x080064b0                _write_r
 .text.__errno  0x080064d4        0xc D:/STM32CubeIDE_1.17.0/STM32CubeIDE/plugins/com.st.stm32cube.ide.mcu.externaltools.gnu-tools-for-stm32.13.3.rel1.win32_1.0.0.202411081344/tools/bin/../lib/gcc/arm-none-eabi/13.3.1/../../../../arm-none-eabi/lib/thumb/v7e-m+fp/hard\libc_nano.a(libc_a-errno.o)
                0x080064d4                __errno
 .text.__libc_init_array
                0x080064e0       0x48 D:/STM32CubeIDE_1.17.0/STM32CubeIDE/plugins/com.st.stm32cube.ide.mcu.externaltools.gnu-tools-for-stm32.13.3.rel1.win32_1.0.0.202411081344/tools/bin/../lib/gcc/arm-none-eabi/13.3.1/../../../../arm-none-eabi/lib/thumb/v7e-m+fp/hard\libc_nano.a(libc_a-init.o)
                0x080064e0                __libc_init_array
 .text.__retarget_lock_init_recursive
                0x08006528        0x2 D:/STM32CubeIDE_1.17.0/STM32CubeIDE/plugins/com.st.stm32cube.ide.mcu.externaltools.gnu-tools-for-stm32.13.3.rel1.win32_1.0.0.202411081344/tools/bin/../lib/gcc/arm-none-eabi/13.3.1/../../../../arm-none-eabi/lib/thumb/v7e-m+fp/hard\libc_nano.a(libc_a-lock.o)
                0x08006528                __retarget_lock_init_recursive
 .text.__retarget_lock_acquire_recursive
                0x0800652a        0x2 D:/STM32CubeIDE_1.17.0/STM32CubeIDE/plugins/com.st.stm32cube.ide.mcu.externaltools.gnu-tools-for-stm32.13.3.rel1.win32_1.0.0.202411081344/tools/bin/../lib/gcc/arm-none-eabi/13.3.1/../../../../arm-none-eabi/lib/thumb/v7e-m+fp/hard\libc_nano.a(libc_a-lock.o)
                0x0800652a                __retarget_lock_acquire_recursive
 .text.__retarget_lock_release_recursive
                0x0800652c        0x2 D:/STM32CubeIDE_1.17.0/STM32CubeIDE/plugins/com.st.stm32cube.ide.mcu.externaltools.gnu-tools-for-stm32.13.3.rel1.win32_1.0.0.202411081344/tools/bin/../lib/gcc/arm-none-eabi/13.3.1/../../../../arm-none-eabi/lib/thumb/v7e-m+fp/hard\libc_nano.a(libc_a-lock.o)
                0x0800652c                __retarget_lock_release_recursive
 .text.memcpy   0x0800652e       0x1c D:/STM32CubeIDE_1.17.0/STM32CubeIDE/plugins/com.st.stm32cube.ide.mcu.externaltools.gnu-tools-for-stm32.13.3.rel1.win32_1.0.0.202411081344/tools/bin/../lib/gcc/arm-none-eabi/13.3.1/../../../../arm-none-eabi/lib/thumb/v7e-m+fp/hard\libc_nano.a(libc_a-memcpy-stub.o)
                0x0800652e                memcpy
 *fill*         0x0800654a        0x2 
 .text._free_r  0x0800654c       0x94 D:/STM32CubeIDE_1.17.0/STM32CubeIDE/plugins/com.st.stm32cube.ide.mcu.externaltools.gnu-tools-for-stm32.13.3.rel1.win32_1.0.0.202411081344/tools/bin/../lib/gcc/arm-none-eabi/13.3.1/../../../../arm-none-eabi/lib/thumb/v7e-m+fp/hard\libc_nano.a(libc_a-freer.o)
                0x0800654c                _free_r
 .text.malloc   0x080065e0       0x10 D:/STM32CubeIDE_1.17.0/STM32CubeIDE/plugins/com.st.stm32cube.ide.mcu.externaltools.gnu-tools-for-stm32.13.3.rel1.win32_1.0.0.202411081344/tools/bin/../lib/gcc/arm-none-eabi/13.3.1/../../../../arm-none-eabi/lib/thumb/v7e-m+fp/hard\libc_nano.a(libc_a-malloc.o)
                0x080065e0                malloc
 .text.sbrk_aligned
                0x080065f0       0x44 D:/STM32CubeIDE_1.17.0/STM32CubeIDE/plugins/com.st.stm32cube.ide.mcu.externaltools.gnu-tools-for-stm32.13.3.rel1.win32_1.0.0.202411081344/tools/bin/../lib/gcc/arm-none-eabi/13.3.1/../../../../arm-none-eabi/lib/thumb/v7e-m+fp/hard\libc_nano.a(libc_a-mallocr.o)
 .text._malloc_r
                0x08006634      0x100 D:/STM32CubeIDE_1.17.0/STM32CubeIDE/plugins/com.st.stm32cube.ide.mcu.externaltools.gnu-tools-for-stm32.13.3.rel1.win32_1.0.0.202411081344/tools/bin/../lib/gcc/arm-none-eabi/13.3.1/../../../../arm-none-eabi/lib/thumb/v7e-m+fp/hard\libc_nano.a(libc_a-mallocr.o)
                0x08006634                _malloc_r
 .text.__malloc_lock
                0x08006734        0xc D:/STM32CubeIDE_1.17.0/STM32CubeIDE/plugins/com.st.stm32cube.ide.mcu.externaltools.gnu-tools-for-stm32.13.3.rel1.win32_1.0.0.202411081344/tools/bin/../lib/gcc/arm-none-eabi/13.3.1/../../../../arm-none-eabi/lib/thumb/v7e-m+fp/hard\libc_nano.a(libc_a-mlock.o)
                0x08006734                __malloc_lock
 .text.__malloc_unlock
                0x08006740        0xc D:/STM32CubeIDE_1.17.0/STM32CubeIDE/plugins/com.st.stm32cube.ide.mcu.externaltools.gnu-tools-for-stm32.13.3.rel1.win32_1.0.0.202411081344/tools/bin/../lib/gcc/arm-none-eabi/13.3.1/../../../../arm-none-eabi/lib/thumb/v7e-m+fp/hard\libc_nano.a(libc_a-mlock.o)
                0x08006740                __malloc_unlock
 .text.__sfputc_r
                0x0800674c       0x2e D:/STM32CubeIDE_1.17.0/STM32CubeIDE/plugins/com.st.stm32cube.ide.mcu.externaltools.gnu-tools-for-stm32.13.3.rel1.win32_1.0.0.202411081344/tools/bin/../lib/gcc/arm-none-eabi/13.3.1/../../../../arm-none-eabi/lib/thumb/v7e-m+fp/hard\libc_nano.a(libc_a-nano-vfprintf.o)
 .text.__sfputs_r
                0x0800677a       0x24 D:/STM32CubeIDE_1.17.0/STM32CubeIDE/plugins/com.st.stm32cube.ide.mcu.externaltools.gnu-tools-for-stm32.13.3.rel1.win32_1.0.0.202411081344/tools/bin/../lib/gcc/arm-none-eabi/13.3.1/../../../../arm-none-eabi/lib/thumb/v7e-m+fp/hard\libc_nano.a(libc_a-nano-vfprintf.o)
                0x0800677a                __sfputs_r
 *fill*         0x0800679e        0x2 
 .text._vfprintf_r
                0x080067a0      0x230 D:/STM32CubeIDE_1.17.0/STM32CubeIDE/plugins/com.st.stm32cube.ide.mcu.externaltools.gnu-tools-for-stm32.13.3.rel1.win32_1.0.0.202411081344/tools/bin/../lib/gcc/arm-none-eabi/13.3.1/../../../../arm-none-eabi/lib/thumb/v7e-m+fp/hard\libc_nano.a(libc_a-nano-vfprintf.o)
                0x080067a0                _vfprintf_r
                0x080067a0                _vfiprintf_r
 .text._printf_common
                0x080069d0       0xda D:/STM32CubeIDE_1.17.0/STM32CubeIDE/plugins/com.st.stm32cube.ide.mcu.externaltools.gnu-tools-for-stm32.13.3.rel1.win32_1.0.0.202411081344/tools/bin/../lib/gcc/arm-none-eabi/13.3.1/../../../../arm-none-eabi/lib/thumb/v7e-m+fp/hard\libc_nano.a(libc_a-nano-vfprintf_i.o)
                0x080069d0                _printf_common
 *fill*         0x08006aaa        0x2 
 .text._printf_i
                0x08006aac      0x23c D:/STM32CubeIDE_1.17.0/STM32CubeIDE/plugins/com.st.stm32cube.ide.mcu.externaltools.gnu-tools-for-stm32.13.3.rel1.win32_1.0.0.202411081344/tools/bin/../lib/gcc/arm-none-eabi/13.3.1/../../../../arm-none-eabi/lib/thumb/v7e-m+fp/hard\libc_nano.a(libc_a-nano-vfprintf_i.o)
                0x08006aac                _printf_i
 .text.__sflush_r
                0x08006ce8      0x108 D:/STM32CubeIDE_1.17.0/STM32CubeIDE/plugins/com.st.stm32cube.ide.mcu.externaltools.gnu-tools-for-stm32.13.3.rel1.win32_1.0.0.202411081344/tools/bin/../lib/gcc/arm-none-eabi/13.3.1/../../../../arm-none-eabi/lib/thumb/v7e-m+fp/hard\libc_nano.a(libc_a-fflush.o)
                0x08006ce8                __sflush_r
 .text._fflush_r
                0x08006df0       0x50 D:/STM32CubeIDE_1.17.0/STM32CubeIDE/plugins/com.st.stm32cube.ide.mcu.externaltools.gnu-tools-for-stm32.13.3.rel1.win32_1.0.0.202411081344/tools/bin/../lib/gcc/arm-none-eabi/13.3.1/../../../../arm-none-eabi/lib/thumb/v7e-m+fp/hard\libc_nano.a(libc_a-fflush.o)
                0x08006df0                _fflush_r
 .text.__swhatbuf_r
                0x08006e40       0x4c D:/STM32CubeIDE_1.17.0/STM32CubeIDE/plugins/com.st.stm32cube.ide.mcu.externaltools.gnu-tools-for-stm32.13.3.rel1.win32_1.0.0.202411081344/tools/bin/../lib/gcc/arm-none-eabi/13.3.1/../../../../arm-none-eabi/lib/thumb/v7e-m+fp/hard\libc_nano.a(libc_a-makebuf.o)
                0x08006e40                __swhatbuf_r
 .text.__smakebuf_r
                0x08006e8c       0x78 D:/STM32CubeIDE_1.17.0/STM32CubeIDE/plugins/com.st.stm32cube.ide.mcu.externaltools.gnu-tools-for-stm32.13.3.rel1.win32_1.0.0.202411081344/tools/bin/../lib/gcc/arm-none-eabi/13.3.1/../../../../arm-none-eabi/lib/thumb/v7e-m+fp/hard\libc_nano.a(libc_a-makebuf.o)
                0x08006e8c                __smakebuf_r
 .text._fstat_r
                0x08006f04       0x24 D:/STM32CubeIDE_1.17.0/STM32CubeIDE/plugins/com.st.stm32cube.ide.mcu.externaltools.gnu-tools-for-stm32.13.3.rel1.win32_1.0.0.202411081344/tools/bin/../lib/gcc/arm-none-eabi/13.3.1/../../../../arm-none-eabi/lib/thumb/v7e-m+fp/hard\libc_nano.a(libc_a-fstatr.o)
                0x08006f04                _fstat_r
 .text._isatty_r
                0x08006f28       0x20 D:/STM32CubeIDE_1.17.0/STM32CubeIDE/plugins/com.st.stm32cube.ide.mcu.externaltools.gnu-tools-for-stm32.13.3.rel1.win32_1.0.0.202411081344/tools/bin/../lib/gcc/arm-none-eabi/13.3.1/../../../../arm-none-eabi/lib/thumb/v7e-m+fp/hard\libc_nano.a(libc_a-isattyr.o)
                0x08006f28                _isatty_r
 .text._sbrk_r  0x08006f48       0x20 D:/STM32CubeIDE_1.17.0/STM32CubeIDE/plugins/com.st.stm32cube.ide.mcu.externaltools.gnu-tools-for-stm32.13.3.rel1.win32_1.0.0.202411081344/tools/bin/../lib/gcc/arm-none-eabi/13.3.1/../../../../arm-none-eabi/lib/thumb/v7e-m+fp/hard\libc_nano.a(libc_a-sbrkr.o)
                0x08006f48                _sbrk_r
 *(.glue_7)
 .glue_7        0x08006f68        0x0 linker stubs
 *(.glue_7t)
 .glue_7t       0x08006f68        0x0 linker stubs
 *(.eh_frame)
 .eh_frame      0x08006f68        0x0 D:/STM32CubeIDE_1.17.0/STM32CubeIDE/plugins/com.st.stm32cube.ide.mcu.externaltools.gnu-tools-for-stm32.13.3.rel1.win32_1.0.0.202411081344/tools/bin/../lib/gcc/arm-none-eabi/13.3.1/thumb/v7e-m+fp/hard/crtbegin.o
 *(.init)
 .init          0x08006f68        0x4 D:/STM32CubeIDE_1.17.0/STM32CubeIDE/plugins/com.st.stm32cube.ide.mcu.externaltools.gnu-tools-for-stm32.13.3.rel1.win32_1.0.0.202411081344/tools/bin/../lib/gcc/arm-none-eabi/13.3.1/thumb/v7e-m+fp/hard/crti.o
                0x08006f68                _init
 .init          0x08006f6c        0x8 D:/STM32CubeIDE_1.17.0/STM32CubeIDE/plugins/com.st.stm32cube.ide.mcu.externaltools.gnu-tools-for-stm32.13.3.rel1.win32_1.0.0.202411081344/tools/bin/../lib/gcc/arm-none-eabi/13.3.1/thumb/v7e-m+fp/hard/crtn.o
 *(.fini)
 .fini          0x08006f74        0x4 D:/STM32CubeIDE_1.17.0/STM32CubeIDE/plugins/com.st.stm32cube.ide.mcu.externaltools.gnu-tools-for-stm32.13.3.rel1.win32_1.0.0.202411081344/tools/bin/../lib/gcc/arm-none-eabi/13.3.1/thumb/v7e-m+fp/hard/crti.o
                0x08006f74                _fini
 .fini          0x08006f78        0x8 D:/STM32CubeIDE_1.17.0/STM32CubeIDE/plugins/com.st.stm32cube.ide.mcu.externaltools.gnu-tools-for-stm32.13.3.rel1.win32_1.0.0.202411081344/tools/bin/../lib/gcc/arm-none-eabi/13.3.1/thumb/v7e-m+fp/hard/crtn.o
                0x08006f80                        . = ALIGN (0x4)
                0x08006f80                        _etext = .

.vfp11_veneer   0x08006f80        0x0
 .vfp11_veneer  0x08006f80        0x0 linker stubs

.v4_bx          0x08006f80        0x0
 .v4_bx         0x08006f80        0x0 linker stubs

.iplt           0x08006f80        0x0
 .iplt          0x08006f80        0x0 D:/STM32CubeIDE_1.17.0/STM32CubeIDE/plugins/com.st.stm32cube.ide.mcu.externaltools.gnu-tools-for-stm32.13.3.rel1.win32_1.0.0.202411081344/tools/bin/../lib/gcc/arm-none-eabi/13.3.1/thumb/v7e-m+fp/hard/crtbegin.o

.rodata         0x08006f80      0x41c
                0x08006f80                        . = ALIGN (0x4)
 *(.rodata)
 .rodata        0x08006f80      0x29d ./Core/Src/main.o
 *fill*         0x0800721d        0x3 
 .rodata        0x08007220       0x58 ./Core/Src/w5500/MQTTC/MQTTClient.o
 .rodata        0x08007278        0xf ./Core/Src/w5500/MQTTC/MQTTConnectClient.o
 *fill*         0x08007287        0x1 
 .rodata        0x08007288       0xc8 ./Core/Src/w5500/w5500_spi.o
 *(.rodata*)
 .rodata.AHBPrescTable
                0x08007350       0x10 ./Core/Src/system_stm32f4xx.o
                0x08007350                AHBPrescTable
 .rodata.APBPrescTable
                0x08007360        0x8 ./Core/Src/system_stm32f4xx.o
                0x08007360                APBPrescTable
 .rodata._vfprintf_r.str1.1
                0x08007368       0x33 D:/STM32CubeIDE_1.17.0/STM32CubeIDE/plugins/com.st.stm32cube.ide.mcu.externaltools.gnu-tools-for-stm32.13.3.rel1.win32_1.0.0.202411081344/tools/bin/../lib/gcc/arm-none-eabi/13.3.1/../../../../arm-none-eabi/lib/thumb/v7e-m+fp/hard\libc_nano.a(libc_a-nano-vfprintf.o)
                                 0x11 (size before relaxing)
 .rodata._printf_i.str1.1
                0x0800739b       0x22 D:/STM32CubeIDE_1.17.0/STM32CubeIDE/plugins/com.st.stm32cube.ide.mcu.externaltools.gnu-tools-for-stm32.13.3.rel1.win32_1.0.0.202411081344/tools/bin/../lib/gcc/arm-none-eabi/13.3.1/../../../../arm-none-eabi/lib/thumb/v7e-m+fp/hard\libc_nano.a(libc_a-nano-vfprintf_i.o)
                0x080073c0                        . = ALIGN (0x4)
 *fill*         0x0800739b        0x1 

.ARM.extab      0x0800739c        0x0
                0x0800739c                        . = ALIGN (0x4)
 *(.ARM.extab* .gnu.linkonce.armextab.*)
                0x0800739c                        . = ALIGN (0x4)

.ARM            0x0800739c        0x8
                0x0800739c                        . = ALIGN (0x4)
                0x0800739c                        __exidx_start = .
 *(.ARM.exidx*)
 .ARM.exidx     0x0800739c        0x8 D:/STM32CubeIDE_1.17.0/STM32CubeIDE/plugins/com.st.stm32cube.ide.mcu.externaltools.gnu-tools-for-stm32.13.3.rel1.win32_1.0.0.202411081344/tools/bin/../lib/gcc/arm-none-eabi/13.3.1/../../../../arm-none-eabi/lib/thumb/v7e-m+fp/hard\libc_nano.a(libc_a-strlen.o)
 .ARM.exidx     0x080073a4        0x0 D:/STM32CubeIDE_1.17.0/STM32CubeIDE/plugins/com.st.stm32cube.ide.mcu.externaltools.gnu-tools-for-stm32.13.3.rel1.win32_1.0.0.202411081344/tools/bin/../lib/gcc/arm-none-eabi/13.3.1/../../../../arm-none-eabi/lib/thumb/v7e-m+fp/hard\libc_nano.a(libc_a-memchr.o)
                                  0x8 (size before relaxing)
 .ARM.exidx     0x080073a4        0x0 D:/STM32CubeIDE_1.17.0/STM32CubeIDE/plugins/com.st.stm32cube.ide.mcu.externaltools.gnu-tools-for-stm32.13.3.rel1.win32_1.0.0.202411081344/tools/bin/../lib/gcc/arm-none-eabi/13.3.1/thumb/v7e-m+fp/hard\libgcc.a(_udivmoddi4.o)
                                  0x8 (size before relaxing)
                0x080073a4                        __exidx_end = .
                0x080073a4                        . = ALIGN (0x4)

.preinit_array  0x080073a4        0x0
                0x080073a4                        . = ALIGN (0x4)
                0x080073a4                        PROVIDE (__preinit_array_start = .)
 *(.preinit_array*)
                0x080073a4                        PROVIDE (__preinit_array_end = .)
                0x080073a4                        . = ALIGN (0x4)

.init_array     0x080073a4        0x4
                0x080073a4                        . = ALIGN (0x4)
                0x080073a4                        PROVIDE (__init_array_start = .)
 *(SORT_BY_NAME(.init_array.*))
 *(.init_array*)
 .init_array    0x080073a4        0x4 D:/STM32CubeIDE_1.17.0/STM32CubeIDE/plugins/com.st.stm32cube.ide.mcu.externaltools.gnu-tools-for-stm32.13.3.rel1.win32_1.0.0.202411081344/tools/bin/../lib/gcc/arm-none-eabi/13.3.1/thumb/v7e-m+fp/hard/crtbegin.o
                0x080073a8                        PROVIDE (__init_array_end = .)
                0x080073a8                        . = ALIGN (0x4)

.fini_array     0x080073a8        0x4
                0x080073a8                        . = ALIGN (0x4)
                [!provide]                        PROVIDE (__fini_array_start = .)
 *(SORT_BY_NAME(.fini_array.*))
 *(.fini_array*)
 .fini_array    0x080073a8        0x4 D:/STM32CubeIDE_1.17.0/STM32CubeIDE/plugins/com.st.stm32cube.ide.mcu.externaltools.gnu-tools-for-stm32.13.3.rel1.win32_1.0.0.202411081344/tools/bin/../lib/gcc/arm-none-eabi/13.3.1/thumb/v7e-m+fp/hard/crtbegin.o
                [!provide]                        PROVIDE (__fini_array_end = .)
                0x080073ac                        . = ALIGN (0x4)
                0x080073ac                        _sidata = LOADADDR (.data)

.rel.dyn        0x080073ac        0x0
 .rel.iplt      0x080073ac        0x0 D:/STM32CubeIDE_1.17.0/STM32CubeIDE/plugins/com.st.stm32cube.ide.mcu.externaltools.gnu-tools-for-stm32.13.3.rel1.win32_1.0.0.202411081344/tools/bin/../lib/gcc/arm-none-eabi/13.3.1/thumb/v7e-m+fp/hard/crtbegin.o

.data           0x20000000      0x110 load address 0x080073ac
                0x20000000                        . = ALIGN (0x4)
                0x20000000                        _sdata = .
 *(.data)
 *(.data*)
 .data.gWIZNETINFO
                0x20000000       0x17 ./Core/Src/main.o
                0x20000000                gWIZNETINFO
 *fill*         0x20000017        0x1 
 .data.destination_ip
                0x20000018        0x4 ./Core/Src/main.o
                0x20000018                destination_ip
 .data.destination_port
                0x2000001c        0x2 ./Core/Src/main.o
                0x2000001c                destination_port
 *fill*         0x2000001e        0x2 
 .data.connect_data
                0x20000020       0x58 ./Core/Src/main.o
                0x20000020                connect_data
 .data.SystemCoreClock
                0x20000078        0x4 ./Core/Src/system_stm32f4xx.o
                0x20000078                SystemCoreClock
 .data.sock_any_port
                0x2000007c        0x2 ./Core/Src/w5500/socket.o
 *fill*         0x2000007e        0x2 
 .data.WIZCHIP  0x20000080       0x2c ./Core/Src/w5500/wizchip_conf.o
                0x20000080                WIZCHIP
 .data.uwTickPrio
                0x200000ac        0x4 ./Drivers/STM32F4xx_HAL_Driver/Src/stm32f4xx_hal.o
                0x200000ac                uwTickPrio
 .data.uwTickFreq
                0x200000b0        0x1 ./Drivers/STM32F4xx_HAL_Driver/Src/stm32f4xx_hal.o
                0x200000b0                uwTickFreq
 *fill*         0x200000b1        0x3 
 .data.__sglue  0x200000b4        0xc D:/STM32CubeIDE_1.17.0/STM32CubeIDE/plugins/com.st.stm32cube.ide.mcu.externaltools.gnu-tools-for-stm32.13.3.rel1.win32_1.0.0.202411081344/tools/bin/../lib/gcc/arm-none-eabi/13.3.1/../../../../arm-none-eabi/lib/thumb/v7e-m+fp/hard\libc_nano.a(libc_a-findfp.o)
                0x200000b4                __sglue
 .data._impure_ptr
                0x200000c0        0x4 D:/STM32CubeIDE_1.17.0/STM32CubeIDE/plugins/com.st.stm32cube.ide.mcu.externaltools.gnu-tools-for-stm32.13.3.rel1.win32_1.0.0.202411081344/tools/bin/../lib/gcc/arm-none-eabi/13.3.1/../../../../arm-none-eabi/lib/thumb/v7e-m+fp/hard\libc_nano.a(libc_a-impure.o)
                0x200000c0                _impure_ptr
 .data._impure_data
                0x200000c4       0x4c D:/STM32CubeIDE_1.17.0/STM32CubeIDE/plugins/com.st.stm32cube.ide.mcu.externaltools.gnu-tools-for-stm32.13.3.rel1.win32_1.0.0.202411081344/tools/bin/../lib/gcc/arm-none-eabi/13.3.1/../../../../arm-none-eabi/lib/thumb/v7e-m+fp/hard\libc_nano.a(libc_a-impure.o)
                0x200000c4                _impure_data
 *(.RamFunc)
 *(.RamFunc*)
                0x20000110                        . = ALIGN (0x4)
                0x20000110                        _edata = .

.igot.plt       0x20000110        0x0 load address 0x080074bc
 .igot.plt      0x20000110        0x0 D:/STM32CubeIDE_1.17.0/STM32CubeIDE/plugins/com.st.stm32cube.ide.mcu.externaltools.gnu-tools-for-stm32.13.3.rel1.win32_1.0.0.202411081344/tools/bin/../lib/gcc/arm-none-eabi/13.3.1/thumb/v7e-m+fp/hard/crtbegin.o
                0x20000110                        . = ALIGN (0x4)

.bss            0x20000110      0x500 load address 0x080074bc
                0x20000110                        _sbss = .
                0x20000110                        __bss_start__ = _sbss
 *(.bss)
 .bss           0x20000110       0x1c D:/STM32CubeIDE_1.17.0/STM32CubeIDE/plugins/com.st.stm32cube.ide.mcu.externaltools.gnu-tools-for-stm32.13.3.rel1.win32_1.0.0.202411081344/tools/bin/../lib/gcc/arm-none-eabi/13.3.1/thumb/v7e-m+fp/hard/crtbegin.o
 *(.bss*)
 .bss.hspi1     0x2000012c       0x58 ./Core/Src/main.o
                0x2000012c                hspi1
 .bss.huart2    0x20000184       0x48 ./Core/Src/main.o
                0x20000184                huart2
 .bss.mqtt_client
                0x200001cc       0x5c ./Core/Src/main.o
                0x200001cc                mqtt_client
 .bss.network   0x20000228       0x10 ./Core/Src/main.o
                0x20000228                network
 .bss.sendbuff  0x20000238      0x100 ./Core/Src/main.o
                0x20000238                sendbuff
 .bss.receivebuff
                0x20000338      0x100 ./Core/Src/main.o
                0x20000338                receivebuff
 .bss.hspi2     0x20000438       0x58 ./Core/Src/spi.o
                0x20000438                hspi2
 .bss.__sbrk_heap_end
                0x20000490        0x4 ./Core/Src/sysmem.o
 .bss.bufptr    0x20000494        0x4 ./Core/Src/w5500/MQTTC/MQTTPacket.o
 .bss.MilliTimer
                0x20000498        0x4 ./Core/Src/w5500/MQTTC/mqtt_interface.o
                0x20000498                MilliTimer
 .bss.sock_io_mode
                0x2000049c        0x2 ./Core/Src/w5500/socket.o
 .bss.sock_is_sending
                0x2000049e        0x2 ./Core/Src/w5500/socket.o
 .bss.sock_remained_size
                0x200004a0       0x10 ./Core/Src/w5500/socket.o
 .bss.sock_pack_info
                0x200004b0        0x8 ./Core/Src/w5500/socket.o
                0x200004b0                sock_pack_info
 .bss._DNS_     0x200004b8        0x4 ./Core/Src/w5500/wizchip_conf.o
 .bss._DHCP_    0x200004bc        0x1 ./Core/Src/w5500/wizchip_conf.o
 *fill*         0x200004bd        0x3 
 .bss.uwTick    0x200004c0        0x4 ./Drivers/STM32F4xx_HAL_Driver/Src/stm32f4xx_hal.o
                0x200004c0                uwTick
 .bss.__sf      0x200004c4      0x138 D:/STM32CubeIDE_1.17.0/STM32CubeIDE/plugins/com.st.stm32cube.ide.mcu.externaltools.gnu-tools-for-stm32.13.3.rel1.win32_1.0.0.202411081344/tools/bin/../lib/gcc/arm-none-eabi/13.3.1/../../../../arm-none-eabi/lib/thumb/v7e-m+fp/hard\libc_nano.a(libc_a-findfp.o)
                0x200004c4                __sf
 .bss.__stdio_exit_handler
                0x200005fc        0x4 D:/STM32CubeIDE_1.17.0/STM32CubeIDE/plugins/com.st.stm32cube.ide.mcu.externaltools.gnu-tools-for-stm32.13.3.rel1.win32_1.0.0.202411081344/tools/bin/../lib/gcc/arm-none-eabi/13.3.1/../../../../arm-none-eabi/lib/thumb/v7e-m+fp/hard\libc_nano.a(libc_a-findfp.o)
                0x200005fc                __stdio_exit_handler
 .bss.errno     0x20000600        0x4 D:/STM32CubeIDE_1.17.0/STM32CubeIDE/plugins/com.st.stm32cube.ide.mcu.externaltools.gnu-tools-for-stm32.13.3.rel1.win32_1.0.0.202411081344/tools/bin/../lib/gcc/arm-none-eabi/13.3.1/../../../../arm-none-eabi/lib/thumb/v7e-m+fp/hard\libc_nano.a(libc_a-reent.o)
                0x20000600                errno
 .bss.__lock___malloc_recursive_mutex
                0x20000604        0x1 D:/STM32CubeIDE_1.17.0/STM32CubeIDE/plugins/com.st.stm32cube.ide.mcu.externaltools.gnu-tools-for-stm32.13.3.rel1.win32_1.0.0.202411081344/tools/bin/../lib/gcc/arm-none-eabi/13.3.1/../../../../arm-none-eabi/lib/thumb/v7e-m+fp/hard\libc_nano.a(libc_a-lock.o)
                0x20000604                __lock___malloc_recursive_mutex
 .bss.__lock___sfp_recursive_mutex
                0x20000605        0x1 D:/STM32CubeIDE_1.17.0/STM32CubeIDE/plugins/com.st.stm32cube.ide.mcu.externaltools.gnu-tools-for-stm32.13.3.rel1.win32_1.0.0.202411081344/tools/bin/../lib/gcc/arm-none-eabi/13.3.1/../../../../arm-none-eabi/lib/thumb/v7e-m+fp/hard\libc_nano.a(libc_a-lock.o)
                0x20000605                __lock___sfp_recursive_mutex
 *fill*         0x20000606        0x2 
 .bss.__malloc_sbrk_start
                0x20000608        0x4 D:/STM32CubeIDE_1.17.0/STM32CubeIDE/plugins/com.st.stm32cube.ide.mcu.externaltools.gnu-tools-for-stm32.13.3.rel1.win32_1.0.0.202411081344/tools/bin/../lib/gcc/arm-none-eabi/13.3.1/../../../../arm-none-eabi/lib/thumb/v7e-m+fp/hard\libc_nano.a(libc_a-mallocr.o)
                0x20000608                __malloc_sbrk_start
 .bss.__malloc_free_list
                0x2000060c        0x4 D:/STM32CubeIDE_1.17.0/STM32CubeIDE/plugins/com.st.stm32cube.ide.mcu.externaltools.gnu-tools-for-stm32.13.3.rel1.win32_1.0.0.202411081344/tools/bin/../lib/gcc/arm-none-eabi/13.3.1/../../../../arm-none-eabi/lib/thumb/v7e-m+fp/hard\libc_nano.a(libc_a-mallocr.o)
                0x2000060c                __malloc_free_list
 *(COMMON)
                0x20000610                        . = ALIGN (0x4)
                0x20000610                        _ebss = .
                0x20000610                        __bss_end__ = _ebss

._user_heap_stack
                0x20000610      0x600 load address 0x080074bc
                0x20000610                        . = ALIGN (0x8)
                [!provide]                        PROVIDE (end = .)
                0x20000610                        PROVIDE (_end = .)
                0x20000810                        . = (. + _Min_Heap_Size)
 *fill*         0x20000610      0x200 
                0x20000c10                        . = (. + _Min_Stack_Size)
 *fill*         0x20000810      0x400 
                0x20000c10                        . = ALIGN (0x8)

/DISCARD/
 libc.a(*)
 libm.a(*)
 libgcc.a(*)

.ARM.attributes
                0x00000000       0x30
 *(.ARM.attributes)
 .ARM.attributes
                0x00000000       0x22 D:/STM32CubeIDE_1.17.0/STM32CubeIDE/plugins/com.st.stm32cube.ide.mcu.externaltools.gnu-tools-for-stm32.13.3.rel1.win32_1.0.0.202411081344/tools/bin/../lib/gcc/arm-none-eabi/13.3.1/thumb/v7e-m+fp/hard/crti.o
 .ARM.attributes
                0x00000022       0x34 D:/STM32CubeIDE_1.17.0/STM32CubeIDE/plugins/com.st.stm32cube.ide.mcu.externaltools.gnu-tools-for-stm32.13.3.rel1.win32_1.0.0.202411081344/tools/bin/../lib/gcc/arm-none-eabi/13.3.1/thumb/v7e-m+fp/hard/crtbegin.o
 .ARM.attributes
                0x00000056       0x34 ./Core/Src/gpio.o
 .ARM.attributes
                0x0000008a       0x34 ./Core/Src/main.o
 .ARM.attributes
                0x000000be       0x34 ./Core/Src/spi.o
 .ARM.attributes
                0x000000f2       0x34 ./Core/Src/stm32f4xx_hal_msp.o
 .ARM.attributes
                0x00000126       0x34 ./Core/Src/stm32f4xx_it.o
 .ARM.attributes
                0x0000015a       0x34 ./Core/Src/syscalls.o
 .ARM.attributes
                0x0000018e       0x34 ./Core/Src/sysmem.o
 .ARM.attributes
                0x000001c2       0x34 ./Core/Src/system_stm32f4xx.o
 .ARM.attributes
                0x000001f6       0x34 ./Core/Src/w5500/MQTTC/MQTTClient.o
 .ARM.attributes
                0x0000022a       0x34 ./Core/Src/w5500/MQTTC/MQTTConnectClient.o
 .ARM.attributes
                0x0000025e       0x34 ./Core/Src/w5500/MQTTC/MQTTDeserializePublish.o
 .ARM.attributes
                0x00000292       0x34 ./Core/Src/w5500/MQTTC/MQTTPacket.o
 .ARM.attributes
                0x000002c6       0x34 ./Core/Src/w5500/MQTTC/MQTTSerializePublish.o
 .ARM.attributes
                0x000002fa       0x34 ./Core/Src/w5500/MQTTC/MQTTSubscribeClient.o
 .ARM.attributes
                0x0000032e       0x34 ./Core/Src/w5500/MQTTC/mqtt_interface.o
 .ARM.attributes
                0x00000362       0x34 ./Core/Src/w5500/W5500/w5500.o
 .ARM.attributes
                0x00000396       0x34 ./Core/Src/w5500/socket.o
 .ARM.attributes
                0x000003ca       0x34 ./Core/Src/w5500/w5500_spi.o
 .ARM.attributes
                0x000003fe       0x34 ./Core/Src/w5500/wizchip_conf.o
 .ARM.attributes
                0x00000432       0x21 ./Core/Startup/startup_stm32f446retx.o
 .ARM.attributes
                0x00000453       0x34 ./Drivers/STM32F4xx_HAL_Driver/Src/stm32f4xx_hal.o
 .ARM.attributes
                0x00000487       0x34 ./Drivers/STM32F4xx_HAL_Driver/Src/stm32f4xx_hal_cortex.o
 .ARM.attributes
                0x000004bb       0x34 ./Drivers/STM32F4xx_HAL_Driver/Src/stm32f4xx_hal_gpio.o
 .ARM.attributes
                0x000004ef       0x34 ./Drivers/STM32F4xx_HAL_Driver/Src/stm32f4xx_hal_rcc.o
 .ARM.attributes
                0x00000523       0x34 ./Drivers/STM32F4xx_HAL_Driver/Src/stm32f4xx_hal_rcc_ex.o
 .ARM.attributes
                0x00000557       0x34 ./Drivers/STM32F4xx_HAL_Driver/Src/stm32f4xx_hal_spi.o
 .ARM.attributes
                0x0000058b       0x34 ./Drivers/STM32F4xx_HAL_Driver/Src/stm32f4xx_hal_uart.o
 .ARM.attributes
                0x000005bf       0x34 D:/STM32CubeIDE_1.17.0/STM32CubeIDE/plugins/com.st.stm32cube.ide.mcu.externaltools.gnu-tools-for-stm32.13.3.rel1.win32_1.0.0.202411081344/tools/bin/../lib/gcc/arm-none-eabi/13.3.1/../../../../arm-none-eabi/lib/thumb/v7e-m+fp/hard\libc_nano.a(libc_a-findfp.o)
 .ARM.attributes
                0x000005f3       0x34 D:/STM32CubeIDE_1.17.0/STM32CubeIDE/plugins/com.st.stm32cube.ide.mcu.externaltools.gnu-tools-for-stm32.13.3.rel1.win32_1.0.0.202411081344/tools/bin/../lib/gcc/arm-none-eabi/13.3.1/../../../../arm-none-eabi/lib/thumb/v7e-m+fp/hard\libc_nano.a(libc_a-fwalk.o)
 .ARM.attributes
                0x00000627       0x34 D:/STM32CubeIDE_1.17.0/STM32CubeIDE/plugins/com.st.stm32cube.ide.mcu.externaltools.gnu-tools-for-stm32.13.3.rel1.win32_1.0.0.202411081344/tools/bin/../lib/gcc/arm-none-eabi/13.3.1/../../../../arm-none-eabi/lib/thumb/v7e-m+fp/hard\libc_nano.a(libc_a-printf.o)
 .ARM.attributes
                0x0000065b       0x34 D:/STM32CubeIDE_1.17.0/STM32CubeIDE/plugins/com.st.stm32cube.ide.mcu.externaltools.gnu-tools-for-stm32.13.3.rel1.win32_1.0.0.202411081344/tools/bin/../lib/gcc/arm-none-eabi/13.3.1/../../../../arm-none-eabi/lib/thumb/v7e-m+fp/hard\libc_nano.a(libc_a-puts.o)
 .ARM.attributes
                0x0000068f       0x34 D:/STM32CubeIDE_1.17.0/STM32CubeIDE/plugins/com.st.stm32cube.ide.mcu.externaltools.gnu-tools-for-stm32.13.3.rel1.win32_1.0.0.202411081344/tools/bin/../lib/gcc/arm-none-eabi/13.3.1/../../../../arm-none-eabi/lib/thumb/v7e-m+fp/hard\libc_nano.a(libc_a-setbuf.o)
 .ARM.attributes
                0x000006c3       0x34 D:/STM32CubeIDE_1.17.0/STM32CubeIDE/plugins/com.st.stm32cube.ide.mcu.externaltools.gnu-tools-for-stm32.13.3.rel1.win32_1.0.0.202411081344/tools/bin/../lib/gcc/arm-none-eabi/13.3.1/../../../../arm-none-eabi/lib/thumb/v7e-m+fp/hard\libc_nano.a(libc_a-setvbuf.o)
 .ARM.attributes
                0x000006f7       0x34 D:/STM32CubeIDE_1.17.0/STM32CubeIDE/plugins/com.st.stm32cube.ide.mcu.externaltools.gnu-tools-for-stm32.13.3.rel1.win32_1.0.0.202411081344/tools/bin/../lib/gcc/arm-none-eabi/13.3.1/../../../../arm-none-eabi/lib/thumb/v7e-m+fp/hard\libc_nano.a(libc_a-stdio.o)
 .ARM.attributes
                0x0000072b       0x34 D:/STM32CubeIDE_1.17.0/STM32CubeIDE/plugins/com.st.stm32cube.ide.mcu.externaltools.gnu-tools-for-stm32.13.3.rel1.win32_1.0.0.202411081344/tools/bin/../lib/gcc/arm-none-eabi/13.3.1/../../../../arm-none-eabi/lib/thumb/v7e-m+fp/hard\libc_nano.a(libc_a-wbuf.o)
 .ARM.attributes
                0x0000075f       0x34 D:/STM32CubeIDE_1.17.0/STM32CubeIDE/plugins/com.st.stm32cube.ide.mcu.externaltools.gnu-tools-for-stm32.13.3.rel1.win32_1.0.0.202411081344/tools/bin/../lib/gcc/arm-none-eabi/13.3.1/../../../../arm-none-eabi/lib/thumb/v7e-m+fp/hard\libc_nano.a(libc_a-wsetup.o)
 .ARM.attributes
                0x00000793       0x34 D:/STM32CubeIDE_1.17.0/STM32CubeIDE/plugins/com.st.stm32cube.ide.mcu.externaltools.gnu-tools-for-stm32.13.3.rel1.win32_1.0.0.202411081344/tools/bin/../lib/gcc/arm-none-eabi/13.3.1/../../../../arm-none-eabi/lib/thumb/v7e-m+fp/hard\libc_nano.a(libc_a-memset.o)
 .ARM.attributes
                0x000007c7       0x34 D:/STM32CubeIDE_1.17.0/STM32CubeIDE/plugins/com.st.stm32cube.ide.mcu.externaltools.gnu-tools-for-stm32.13.3.rel1.win32_1.0.0.202411081344/tools/bin/../lib/gcc/arm-none-eabi/13.3.1/../../../../arm-none-eabi/lib/thumb/v7e-m+fp/hard\libc_nano.a(libc_a-strncmp.o)
 .ARM.attributes
                0x000007fb       0x34 D:/STM32CubeIDE_1.17.0/STM32CubeIDE/plugins/com.st.stm32cube.ide.mcu.externaltools.gnu-tools-for-stm32.13.3.rel1.win32_1.0.0.202411081344/tools/bin/../lib/gcc/arm-none-eabi/13.3.1/../../../../arm-none-eabi/lib/thumb/v7e-m+fp/hard\libc_nano.a(libc_a-closer.o)
 .ARM.attributes
                0x0000082f       0x34 D:/STM32CubeIDE_1.17.0/STM32CubeIDE/plugins/com.st.stm32cube.ide.mcu.externaltools.gnu-tools-for-stm32.13.3.rel1.win32_1.0.0.202411081344/tools/bin/../lib/gcc/arm-none-eabi/13.3.1/../../../../arm-none-eabi/lib/thumb/v7e-m+fp/hard\libc_nano.a(libc_a-reent.o)
 .ARM.attributes
                0x00000863       0x34 D:/STM32CubeIDE_1.17.0/STM32CubeIDE/plugins/com.st.stm32cube.ide.mcu.externaltools.gnu-tools-for-stm32.13.3.rel1.win32_1.0.0.202411081344/tools/bin/../lib/gcc/arm-none-eabi/13.3.1/../../../../arm-none-eabi/lib/thumb/v7e-m+fp/hard\libc_nano.a(libc_a-impure.o)
 .ARM.attributes
                0x00000897       0x34 D:/STM32CubeIDE_1.17.0/STM32CubeIDE/plugins/com.st.stm32cube.ide.mcu.externaltools.gnu-tools-for-stm32.13.3.rel1.win32_1.0.0.202411081344/tools/bin/../lib/gcc/arm-none-eabi/13.3.1/../../../../arm-none-eabi/lib/thumb/v7e-m+fp/hard\libc_nano.a(libc_a-lseekr.o)
 .ARM.attributes
                0x000008cb       0x34 D:/STM32CubeIDE_1.17.0/STM32CubeIDE/plugins/com.st.stm32cube.ide.mcu.externaltools.gnu-tools-for-stm32.13.3.rel1.win32_1.0.0.202411081344/tools/bin/../lib/gcc/arm-none-eabi/13.3.1/../../../../arm-none-eabi/lib/thumb/v7e-m+fp/hard\libc_nano.a(libc_a-readr.o)
 .ARM.attributes
                0x000008ff       0x34 D:/STM32CubeIDE_1.17.0/STM32CubeIDE/plugins/com.st.stm32cube.ide.mcu.externaltools.gnu-tools-for-stm32.13.3.rel1.win32_1.0.0.202411081344/tools/bin/../lib/gcc/arm-none-eabi/13.3.1/../../../../arm-none-eabi/lib/thumb/v7e-m+fp/hard\libc_nano.a(libc_a-writer.o)
 .ARM.attributes
                0x00000933       0x34 D:/STM32CubeIDE_1.17.0/STM32CubeIDE/plugins/com.st.stm32cube.ide.mcu.externaltools.gnu-tools-for-stm32.13.3.rel1.win32_1.0.0.202411081344/tools/bin/../lib/gcc/arm-none-eabi/13.3.1/../../../../arm-none-eabi/lib/thumb/v7e-m+fp/hard\libc_nano.a(libc_a-errno.o)
 .ARM.attributes
                0x00000967       0x34 D:/STM32CubeIDE_1.17.0/STM32CubeIDE/plugins/com.st.stm32cube.ide.mcu.externaltools.gnu-tools-for-stm32.13.3.rel1.win32_1.0.0.202411081344/tools/bin/../lib/gcc/arm-none-eabi/13.3.1/../../../../arm-none-eabi/lib/thumb/v7e-m+fp/hard\libc_nano.a(libc_a-init.o)
 .ARM.attributes
                0x0000099b       0x34 D:/STM32CubeIDE_1.17.0/STM32CubeIDE/plugins/com.st.stm32cube.ide.mcu.externaltools.gnu-tools-for-stm32.13.3.rel1.win32_1.0.0.202411081344/tools/bin/../lib/gcc/arm-none-eabi/13.3.1/../../../../arm-none-eabi/lib/thumb/v7e-m+fp/hard\libc_nano.a(libc_a-lock.o)
 .ARM.attributes
                0x000009cf       0x34 D:/STM32CubeIDE_1.17.0/STM32CubeIDE/plugins/com.st.stm32cube.ide.mcu.externaltools.gnu-tools-for-stm32.13.3.rel1.win32_1.0.0.202411081344/tools/bin/../lib/gcc/arm-none-eabi/13.3.1/../../../../arm-none-eabi/lib/thumb/v7e-m+fp/hard\libc_nano.a(libc_a-memcpy-stub.o)
 .ARM.attributes
                0x00000a03       0x17 D:/STM32CubeIDE_1.17.0/STM32CubeIDE/plugins/com.st.stm32cube.ide.mcu.externaltools.gnu-tools-for-stm32.13.3.rel1.win32_1.0.0.202411081344/tools/bin/../lib/gcc/arm-none-eabi/13.3.1/../../../../arm-none-eabi/lib/thumb/v7e-m+fp/hard\libc_nano.a(libc_a-strlen.o)
 .ARM.attributes
                0x00000a1a       0x34 D:/STM32CubeIDE_1.17.0/STM32CubeIDE/plugins/com.st.stm32cube.ide.mcu.externaltools.gnu-tools-for-stm32.13.3.rel1.win32_1.0.0.202411081344/tools/bin/../lib/gcc/arm-none-eabi/13.3.1/../../../../arm-none-eabi/lib/thumb/v7e-m+fp/hard\libc_nano.a(libc_a-freer.o)
 .ARM.attributes
                0x00000a4e       0x34 D:/STM32CubeIDE_1.17.0/STM32CubeIDE/plugins/com.st.stm32cube.ide.mcu.externaltools.gnu-tools-for-stm32.13.3.rel1.win32_1.0.0.202411081344/tools/bin/../lib/gcc/arm-none-eabi/13.3.1/../../../../arm-none-eabi/lib/thumb/v7e-m+fp/hard\libc_nano.a(libc_a-malloc.o)
 .ARM.attributes
                0x00000a82       0x34 D:/STM32CubeIDE_1.17.0/STM32CubeIDE/plugins/com.st.stm32cube.ide.mcu.externaltools.gnu-tools-for-stm32.13.3.rel1.win32_1.0.0.202411081344/tools/bin/../lib/gcc/arm-none-eabi/13.3.1/../../../../arm-none-eabi/lib/thumb/v7e-m+fp/hard\libc_nano.a(libc_a-mallocr.o)
 .ARM.attributes
                0x00000ab6       0x34 D:/STM32CubeIDE_1.17.0/STM32CubeIDE/plugins/com.st.stm32cube.ide.mcu.externaltools.gnu-tools-for-stm32.13.3.rel1.win32_1.0.0.202411081344/tools/bin/../lib/gcc/arm-none-eabi/13.3.1/../../../../arm-none-eabi/lib/thumb/v7e-m+fp/hard\libc_nano.a(libc_a-mlock.o)
 .ARM.attributes
                0x00000aea       0x34 D:/STM32CubeIDE_1.17.0/STM32CubeIDE/plugins/com.st.stm32cube.ide.mcu.externaltools.gnu-tools-for-stm32.13.3.rel1.win32_1.0.0.202411081344/tools/bin/../lib/gcc/arm-none-eabi/13.3.1/../../../../arm-none-eabi/lib/thumb/v7e-m+fp/hard\libc_nano.a(libc_a-nano-vfprintf.o)
 .ARM.attributes
                0x00000b1e       0x34 D:/STM32CubeIDE_1.17.0/STM32CubeIDE/plugins/com.st.stm32cube.ide.mcu.externaltools.gnu-tools-for-stm32.13.3.rel1.win32_1.0.0.202411081344/tools/bin/../lib/gcc/arm-none-eabi/13.3.1/../../../../arm-none-eabi/lib/thumb/v7e-m+fp/hard\libc_nano.a(libc_a-nano-vfprintf_i.o)
 .ARM.attributes
                0x00000b52       0x34 D:/STM32CubeIDE_1.17.0/STM32CubeIDE/plugins/com.st.stm32cube.ide.mcu.externaltools.gnu-tools-for-stm32.13.3.rel1.win32_1.0.0.202411081344/tools/bin/../lib/gcc/arm-none-eabi/13.3.1/../../../../arm-none-eabi/lib/thumb/v7e-m+fp/hard\libc_nano.a(libc_a-fflush.o)
 .ARM.attributes
                0x00000b86       0x34 D:/STM32CubeIDE_1.17.0/STM32CubeIDE/plugins/com.st.stm32cube.ide.mcu.externaltools.gnu-tools-for-stm32.13.3.rel1.win32_1.0.0.202411081344/tools/bin/../lib/gcc/arm-none-eabi/13.3.1/../../../../arm-none-eabi/lib/thumb/v7e-m+fp/hard\libc_nano.a(libc_a-makebuf.o)
 .ARM.attributes
                0x00000bba       0x34 D:/STM32CubeIDE_1.17.0/STM32CubeIDE/plugins/com.st.stm32cube.ide.mcu.externaltools.gnu-tools-for-stm32.13.3.rel1.win32_1.0.0.202411081344/tools/bin/../lib/gcc/arm-none-eabi/13.3.1/../../../../arm-none-eabi/lib/thumb/v7e-m+fp/hard\libc_nano.a(libc_a-fstatr.o)
 .ARM.attributes
                0x00000bee       0x34 D:/STM32CubeIDE_1.17.0/STM32CubeIDE/plugins/com.st.stm32cube.ide.mcu.externaltools.gnu-tools-for-stm32.13.3.rel1.win32_1.0.0.202411081344/tools/bin/../lib/gcc/arm-none-eabi/13.3.1/../../../../arm-none-eabi/lib/thumb/v7e-m+fp/hard\libc_nano.a(libc_a-isattyr.o)
 .ARM.attributes
                0x00000c22       0x34 D:/STM32CubeIDE_1.17.0/STM32CubeIDE/plugins/com.st.stm32cube.ide.mcu.externaltools.gnu-tools-for-stm32.13.3.rel1.win32_1.0.0.202411081344/tools/bin/../lib/gcc/arm-none-eabi/13.3.1/../../../../arm-none-eabi/lib/thumb/v7e-m+fp/hard\libc_nano.a(libc_a-sbrkr.o)
 .ARM.attributes
                0x00000c56       0x1c D:/STM32CubeIDE_1.17.0/STM32CubeIDE/plugins/com.st.stm32cube.ide.mcu.externaltools.gnu-tools-for-stm32.13.3.rel1.win32_1.0.0.202411081344/tools/bin/../lib/gcc/arm-none-eabi/13.3.1/../../../../arm-none-eabi/lib/thumb/v7e-m+fp/hard\libc_nano.a(libc_a-memchr.o)
 .ARM.attributes
                0x00000c72       0x22 D:/STM32CubeIDE_1.17.0/STM32CubeIDE/plugins/com.st.stm32cube.ide.mcu.externaltools.gnu-tools-for-stm32.13.3.rel1.win32_1.0.0.202411081344/tools/bin/../lib/gcc/arm-none-eabi/13.3.1/thumb/v7e-m+fp/hard\libgcc.a(_aeabi_uldivmod.o)
 .ARM.attributes
                0x00000c94       0x34 D:/STM32CubeIDE_1.17.0/STM32CubeIDE/plugins/com.st.stm32cube.ide.mcu.externaltools.gnu-tools-for-stm32.13.3.rel1.win32_1.0.0.202411081344/tools/bin/../lib/gcc/arm-none-eabi/13.3.1/thumb/v7e-m+fp/hard\libgcc.a(_udivmoddi4.o)
 .ARM.attributes
                0x00000cc8       0x22 D:/STM32CubeIDE_1.17.0/STM32CubeIDE/plugins/com.st.stm32cube.ide.mcu.externaltools.gnu-tools-for-stm32.13.3.rel1.win32_1.0.0.202411081344/tools/bin/../lib/gcc/arm-none-eabi/13.3.1/thumb/v7e-m+fp/hard\libgcc.a(_dvmd_tls.o)
 .ARM.attributes
                0x00000cea       0x22 D:/STM32CubeIDE_1.17.0/STM32CubeIDE/plugins/com.st.stm32cube.ide.mcu.externaltools.gnu-tools-for-stm32.13.3.rel1.win32_1.0.0.202411081344/tools/bin/../lib/gcc/arm-none-eabi/13.3.1/thumb/v7e-m+fp/hard/crtn.o
OUTPUT(w5500.elf elf32-littlearm)
LOAD linker stubs
LOAD D:/STM32CubeIDE_1.17.0/STM32CubeIDE/plugins/com.st.stm32cube.ide.mcu.externaltools.gnu-tools-for-stm32.13.3.rel1.win32_1.0.0.202411081344/tools/bin/../lib/gcc/arm-none-eabi/13.3.1/../../../../arm-none-eabi/lib/thumb/v7e-m+fp/hard\libc.a
LOAD D:/STM32CubeIDE_1.17.0/STM32CubeIDE/plugins/com.st.stm32cube.ide.mcu.externaltools.gnu-tools-for-stm32.13.3.rel1.win32_1.0.0.202411081344/tools/bin/../lib/gcc/arm-none-eabi/13.3.1/../../../../arm-none-eabi/lib/thumb/v7e-m+fp/hard\libm.a
LOAD D:/STM32CubeIDE_1.17.0/STM32CubeIDE/plugins/com.st.stm32cube.ide.mcu.externaltools.gnu-tools-for-stm32.13.3.rel1.win32_1.0.0.202411081344/tools/bin/../lib/gcc/arm-none-eabi/13.3.1/thumb/v7e-m+fp/hard\libgcc.a

.debug_info     0x00000000    0x10f57
 .debug_info    0x00000000      0x439 ./Core/Src/gpio.o
 .debug_info    0x00000439     0x1d52 ./Core/Src/main.o
 .debug_info    0x0000218b      0x999 ./Core/Src/spi.o
 .debug_info    0x00002b24      0x2ac ./Core/Src/stm32f4xx_hal_msp.o
 .debug_info    0x00002dd0      0x112 ./Core/Src/stm32f4xx_it.o
 .debug_info    0x00002ee2      0x6a3 ./Core/Src/syscalls.o
 .debug_info    0x00003585      0x168 ./Core/Src/sysmem.o
 .debug_info    0x000036ed      0x54a ./Core/Src/system_stm32f4xx.o
 .debug_info    0x00003c37     0x1171 ./Core/Src/w5500/MQTTC/MQTTClient.o
 .debug_info    0x00004da8      0x6d5 ./Core/Src/w5500/MQTTC/MQTTConnectClient.o
 .debug_info    0x0000547d      0x3b3 ./Core/Src/w5500/MQTTC/MQTTDeserializePublish.o
 .debug_info    0x00005830      0x7dc ./Core/Src/w5500/MQTTC/MQTTPacket.o
 .debug_info    0x0000600c      0x51e ./Core/Src/w5500/MQTTC/MQTTSerializePublish.o
 .debug_info    0x0000652a      0x475 ./Core/Src/w5500/MQTTC/MQTTSubscribeClient.o
 .debug_info    0x0000699f      0x4cf ./Core/Src/w5500/MQTTC/mqtt_interface.o
 .debug_info    0x00006e6e      0x5e8 ./Core/Src/w5500/W5500/w5500.o
 .debug_info    0x00007456      0xa0e ./Core/Src/w5500/socket.o
 .debug_info    0x00007e64      0xc5a ./Core/Src/w5500/w5500_spi.o
 .debug_info    0x00008abe      0xf47 ./Core/Src/w5500/wizchip_conf.o
 .debug_info    0x00009a05       0x30 ./Core/Startup/startup_stm32f446retx.o
 .debug_info    0x00009a35      0x99a ./Drivers/STM32F4xx_HAL_Driver/Src/stm32f4xx_hal.o
 .debug_info    0x0000a3cf      0xdaa ./Drivers/STM32F4xx_HAL_Driver/Src/stm32f4xx_hal_cortex.o
 .debug_info    0x0000b179      0x70b ./Drivers/STM32F4xx_HAL_Driver/Src/stm32f4xx_hal_gpio.o
 .debug_info    0x0000b884      0x8ff ./Drivers/STM32F4xx_HAL_Driver/Src/stm32f4xx_hal_rcc.o
 .debug_info    0x0000c183      0x960 ./Drivers/STM32F4xx_HAL_Driver/Src/stm32f4xx_hal_rcc_ex.o
 .debug_info    0x0000cae3     0x1525 ./Drivers/STM32F4xx_HAL_Driver/Src/stm32f4xx_hal_spi.o
 .debug_info    0x0000e008     0x2f4f ./Drivers/STM32F4xx_HAL_Driver/Src/stm32f4xx_hal_uart.o

.debug_abbrev   0x00000000     0x35bd
 .debug_abbrev  0x00000000      0x152 ./Core/Src/gpio.o
 .debug_abbrev  0x00000152      0x421 ./Core/Src/main.o
 .debug_abbrev  0x00000573      0x1fa ./Core/Src/spi.o
 .debug_abbrev  0x0000076d       0xf4 ./Core/Src/stm32f4xx_hal_msp.o
 .debug_abbrev  0x00000861       0x73 ./Core/Src/stm32f4xx_it.o
 .debug_abbrev  0x000008d4      0x1b6 ./Core/Src/syscalls.o
 .debug_abbrev  0x00000a8a       0xbc ./Core/Src/sysmem.o
 .debug_abbrev  0x00000b46      0x11a ./Core/Src/system_stm32f4xx.o
 .debug_abbrev  0x00000c60      0x311 ./Core/Src/w5500/MQTTC/MQTTClient.o
 .debug_abbrev  0x00000f71      0x1dc ./Core/Src/w5500/MQTTC/MQTTConnectClient.o
 .debug_abbrev  0x0000114d      0x192 ./Core/Src/w5500/MQTTC/MQTTDeserializePublish.o
 .debug_abbrev  0x000012df      0x2b2 ./Core/Src/w5500/MQTTC/MQTTPacket.o
 .debug_abbrev  0x00001591      0x1bf ./Core/Src/w5500/MQTTC/MQTTSerializePublish.o
 .debug_abbrev  0x00001750      0x1b6 ./Core/Src/w5500/MQTTC/MQTTSubscribeClient.o
 .debug_abbrev  0x00001906      0x173 ./Core/Src/w5500/MQTTC/mqtt_interface.o
 .debug_abbrev  0x00001a79      0x20b ./Core/Src/w5500/W5500/w5500.o
 .debug_abbrev  0x00001c84      0x1c5 ./Core/Src/w5500/socket.o
 .debug_abbrev  0x00001e49      0x2dc ./Core/Src/w5500/w5500_spi.o
 .debug_abbrev  0x00002125      0x31f ./Core/Src/w5500/wizchip_conf.o
 .debug_abbrev  0x00002444       0x24 ./Core/Startup/startup_stm32f446retx.o
 .debug_abbrev  0x00002468      0x214 ./Drivers/STM32F4xx_HAL_Driver/Src/stm32f4xx_hal.o
 .debug_abbrev  0x0000267c      0x31d ./Drivers/STM32F4xx_HAL_Driver/Src/stm32f4xx_hal_cortex.o
 .debug_abbrev  0x00002999      0x1d4 ./Drivers/STM32F4xx_HAL_Driver/Src/stm32f4xx_hal_gpio.o
 .debug_abbrev  0x00002b6d      0x2b7 ./Drivers/STM32F4xx_HAL_Driver/Src/stm32f4xx_hal_rcc.o
 .debug_abbrev  0x00002e24      0x211 ./Drivers/STM32F4xx_HAL_Driver/Src/stm32f4xx_hal_rcc_ex.o
 .debug_abbrev  0x00003035      0x27a ./Drivers/STM32F4xx_HAL_Driver/Src/stm32f4xx_hal_spi.o
 .debug_abbrev  0x000032af      0x30e ./Drivers/STM32F4xx_HAL_Driver/Src/stm32f4xx_hal_uart.o

.debug_aranges  0x00000000      0xf38
 .debug_aranges
                0x00000000       0x20 ./Core/Src/gpio.o
 .debug_aranges
                0x00000020       0x78 ./Core/Src/main.o
 .debug_aranges
                0x00000098       0x30 ./Core/Src/spi.o
 .debug_aranges
                0x000000c8       0x20 ./Core/Src/stm32f4xx_hal_msp.o
 .debug_aranges
                0x000000e8       0x60 ./Core/Src/stm32f4xx_it.o
 .debug_aranges
                0x00000148       0xa8 ./Core/Src/syscalls.o
 .debug_aranges
                0x000001f0       0x20 ./Core/Src/sysmem.o
 .debug_aranges
                0x00000210       0x28 ./Core/Src/system_stm32f4xx.o
 .debug_aranges
                0x00000238       0xa8 ./Core/Src/w5500/MQTTC/MQTTClient.o
 .debug_aranges
                0x000002e0       0x48 ./Core/Src/w5500/MQTTC/MQTTConnectClient.o
 .debug_aranges
                0x00000328       0x28 ./Core/Src/w5500/MQTTC/MQTTDeserializePublish.o
 .debug_aranges
                0x00000350       0xa8 ./Core/Src/w5500/MQTTC/MQTTPacket.o
 .debug_aranges
                0x000003f8       0x48 ./Core/Src/w5500/MQTTC/MQTTSerializePublish.o
 .debug_aranges
                0x00000440       0x30 ./Core/Src/w5500/MQTTC/MQTTSubscribeClient.o
 .debug_aranges
                0x00000470       0x70 ./Core/Src/w5500/MQTTC/mqtt_interface.o
 .debug_aranges
                0x000004e0       0x60 ./Core/Src/w5500/W5500/w5500.o
 .debug_aranges
                0x00000540       0xa8 ./Core/Src/w5500/socket.o
 .debug_aranges
                0x000005e8       0x70 ./Core/Src/w5500/w5500_spi.o
 .debug_aranges
                0x00000658      0x168 ./Core/Src/w5500/wizchip_conf.o
 .debug_aranges
                0x000007c0       0x28 ./Core/Startup/startup_stm32f446retx.o
 .debug_aranges
                0x000007e8       0xf0 ./Drivers/STM32F4xx_HAL_Driver/Src/stm32f4xx_hal.o
 .debug_aranges
                0x000008d8      0x130 ./Drivers/STM32F4xx_HAL_Driver/Src/stm32f4xx_hal_cortex.o
 .debug_aranges