../Core/Src/main.c:107:5:main	32	static
../Core/Src/main.c:229:6:SystemClock_Config	88	static
../Core/Src/main.c:272:6:OnTopicTemperature	16	static
../Core/Src/main.c:277:6:OnTopicHumidity	16	static
../Core/Src/main.c:282:6:UWriteData	16	static
../Core/Src/main.c:290:5:__io_putchar	16	static
../Core/Src/main.c:296:6:PHYStatusCheck	16	static
../Core/Src/main.c:316:6:PrintPHYConf	16	static
../Core/Src/main.c:359:13:PrintBrokerIP	16	static
../Core/Src/main.c:364:13:MX_SPI1_Init	8	static
../Core/Src/main.c:399:6:MX_USART2_UART_Init	8	static
../Core/Src/main.c:432:6:Error_Handler	4	static,ignoring_inline_asm
